Archive member included to satisfy reference by file (symbol)

C:/devkitPro/libctru/lib\libctru.a(console.o)
                              main.o (consoleInit)
C:/devkitPro/libctru/lib\libctru.a(gfx.o)
                              C:/devkitPro/libctru/lib\libctru.a(console.o) (gfxIsWide)
C:/devkitPro/libctru/lib\libctru.a(os.o)
                              nano_3DS.o (osGetTime)
C:/devkitPro/libctru/lib\libctru.a(apt.o)
                              main.o (aptMainLoop)
C:/devkitPro/libctru/lib\libctru.a(gspgpu.o)
                              C:/devkitPro/libctru/lib\libctru.a(gfx.o) (gspInit)
C:/devkitPro/libctru/lib\libctru.a(hid.o)
                              main.o (hidScanInput)
C:/devkitPro/libctru/lib\libctru.a(irrst.o)
                              C:/devkitPro/libctru/lib\libctru.a(hid.o) (irrstInit)
C:/devkitPro/libctru/lib\libctru.a(ptmsysm.o)
                              C:/devkitPro/libctru/lib\libctru.a(os.o) (ptmSysmInit)
C:/devkitPro/libctru/lib\libctru.a(ctru_init.o)
                              C:/devkitPro/libctru/lib\libctru.a(apt.o) (__system_retAddr)
C:/devkitPro/libctru/lib\libctru.a(initArgv.o)
                              C:/devkitPro/libctru/lib\libctru.a(ctru_init.o) (__system_initArgv)
C:/devkitPro/libctru/lib\libctru.a(syscalls.o)
                              C:/devkitPro/libctru/lib\libctru.a(ctru_init.o) (__system_initSyscalls)
C:/devkitPro/libctru/lib\libctru.a(svc.o)
                              nano_3DS.o (svcSleepThread)
C:/devkitPro/libctru/lib\libctru.a(stack_adjust.o)
                              C:/devkitPro/devkitARM/bin/../lib/gcc/arm-none-eabi/15.2.0/../../../../arm-none-eabi/lib/armv6k/fpu/3dsx_crt0.o (initSystem)
C:/devkitPro/libctru/lib\libctru.a(default_font.bin.o)
                              C:/devkitPro/libctru/lib\libctru.a(console.o) (default_font_bin)
C:/devkitPro/libctru/lib\libctru.a(linear.o)
                              C:/devkitPro/libctru/lib\libctru.a(gfx.o) (linearAlloc)
C:/devkitPro/libctru/lib\libctru.a(mem_pool.o)
                              C:/devkitPro/libctru/lib\libctru.a(linear.o) (_ZN7MemPool8AllocateER8MemChunkmi)
C:/devkitPro/libctru/lib\libctru.a(vram.o)
                              C:/devkitPro/libctru/lib\libctru.a(gfx.o) (vramAlloc)
C:/devkitPro/libctru/lib\libctru.a(3dslink.o)
                              C:/devkitPro/libctru/lib\libctru.a(initArgv.o) (__3dslink_host)
C:/devkitPro/libctru/lib\libctru.a(env.o)
                              C:/devkitPro/libctru/lib\libctru.a(irrst.o) (envGetHandle)
C:/devkitPro/libctru/lib\libctru.a(srv.o)
                              C:/devkitPro/libctru/lib\libctru.a(apt.o) (srvInit)
C:/devkitPro/libctru/lib\libctru.a(synchronization.o)
                              C:/devkitPro/libctru/lib\libctru.a(ctru_init.o) (__sync_init)
C:/devkitPro/libctru/lib\libctru.a(thread.o)
                              C:/devkitPro/libctru/lib\libctru.a(apt.o) (threadCreate)
C:/devkitPro/libctru/lib\libctru.a(mappable.o)
                              C:/devkitPro/libctru/lib\libctru.a(apt.o) (mappableAlloc)
C:/devkitPro/libctru/lib\libctru.a(srvpm.o)
                              C:/devkitPro/libctru/lib\libctru.a(srv.o) (srvPmGetSessionHandle)
C:/devkitPro/libctru/lib\libctru.a(soc_connect.o)
                              C:/devkitPro/libctru/lib\libctru.a(3dslink.o) (connect)
C:/devkitPro/libctru/lib\libctru.a(soc_socket.o)
                              C:/devkitPro/libctru/lib\libctru.a(3dslink.o) (socket)
C:/devkitPro/libctru/lib\libctru.a(rbtree_find.o)
                              C:/devkitPro/libctru/lib\libctru.a(linear.o) (rbtree_find)
C:/devkitPro/libctru/lib\libctru.a(rbtree_init.o)
                              C:/devkitPro/libctru/lib\libctru.a(linear.o) (rbtree_init)
C:/devkitPro/libctru/lib\libctru.a(rbtree_insert.o)
                              C:/devkitPro/libctru/lib\libctru.a(linear.o) (rbtree_insert)
C:/devkitPro/libctru/lib\libctru.a(rbtree_remove.o)
                              C:/devkitPro/libctru/lib\libctru.a(linear.o) (rbtree_remove)
C:/devkitPro/libctru/lib\libctru.a(rbtree_rotate.o)
                              C:/devkitPro/libctru/lib\libctru.a(rbtree_insert.o) (rbtree_rotate)
C:/devkitPro/libctru/lib\libctru.a(allocateHeaps.o)
                              C:/devkitPro/libctru/lib\libctru.a(ctru_init.o) (__system_allocateHeaps)
C:/devkitPro/libctru/lib\libctru.a(appExit.o)
                              C:/devkitPro/libctru/lib\libctru.a(stack_adjust.o) (__appExit)
C:/devkitPro/libctru/lib\libctru.a(appInit.o)
                              C:/devkitPro/libctru/lib\libctru.a(stack_adjust.o) (__appInit)
C:/devkitPro/libctru/lib\libctru.a(ctru_exit.o)
                              C:/devkitPro/libctru/lib\libctru.a(stack_adjust.o) (__libctru_exit)
C:/devkitPro/libctru/lib\libctru.a(archive_dev.o)
                              C:/devkitPro/libctru/lib\libctru.a(appInit.o) (archiveMountSdmc)
[...]
Memory Configuration

Name             Origin             Length             Attributes
*default*        0x00000000         0xffffffff

Linker script and memory map

                0x00000000                        __sync_synchronize = __sync_synchronize_dmb
                0x00100000                        PROVIDE (__start__ = 0x100000)
                0x00100000                        . = __start__

.text           0x00100000    0x2d96c
 *(.crt0)
 .crt0          0x00100000       0x94 C:/devkitPro/devkitARM/bin/../lib/gcc/arm-none-eabi/15.2.0/../../../../arm-none-eabi/lib/armv6k/fpu/3dsx_crt0.o
                0x00100000                _start
                0x00100008                __service_ptr
                0x0010000c                __apt_appid
                0x00100010                __heap_size
                0x00100014                __linear_heap_size
                0x00100018                __system_arglist
                0x0010001c                __system_runflags
 *(.init)
 .init          0x00100094        0xc C:/devkitPro/devkitARM/bin/../lib/gcc/arm-none-eabi/15.2.0/armv6k/fpu/crti.o
                0x00100094                _init
 .init          0x001000a0        0xc C:/devkitPro/devkitARM/bin/../lib/gcc/arm-none-eabi/15.2.0/armv6k/fpu/crtn.o
                0x001000ac                        . = ALIGN (0x4)
 *(.text)
 .text          0x001000ac      0x20c C:/devkitPro/devkitARM/bin/../lib/gcc/arm-none-eabi/15.2.0/armv6k/fpu\libgcc.a(_udivsi3.o)
                0x001000ac                __aeabi_uidiv
                0x001000ac                __udivsi3
                0x00100298                __aeabi_uidivmod
 .text          0x001002b8      0x240 C:/devkitPro/devkitARM/bin/../lib/gcc/arm-none-eabi/15.2.0/armv6k/fpu\libgcc.a(_divsi3.o)
                0x001002b8                __divsi3
                0x001002b8                __aeabi_idiv
                0x001004d8                __aeabi_idivmod
 .text          0x001004f8        0x4 C:/devkitPro/devkitARM/bin/../lib/gcc/arm-none-eabi/15.2.0/armv6k/fpu\libgcc.a(_dvmd_tls.o)
                0x001004f8                __aeabi_idiv0
                0x001004f8                __aeabi_ldiv0
 .text          0x001004fc      0x3c0 C:/devkitPro/devkitARM/bin/../lib/gcc/arm-none-eabi/15.2.0/armv6k/fpu\libgcc.a(_arm_addsubdf3.o)
                0x001004fc                __aeabi_drsub
                0x00100504                __aeabi_dsub
                0x00100504                __subdf3
                0x00100508                __aeabi_dadd
                0x00100508                __adddf3
                0x001007b4                __floatunsidf
                0x001007b4                __aeabi_ui2d
                0x001007d8                __floatsidf
                0x001007d8                __aeabi_i2d
                0x00100800                __aeabi_f2d
                0x00100800                __extendsfdf2
                0x00100848                __floatundidf
                0x00100848                __aeabi_ul2d
                0x0010085c                __floatdidf
                0x0010085c                __aeabi_l2d
 .text          0x001008bc       0xd4 C:/devkitPro/devkitARM/bin/../lib/gcc/arm-none-eabi/15.2.0/armv6k/fpu\libgcc.a(_aeabi_ldivmod.o)
                0x001008bc                __aeabi_ldivmod
 .text          0x00100990       0x3c C:/devkitPro/devkitARM/bin/../lib/gcc/arm-none-eabi/15.2.0/armv6k/fpu\libgcc.a(_aeabi_uldivmod.o)
                0x00100990                __aeabi_uldivmod
 *fill*         0x001009cc       0x14 
 .text          0x001009e0      0x390 C:/devkitPro/devkitARM/bin/../lib/gcc/arm-none-eabi/15.2.0/../../../../arm-none-eabi/lib/armv6k/fpu\libg.a(libc_a-strcmp.o)
                0x001009e8                strcmp
 *(.text.*)
 .text.__do_global_dtors_aux
                0x00100d70       0x50 C:/devkitPro/devkitARM/bin/../lib/gcc/arm-none-eabi/15.2.0/armv6k/fpu/crtbegin.o
 .text.frame_dummy
                0x00100dc0       0x2c C:/devkitPro/devkitARM/bin/../lib/gcc/arm-none-eabi/15.2.0/armv6k/fpu/crtbegin.o
 .text.startup.main
                0x00100dec      0x384 main.o
                0x00100dec                main
 .text.platform_get_ticks
                0x00101170        0x4 nano_3DS.o
                0x00101170                platform_get_ticks
 .text.nanoCLR_Cleanup
                0x00101174        0x4 nano_3DS.o
                0x00101174                nanoCLR_Cleanup
 .text.HAL_Time_CurrentTime
                0x00101178       0x40 nano_3DS.o
                0x00101178                HAL_Time_CurrentTime
 .text.HAL_Time_SysTicksToTime
                0x001011b8        0x4 nano_3DS.o
                0x001011b8                HAL_Time_SysTicksToTime
 .text.Watchdog_Reset
                0x001011bc        0x4 nano_3DS.o
                0x001011bc                Watchdog_Reset
 .text.RtosYield
                0x001011c0        0x4 nano_3DS.o
                0x001011c0                RtosYield
 .text._ZN9CLR_Debug6PrintfEPKcz
                0x001011c4       0x2c nano_3DS.o
                0x001011c4                _ZN9CLR_Debug6PrintfEPKcz
 .text._ZN15CLR_HW_Hardware14CreateInstanceEv
                0x001011f0        0x8 nano_3DS.o
                0x001011f0                _ZN15CLR_HW_Hardware14CreateInstanceEv
 .text._ZN15CLR_HW_Hardware12PrepareForGCEv
                0x001011f8        0x4 nano_3DS.o
                0x001011f8                _ZN15CLR_HW_Hardware12PrepareForGCEv
 .text._ZN15CLR_HW_Hardware15ProcessActivityEv
                0x001011fc        0x4 nano_3DS.o
                0x001011fc                _ZN15CLR_HW_Hardware15ProcessActivityEv
 .text._ZN13CLR_Messaging14CreateInstanceEv
                0x00101200        0x8 nano_3DS.o
                0x00101200                _ZN13CLR_Messaging14CreateInstanceEv
 .text._ZN16CLR_DBG_Debugger14CreateInstanceEv
                0x00101208        0x8 nano_3DS.o
                0x00101208                _ZN16CLR_DBG_Debugger14CreateInstanceEv
 .text._ZN25CLR_RT_HeapBlock_EndPoint24HandlerMethod_InitializeEv
                0x00101210        0x4 nano_3DS.o
                0x00101210                _ZN25CLR_RT_HeapBlock_EndPoint24HandlerMethod_InitializeEv
 .text._ZN38CLR_RT_HeapBlock_NativeEventDispatcher24HandlerMethod_InitializeEv
                0x00101214        0x4 nano_3DS.o
                0x00101214                _ZN38CLR_RT_HeapBlock_NativeEventDispatcher24HandlerMethod_InitializeEv
 .text._ZN25CLR_RT_HeapBlock_EndPoint27HandlerMethod_RecoverFromGCEv
                0x00101218        0x4 nano_3DS.o
                0x00101218                _ZN25CLR_RT_HeapBlock_EndPoint27HandlerMethod_RecoverFromGCEv
 .text._ZN38CLR_RT_HeapBlock_NativeEventDispatcher27HandlerMethod_RecoverFromGCEv
                0x0010121c        0x4 nano_3DS.o
                0x0010121c                _ZN38CLR_RT_HeapBlock_NativeEventDispatcher27HandlerMethod_RecoverFromGCEv
 .text._ZN30CLR_RT_HeapBlock_WeakReference8RelocateEv
                0x00101220        0x4 nano_3DS.o
                0x00101220                _ZN30CLR_RT_HeapBlock_WeakReference8RelocateEv
 .text._ZN30CLR_RT_HeapBlock_WeakReference14RecoverObjectsER20CLR_RT_DblLinkedList
                0x00101224        0x4 nano_3DS.o
                0x00101224                _ZN30CLR_RT_HeapBlock_WeakReference14RecoverObjectsER20CLR_RT_DblLinkedList
 .text._ZN11CLR_RT_DUMP6METHODERK22CLR_RT_MethodDef_Index
                0x00101228        0x4 nano_3DS.o
                0x00101228                _ZN11CLR_RT_DUMP6METHODERK22CLR_RT_MethodDef_Index
 .text._ZN11CLR_RT_DUMP22POST_PROCESS_EXCEPTIONER16CLR_RT_HeapBlock
                0x0010122c        0x4 nano_3DS.o
                0x0010122c                _ZN11CLR_RT_DUMP22POST_PROCESS_EXCEPTIONER16CLR_RT_HeapBlock
 .text._Z15CLR_SafeSprintfRPcRjPKcz
                0x00101230       0x60 nano_3DS.o
                0x00101230                _Z15CLR_SafeSprintfRPcRjPKcz
 .text._ZN38Library_corlib_native_System_Exception14CreateInstanceER16CLR_RT_HeapBlockRK20CLR_RT_TypeDef_IndexiP17CLR_RT_StackFrame
                0x00101290        0x8 nano_3DS.o
                0x00101290                _ZN38Library_corlib_native_System_Exception14CreateInstanceER16CLR_RT_HeapBlockRK20CLR_RT_TypeDef_IndexiP17CLR_RT_StackFrame
 .text._ZN38Library_corlib_native_System_Exception14CreateInstanceER16CLR_RT_HeapBlockiP17CLR_RT_StackFrame
                0x00101298        0x8 nano_3DS.o
                0x00101298                _ZN38Library_corlib_native_System_Exception14CreateInstanceER16CLR_RT_HeapBlockiP17CLR_RT_StackFrame
 .text._ZN38Library_corlib_native_System_Exception13SetStackTraceER16CLR_RT_HeapBlockP17CLR_RT_StackFrame
                0x001012a0        0x8 nano_3DS.o
                0x001012a0                _ZN38Library_corlib_native_System_Exception13SetStackTraceER16CLR_RT_HeapBlockP17CLR_RT_StackFrame
 .text.nanoCLR_Initialize
                0x001012a8       0x84 nano_3DS.o
                0x001012a8                nanoCLR_Initialize
 .text._ZN20CLR_RT_DblLinkedList24DblLinkedList_InitializeEv
                0x0010132c       0x10 CLR_RT_DblLinkedList.o
                0x0010132c                _ZN20CLR_RT_DblLinkedList24DblLinkedList_InitializeEv
 .text._ZN20CLR_RT_DblLinkedList25DblLinkedList_PushToCacheEv
                0x0010133c       0x58 CLR_RT_DblLinkedList.o
                0x0010133c                _ZN20CLR_RT_DblLinkedList25DblLinkedList_PushToCacheEv
 .text._ZN20CLR_RT_DblLinkedList8RelocateEv
                0x00101394       0x24 CLR_RT_DblLinkedList.o
                0x00101394                _ZN20CLR_RT_DblLinkedList8RelocateEv
 .text._ZL21CompareValues_NumericRK16CLR_RT_HeapBlockS1_bi
                0x001013b8      0x128 CLR_RT_HeapBlock.o
 .text._ZL20FixReflectionForTypeRK16CLR_RT_HeapBlockRS_
                0x001014e0       0x7c CLR_RT_HeapBlock.o
 .text._ZN16CLR_RT_HeapBlock16InitializeToZeroEv
                0x0010155c       0x1c CLR_RT_HeapBlock.o
                0x0010155c                _ZN16CLR_RT_HeapBlock16InitializeToZeroEv
 .text._ZN16CLR_RT_HeapBlock13SetReflectionERK21CLR_RT_TypeSpec_Index
                0x00101578       0x44 CLR_RT_HeapBlock.o
                0x00101578                _ZN16CLR_RT_HeapBlock13SetReflectionERK21CLR_RT_TypeSpec_Index
 .text._ZN16CLR_RT_HeapBlock13SetReflectionERK20CLR_RT_TypeDef_Index
                0x001015bc       0x28 CLR_RT_HeapBlock.o
                0x001015bc                _ZN16CLR_RT_HeapBlock13SetReflectionERK20CLR_RT_TypeDef_Index
 .text._ZN16CLR_RT_HeapBlock13SetReflectionERK21CLR_RT_FieldDef_Index
                0x001015e4       0x28 CLR_RT_HeapBlock.o
                0x001015e4                _ZN16CLR_RT_HeapBlock13SetReflectionERK21CLR_RT_FieldDef_Index
 .text._ZN16CLR_RT_HeapBlock13SetReflectionERK22CLR_RT_MethodDef_Index
                0x0010160c       0x68 CLR_RT_HeapBlock.o
                0x0010160c                _ZN16CLR_RT_HeapBlock13SetReflectionERK22CLR_RT_MethodDef_Index
 .text._ZN16CLR_RT_HeapBlock12SetObjectClsERK20CLR_RT_TypeDef_Index
                0x00101674       0x40 CLR_RT_HeapBlock.o
                0x00101674                _ZN16CLR_RT_HeapBlock12SetObjectClsERK20CLR_RT_TypeDef_Index
 .text._ZN16CLR_RT_HeapBlock24InitializeArrayReferenceERS_i
                0x001016b4       0x70 CLR_RT_HeapBlock.o
                0x001016b4                _ZN16CLR_RT_HeapBlock24InitializeArrayReferenceERS_i
 .text._ZN16CLR_RT_HeapBlock30FixArrayReferenceForValueTypesEv
                0x00101724       0x98 CLR_RT_HeapBlock.o
                0x00101724                _ZN16CLR_RT_HeapBlock30FixArrayReferenceForValueTypesEv
 .text._ZN16CLR_RT_HeapBlock17LoadFromReferenceERS_
                0x001017bc      0x1c4 CLR_RT_HeapBlock.o
                0x001017bc                _ZN16CLR_RT_HeapBlock17LoadFromReferenceERS_
 .text._ZN16CLR_RT_HeapBlock28AssignAndPinReferencedObjectERKS_
                0x00101980       0xa0 CLR_RT_HeapBlock.o
                0x00101980                _ZN16CLR_RT_HeapBlock28AssignAndPinReferencedObjectERKS_
 .text._ZN16CLR_RT_HeapBlock13PerformBoxingERK23CLR_RT_TypeDef_Instance
                0x00101a20      0x144 CLR_RT_HeapBlock.o
                0x00101a20                _ZN16CLR_RT_HeapBlock13PerformBoxingERK23CLR_RT_TypeDef_Instance
 .text._ZN16CLR_RT_HeapBlock15PerformUnboxingERK23CLR_RT_TypeDef_Instance
                0x00101b64      0x120 CLR_RT_HeapBlock.o
                0x00101b64                _ZN16CLR_RT_HeapBlock15PerformUnboxingERK23CLR_RT_TypeDef_Instance
 .text._ZN16CLR_RT_HeapBlock18FixBoxingReferenceEv
                0x00101c84       0x90 CLR_RT_HeapBlock.o
                0x00101c84                _ZN16CLR_RT_HeapBlock18FixBoxingReferenceEv
 .text._ZN16CLR_RT_HeapBlock16StoreToReferenceERS_i
                0x00101d14      0x1cc CLR_RT_HeapBlock.o
                0x00101d14                _ZN16CLR_RT_HeapBlock16StoreToReferenceERS_i
 .text._ZN16CLR_RT_HeapBlock8ReassignERKS_
                0x00101ee0      0x228 CLR_RT_HeapBlock.o
                0x00101ee0                _ZN16CLR_RT_HeapBlock8ReassignERKS_
 .text._ZNK16CLR_RT_HeapBlock6IsZeroEv
                0x00102108       0x80 CLR_RT_HeapBlock.o
                0x00102108                _ZNK16CLR_RT_HeapBlock6IsZeroEv
 .text._ZN16CLR_RT_HeapBlock7PromoteEv
                0x00102188       0x74 CLR_RT_HeapBlock.o
                0x00102188                _ZN16CLR_RT_HeapBlock7PromoteEv
 .text._ZN16CLR_RT_HeapBlock14Compare_ValuesERKS_S1_b
                0x001021fc      0x388 CLR_RT_HeapBlock.o
                0x001021fc                _ZN16CLR_RT_HeapBlock14Compare_ValuesERKS_S1_b
 .text._ZN16CLR_RT_HeapBlock12ObjectsEqualERKS_S1_b
                0x00102584      0x230 CLR_RT_HeapBlock.o
                0x00102584                _ZN16CLR_RT_HeapBlock12ObjectsEqualERKS_S1_b
 .text._ZN16CLR_RT_HeapBlock10NumericAddERKS_
                0x001027b4       0xf8 CLR_RT_HeapBlock.o
                0x001027b4                _ZN16CLR_RT_HeapBlock10NumericAddERKS_
 .text._ZN16CLR_RT_HeapBlock10NumericSubERKS_
                0x001028ac       0xf8 CLR_RT_HeapBlock.o
                0x001028ac                _ZN16CLR_RT_HeapBlock10NumericSubERKS_
 .text._ZN16CLR_RT_HeapBlock10NumericMulERKS_
                0x001029a4       0xc4 CLR_RT_HeapBlock.o
                0x001029a4                _ZN16CLR_RT_HeapBlock10NumericMulERKS_
 .text._ZN16CLR_RT_HeapBlock10NumericDivERKS_
                0x00102a68      0x13c CLR_RT_HeapBlock.o
                0x00102a68                _ZN16CLR_RT_HeapBlock10NumericDivERKS_
 .text._ZN16CLR_RT_HeapBlock12NumericDivUnERKS_
                0x00102ba4       0xec CLR_RT_HeapBlock.o
                0x00102ba4                _ZN16CLR_RT_HeapBlock12NumericDivUnERKS_
 .text._ZN16CLR_RT_HeapBlock10NumericRemERKS_
                0x00102c90      0x16c CLR_RT_HeapBlock.o
                0x00102c90                _ZN16CLR_RT_HeapBlock10NumericRemERKS_
 .text._ZN16CLR_RT_HeapBlock12NumericRemUnERKS_
                0x00102dfc       0xec CLR_RT_HeapBlock.o
                0x00102dfc                _ZN16CLR_RT_HeapBlock12NumericRemUnERKS_
 .text._ZN16CLR_RT_HeapBlock10NumericShlERKS_
                0x00102ee8       0x70 CLR_RT_HeapBlock.o
                0x00102ee8                _ZN16CLR_RT_HeapBlock10NumericShlERKS_
 .text._ZN16CLR_RT_HeapBlock10NumericShrERKS_
                0x00102f58       0xc0 CLR_RT_HeapBlock.o
                0x00102f58                _ZN16CLR_RT_HeapBlock10NumericShrERKS_
 .text._ZN16CLR_RT_HeapBlock12NumericShrUnERKS_
                0x00103018       0x70 CLR_RT_HeapBlock.o
                0x00103018                _ZN16CLR_RT_HeapBlock12NumericShrUnERKS_
 .text._ZN16CLR_RT_HeapBlock10NumericNegEv
                0x00103088       0x90 CLR_RT_HeapBlock.o
                0x00103088                _ZN16CLR_RT_HeapBlock10NumericNegEv
 .text._ZN16CLR_RT_HeapBlock19Relocate__HeapBlockEv
                0x00103118       0x58 CLR_RT_HeapBlock.o
                0x00103118                _ZN16CLR_RT_HeapBlock19Relocate__HeapBlockEv
 .text._ZN16CLR_RT_HeapBlock15Relocate_StringEv
                0x00103170        0x8 CLR_RT_HeapBlock.o
                0x00103170                _ZN16CLR_RT_HeapBlock15Relocate_StringEv
 .text._ZN16CLR_RT_HeapBlock12Relocate_ObjEv
                0x00103178        0x8 CLR_RT_HeapBlock.o
                0x00103178                _ZN16CLR_RT_HeapBlock12Relocate_ObjEv
 .text._ZN16CLR_RT_HeapBlock12Relocate_ClsEv
                0x00103180       0x24 CLR_RT_HeapBlock.o
                0x00103180                _ZN16CLR_RT_HeapBlock12Relocate_ClsEv
 .text._ZN16CLR_RT_HeapBlock12Relocate_RefEv
                0x001031a4        0x8 CLR_RT_HeapBlock.o
                0x001031a4                _ZN16CLR_RT_HeapBlock12Relocate_RefEv
 .text._ZN16CLR_RT_HeapBlock17Relocate_ArrayRefEv
                0x001031ac        0x8 CLR_RT_HeapBlock.o
                0x001031ac                _ZN16CLR_RT_HeapBlock17Relocate_ArrayRefEv
 .text._ZN22CLR_RT_HeapBlock_Array13ClearElementsEii
                0x001031b4       0xec CLR_RT_HeapBlock_Array.o
                0x001031b4                _ZN22CLR_RT_HeapBlock_Array13ClearElementsEii
 .text._ZN22CLR_RT_HeapBlock_Array14CreateInstanceER16CLR_RT_HeapBlockjRK26CLR_RT_ReflectionDef_Index
                0x001032a0       0xe4 CLR_RT_HeapBlock_Array.o
                0x001032a0                _ZN22CLR_RT_HeapBlock_Array14CreateInstanceER16CLR_RT_HeapBlockjRK26CLR_RT_ReflectionDef_Index
 .text._ZN22CLR_RT_HeapBlock_Array14CreateInstanceER16CLR_RT_HeapBlockjRK20CLR_RT_TypeDef_Index
                0x00103384       0x30 CLR_RT_HeapBlock_Array.o
                0x00103384                _ZN22CLR_RT_HeapBlock_Array14CreateInstanceER16CLR_RT_HeapBlockjRK20CLR_RT_TypeDef_Index
 .text._ZN22CLR_RT_HeapBlock_Array14CreateInstanceER16CLR_RT_HeapBlockjP15CLR_RT_Assemblyj
                0x001033b4       0x94 CLR_RT_HeapBlock_Array.o
                0x001033b4                _ZN22CLR_RT_HeapBlock_Array14CreateInstanceER16CLR_RT_HeapBlockjP15CLR_RT_Assemblyj
 .text._ZN22CLR_RT_HeapBlock_Array8RelocateEv
                0x00103448       0x18 CLR_RT_HeapBlock_Array.o
                0x00103448                _ZN22CLR_RT_HeapBlock_Array8RelocateEv
 .text._ZN27CLR_RT_HeapBlock_BinaryBlob8AllocateEjj
                0x00103460       0x48 CLR_RT_HeapBlock_BinaryBlob.o
                0x00103460                _ZN27CLR_RT_HeapBlock_BinaryBlob8AllocateEjj
 .text._ZN27CLR_RT_HeapBlock_BinaryBlob7ReleaseEb
                0x001034a8       0x24 CLR_RT_HeapBlock_BinaryBlob.o
                0x001034a8                _ZN27CLR_RT_HeapBlock_BinaryBlob7ReleaseEb
 .text._ZN27CLR_RT_HeapBlock_BinaryBlob8RelocateEv
                0x001034cc       0x10 CLR_RT_HeapBlock_BinaryBlob.o
                0x001034cc                _ZN27CLR_RT_HeapBlock_BinaryBlob8RelocateEv
 .text._ZN25CLR_RT_HeapBlock_Delegate14CreateInstanceER16CLR_RT_HeapBlockRK22CLR_RT_MethodDef_IndexP17CLR_RT_StackFrame
                0x001034dc       0x74 CLR_RT_HeapBlock_Delegate.o
                0x001034dc                _ZN25CLR_RT_HeapBlock_Delegate14CreateInstanceER16CLR_RT_HeapBlockRK22CLR_RT_MethodDef_IndexP17CLR_RT_StackFrame
 .text._ZN25CLR_RT_HeapBlock_Delegate8RelocateEv
                0x00103550        0x8 CLR_RT_HeapBlock_Delegate.o
                0x00103550                _ZN25CLR_RT_HeapBlock_Delegate8RelocateEv
 .text._ZN30CLR_RT_HeapBlock_Delegate_List8RelocateEv
                0x00103558        0xc CLR_RT_HeapBlock_Delegate_List.o
                0x00103558                _ZN30CLR_RT_HeapBlock_Delegate_List8RelocateEv
 .text._ZN26CLR_RT_HeapBlock_Finalizer14CreateInstanceEP16CLR_RT_HeapBlockRK23CLR_RT_TypeDef_Instance
                0x00103564      0x10c CLR_RT_HeapBlock_Finalizer.o
                0x00103564                _ZN26CLR_RT_HeapBlock_Finalizer14CreateInstanceEP16CLR_RT_HeapBlockRK23CLR_RT_TypeDef_Instance
 .text._ZN26CLR_RT_HeapBlock_Finalizer8RelocateEv
                0x00103670        0x8 CLR_RT_HeapBlock_Finalizer.o
                0x00103670                _ZN26CLR_RT_HeapBlock_Finalizer8RelocateEv
 .text._ZN20CLR_RT_DblLinkedList16ExtractFirstNodeEv.isra.0
                0x00103678       0x34 CLR_RT_HeapBlock_Lock.o
 .text._ZN20CLR_RT_DblLinkedList15InsertAfterNodeEP21CLR_RT_HeapBlock_NodeS1_.isra.0
                0x001036ac       0x54 CLR_RT_HeapBlock_Lock.o
 .text._ZN20CLR_RT_DblLinkedList16InsertBeforeNodeEP21CLR_RT_HeapBlock_NodeS1_.isra.0
                0x00103700       0x50 CLR_RT_HeapBlock_Lock.o
 .text._ZN21CLR_RT_HeapBlock_Lock14CreateInstanceERPS_P13CLR_RT_ThreadR16CLR_RT_HeapBlock
                0x00103750       0xac CLR_RT_HeapBlock_Lock.o
                0x00103750                _ZN21CLR_RT_HeapBlock_Lock14CreateInstanceERPS_P13CLR_RT_ThreadR16CLR_RT_HeapBlock
 .text._ZN21CLR_RT_HeapBlock_Lock18IncrementOwnershipEPS_P16CLR_RT_SubThreadRKxb
                0x001037fc       0xa8 CLR_RT_HeapBlock_Lock.o
                0x001037fc                _ZN21CLR_RT_HeapBlock_Lock18IncrementOwnershipEPS_P16CLR_RT_SubThreadRKxb
 .text._ZN21CLR_RT_HeapBlock_Lock11ChangeOwnerEv
                0x001038a4       0xec CLR_RT_HeapBlock_Lock.o
                0x001038a4                _ZN21CLR_RT_HeapBlock_Lock11ChangeOwnerEv
 .text._ZN21CLR_RT_HeapBlock_Lock12DestroyOwnerEP16CLR_RT_SubThread
                0x00103990       0x78 CLR_RT_HeapBlock_Lock.o
                0x00103990                _ZN21CLR_RT_HeapBlock_Lock12DestroyOwnerEP16CLR_RT_SubThread
 .text._ZN21CLR_RT_HeapBlock_Lock18DecrementOwnershipEPS_P16CLR_RT_SubThread
                0x00103a08       0xa8 CLR_RT_HeapBlock_Lock.o
                0x00103a08                _ZN21CLR_RT_HeapBlock_Lock18DecrementOwnershipEPS_P16CLR_RT_SubThread
 .text._ZN21CLR_RT_HeapBlock_Lock8RelocateEv
                0x00103ab0       0x10 CLR_RT_HeapBlock_Lock.o
                0x00103ab0                _ZN21CLR_RT_HeapBlock_Lock8RelocateEv
 .text._ZN21CLR_RT_HeapBlock_Lock14Relocate_OwnerEv
                0x00103ac0        0x4 CLR_RT_HeapBlock_Lock.o
                0x00103ac0                _ZN21CLR_RT_HeapBlock_Lock14Relocate_OwnerEv
 .text._ZN28CLR_RT_HeapBlock_LockRequest14CreateInstanceEP21CLR_RT_HeapBlock_LockP16CLR_RT_SubThreadRKxb
                0x00103ac4       0xb0 CLR_RT_HeapBlock_LockRequest.o
                0x00103ac4                _ZN28CLR_RT_HeapBlock_LockRequest14CreateInstanceEP21CLR_RT_HeapBlock_LockP16CLR_RT_SubThreadRKxb
 .text._ZN21CLR_RT_HeapBlock_Node8RelocateEv
                0x00103b74       0x1c CLR_RT_HeapBlock_Node.o
                0x00103b74                _ZN21CLR_RT_HeapBlock_Node8RelocateEv
 .text._ZN23CLR_RT_HeapBlock_String14CreateInstanceER16CLR_RT_HeapBlockjP15CLR_RT_Assembly
                0x00103b90       0x64 CLR_RT_HeapBlock_String.o
                0x00103b90                _ZN23CLR_RT_HeapBlock_String14CreateInstanceER16CLR_RT_HeapBlockjP15CLR_RT_Assembly
 .text._ZN22CLR_RT_HeapBlock_Timer25ThreadTerminationCallbackEPv
                0x00103bf4       0xcc CLR_RT_HeapBlock_Timer.o
                0x00103bf4                _ZN22CLR_RT_HeapBlock_Timer25ThreadTerminationCallbackEPv
 .text._ZN22CLR_RT_HeapBlock_Timer13RecoverFromGCEv
                0x00103cc0       0x20 CLR_RT_HeapBlock_Timer.o
                0x00103cc0                _ZN22CLR_RT_HeapBlock_Timer13RecoverFromGCEv
 .text._ZN22CLR_RT_HeapBlock_Timer7TriggerEv
                0x00103ce0       0x24 CLR_RT_HeapBlock_Timer.o
                0x00103ce0                _ZN22CLR_RT_HeapBlock_Timer7TriggerEv
 .text._ZN22CLR_RT_HeapBlock_Timer10SpawnTimerEP13CLR_RT_Thread
                0x00103d04       0xe0 CLR_RT_HeapBlock_Timer.o
                0x00103d04                _ZN22CLR_RT_HeapBlock_Timer10SpawnTimerEP13CLR_RT_Thread
 .text._ZN30CLR_RT_HeapBlock_WaitForObject16TryWaitForSignalEP13CLR_RT_ThreadP16CLR_RT_HeapBlockjb
                0x00103de4      0x108 CLR_RT_HeapBlock_WaitForObject.o
                0x00103de4                _ZN30CLR_RT_HeapBlock_WaitForObject16TryWaitForSignalEP13CLR_RT_ThreadP16CLR_RT_HeapBlockjb
 .text._ZN30CLR_RT_HeapBlock_WaitForObject12SignalObjectER16CLR_RT_HeapBlock
                0x00103eec       0x78 CLR_RT_HeapBlock_WaitForObject.o
                0x00103eec                _ZN30CLR_RT_HeapBlock_WaitForObject12SignalObjectER16CLR_RT_HeapBlock
 .text._ZN30CLR_RT_HeapBlock_WaitForObject8RelocateEv
                0x00103f64        0xc CLR_RT_HeapBlock_WaitForObject.o
                0x00103f64                _ZN30CLR_RT_HeapBlock_WaitForObject8RelocateEv
 .text._ZN18CLR_RT_HeapCluster13ExtractBlocksEjjj
                0x00103f70      0x104 CLR_RT_HeapCluster.o
                0x00103f70                _ZN18CLR_RT_HeapCluster13ExtractBlocksEjjj
 .text._ZN18CLR_RT_HeapCluster13RecoverFromGCEv
                0x00104074       0xd4 CLR_RT_HeapCluster.o
                0x00104074                _ZN18CLR_RT_HeapCluster13RecoverFromGCEv
 .text._ZN18CLR_RT_HeapCluster22HeapCluster_InitializeEjj
                0x00104148      0x18c CLR_RT_HeapCluster.o
                0x00104148                _ZN18CLR_RT_HeapCluster22HeapCluster_InitializeEjj
 .text._ZN18CLR_RT_HeapCluster13InsertInOrderEP21CLR_RT_HeapBlock_Nodej
                0x001042d4       0xf4 CLR_RT_HeapCluster.o
                0x001042d4                _ZN18CLR_RT_HeapCluster13InsertInOrderEP21CLR_RT_HeapBlock_Nodej
 .text._ZN13CLR_RT_Memory7ReleaseEPv
                0x001043c8       0x34 CLR_RT_Memory.o
                0x001043c8                _ZN13CLR_RT_Memory7ReleaseEPv
 .text._ZN13CLR_RT_Memory8AllocateEjj
                0x001043fc       0x50 CLR_RT_Memory.o
                0x001043fc                _ZN13CLR_RT_Memory8AllocateEjj
 .text._ZN32CLR_RT_ObjectToEvent_Destination10InitializeEv
                0x0010444c        0x8 CLR_RT_ObjectToEvent_Destination.o
                0x0010444c                _ZN32CLR_RT_ObjectToEvent_Destination10InitializeEv
 .text._ZN32CLR_RT_ObjectToEvent_Destination8CheckAllEv
                0x00104454       0x2c CLR_RT_ObjectToEvent_Destination.o
                0x00104454                _ZN32CLR_RT_ObjectToEvent_Destination8CheckAllEv
 .text._ZN32CLR_RT_ObjectToEvent_Destination9SignalAllEv
                0x00104480       0x3c CLR_RT_ObjectToEvent_Destination.o
                0x00104480                _ZN32CLR_RT_ObjectToEvent_Destination9SignalAllEv
 .text._ZN32CLR_RT_ObjectToEvent_Destination9DetachAllEv
                0x001044bc       0x50 CLR_RT_ObjectToEvent_Destination.o
                0x001044bc                _ZN32CLR_RT_ObjectToEvent_Destination9DetachAllEv
 .text._ZN32CLR_RT_ObjectToEvent_Destination17IsReadyForReleaseEv
                0x0010450c       0x24 CLR_RT_ObjectToEvent_Destination.o
                0x0010450c                _ZN32CLR_RT_ObjectToEvent_Destination17IsReadyForReleaseEv
 .text._ZN32CLR_RT_ObjectToEvent_Destination15ReleaseWhenDeadEv
                0x00104530       0x40 CLR_RT_ObjectToEvent_Destination.o
                0x00104530                _ZN32CLR_RT_ObjectToEvent_Destination15ReleaseWhenDeadEv
 .text._ZN27CLR_RT_ObjectToEvent_Source19EnsureObjectIsAliveEv
                0x00104570       0x40 CLR_RT_ObjectToEvent_Source.o
                0x00104570                _ZN27CLR_RT_ObjectToEvent_Source19EnsureObjectIsAliveEv
 .text._ZN27CLR_RT_ObjectToEvent_Source6DetachEv
                0x001045b0       0x28 CLR_RT_ObjectToEvent_Source.o
                0x001045b0                _ZN27CLR_RT_ObjectToEvent_Source6DetachEv
 .text._ZN27CLR_RT_ObjectToEvent_Source8RelocateEv
                0x001045d8       0x1c CLR_RT_ObjectToEvent_Source.o
                0x001045d8                _ZN27CLR_RT_ObjectToEvent_Source8RelocateEv
 .text._Z13LinkArraySizev
                0x001045f4        0xc CLR_RT_RuntimeMemory.o
                0x001045f4                _Z13LinkArraySizev
 .text._Z16LinkMRUArraySizev
                0x00104600        0xc CLR_RT_RuntimeMemory.o
                0x00104600                _Z16LinkMRUArraySizev
 .text._Z16PayloadArraySizev
                0x0010460c        0x8 CLR_RT_RuntimeMemory.o
                0x0010460c                _Z16PayloadArraySizev
 .text._Z17InlineBufferCountv
                0x00104614        0x8 CLR_RT_RuntimeMemory.o
                0x00104614                _Z17InlineBufferCountv
 .text._ZN17CLR_RT_StackFrame4PushEP13CLR_RT_ThreadRK25CLR_RT_MethodDef_Instancei
                0x0010461c      0x274 CLR_RT_StackFrame.o
                0x0010461c                _ZN17CLR_RT_StackFrame4PushEP13CLR_RT_ThreadRK25CLR_RT_MethodDef_Instancei
 .text._ZN17CLR_RT_StackFrame10PushInlineERPKhRP15CLR_RT_AssemblyRP16CLR_RT_HeapBlockR25CLR_RT_MethodDef_InstanceS7_
                0x00104890      0x224 CLR_RT_StackFrame.o
                0x00104890                _ZN17CLR_RT_StackFrame10PushInlineERPKhRP15CLR_RT_AssemblyRP16CLR_RT_HeapBlockR25CLR_RT_MethodDef_InstanceS7_
 .text._ZN17CLR_RT_StackFrame22RestoreFromInlineStackEv
                0x00104ab4       0x68 CLR_RT_StackFrame.o
                0x00104ab4                _ZN17CLR_RT_StackFrame22RestoreFromInlineStackEv
 .text._ZN17CLR_RT_StackFrame9PopInlineEv
                0x00104b1c       0x7c CLR_RT_StackFrame.o
                0x00104b1c                _ZN17CLR_RT_StackFrame9PopInlineEv
 .text._ZN17CLR_RT_StackFrame12RestoreStackER18CLR_RT_InlineFrame
                0x00104b98       0x64 CLR_RT_StackFrame.o
                0x00104b98                _ZN17CLR_RT_StackFrame12RestoreStackER18CLR_RT_InlineFrame
 .text._ZN17CLR_RT_StackFrame9SaveStackER18CLR_RT_InlineFrame
                0x00104bfc       0x4c CLR_RT_StackFrame.o
                0x00104bfc                _ZN17CLR_RT_StackFrame9SaveStackER18CLR_RT_InlineFrame
 .text._ZN17CLR_RT_StackFrame7FixCallEv
                0x00104c48      0x1bc CLR_RT_StackFrame.o
                0x00104c48                _ZN17CLR_RT_StackFrame7FixCallEv
 .text._ZN17CLR_RT_StackFrame8MakeCallE25CLR_RT_MethodDef_InstanceP16CLR_RT_HeapBlockS2_i
                0x00104e04      0x1c8 CLR_RT_StackFrame.o
                0x00104e04                _ZN17CLR_RT_StackFrame8MakeCallE25CLR_RT_MethodDef_InstanceP16CLR_RT_HeapBlockS2_i
 *fill*         0x00104fcc        0x4 
 .text._ZN17CLR_RT_StackFrame18HandleSynchronizedEbb
                0x00104fd0      0x124 CLR_RT_StackFrame.o
                0x00104fd0                _ZN17CLR_RT_StackFrame18HandleSynchronizedEbb
 .text._ZN17CLR_RT_StackFrame3PopEv
                0x001050f4      0x1c4 CLR_RT_StackFrame.o
                0x001050f4                _ZN17CLR_RT_StackFrame3PopEv
 .text._ZN17CLR_RT_StackFrame8RelocateEv
                0x001052b8      0x14c CLR_RT_StackFrame.o
                0x001052b8                _ZN17CLR_RT_StackFrame8RelocateEv
 .text._ZN17CLR_RT_EventCache18VirtualMethodTable10InitializeEv
                0x00105404       0xac Cache.o
                0x00105404                _ZN17CLR_RT_EventCache18VirtualMethodTable10InitializeEv
 .text._ZN17CLR_RT_EventCache18VirtualMethodTable14MoveEntryToTopEPNS_4LinkEjj
                0x001054b0       0x50 Cache.o
                0x001054b0                _ZN17CLR_RT_EventCache18VirtualMethodTable14MoveEntryToTopEPNS_4LinkEjj
 .text._ZN17CLR_RT_EventCache18VirtualMethodTable17FindVirtualMethodERK20CLR_RT_TypeDef_IndexRK22CLR_RT_MethodDef_IndexRS4_
                0x00105500      0x16c Cache.o
                0x00105500                _ZN17CLR_RT_EventCache18VirtualMethodTable17FindVirtualMethodERK20CLR_RT_TypeDef_IndexRK22CLR_RT_MethodDef_IndexRS4_
 .text._ZN17CLR_RT_EventCache21EventCache_InitializeEv
                0x0010566c       0x88 Cache.o
                0x0010566c                _ZN17CLR_RT_EventCache21EventCache_InitializeEv
 .text._ZN17CLR_RT_EventCache18EventCache_CleanupEv
                0x001056f4       0x78 Cache.o
                0x001056f4                _ZN17CLR_RT_EventCache18EventCache_CleanupEv
 .text._ZN17CLR_RT_EventCache11Append_NodeEP16CLR_RT_HeapBlock
                0x0010576c       0x64 Cache.o
                0x0010576c                _ZN17CLR_RT_EventCache11Append_NodeEP16CLR_RT_HeapBlock
 .text._ZN17CLR_RT_EventCache17Extract_Node_SlowEjjj
                0x001057d0      0x170 Cache.o
                0x001057d0                _ZN17CLR_RT_EventCache17Extract_Node_SlowEjjj
 .text._ZN17CLR_RT_EventCache17Extract_Node_FastEjjj
                0x00105940       0x70 Cache.o
                0x00105940                _ZN17CLR_RT_EventCache17Extract_Node_FastEjjj
 .text._ZN17CLR_RT_EventCache18Extract_Node_BytesEjjj
                0x001059b0       0x54 Cache.o
                0x001059b0                _ZN17CLR_RT_EventCache18Extract_Node_BytesEjjj
 .text._ZN17CLR_RT_EventCache12Extract_NodeEjjj
                0x00105a04       0x40 Cache.o
                0x00105a04                _ZN17CLR_RT_EventCache12Extract_NodeEjjj
 .text._ZN17CLR_RT_EventCache17FindVirtualMethodERK20CLR_RT_TypeDef_IndexRK22CLR_RT_MethodDef_IndexRS3_
                0x00105a44        0x8 Cache.o
                0x00105a44                _ZN17CLR_RT_EventCache17FindVirtualMethodERK20CLR_RT_TypeDef_IndexRK22CLR_RT_MethodDef_IndexRS3_
 .text._ZN17CLR_RT_EventCache20GetInlineFrameBufferEPP19CLR_RT_InlineBuffer
                0x00105a4c       0x28 Cache.o
                0x00105a4c                _ZN17CLR_RT_EventCache20GetInlineFrameBufferEPP19CLR_RT_InlineBuffer
 .text._ZN17CLR_RT_EventCache16FreeInlineBufferEP19CLR_RT_InlineBuffer
                0x00105a74       0x18 Cache.o
                0x00105a74                _ZN17CLR_RT_EventCache16FreeInlineBufferEP19CLR_RT_InlineBuffer
 .text._ZN10CLR_Checks20VerifyArrayReferenceER16CLR_RT_HeapBlock
                0x00105a8c       0x3c Checks.o
                0x00105a8c                _ZN10CLR_Checks20VerifyArrayReferenceER16CLR_RT_HeapBlock
 .text._ZN10CLR_Checks24VerifyUnknownInstructionE10CLR_OPCODE
                0x00105ac8        0x8 Checks.o
                0x00105ac8                _ZN10CLR_Checks24VerifyUnknownInstructionE10CLR_OPCODE
 .text._ZN10CLR_Checks28VerifyUnsupportedInstructionE10CLR_OPCODE
                0x00105ad0        0x8 Checks.o
                0x00105ad0                _ZN10CLR_Checks28VerifyUnsupportedInstructionE10CLR_OPCODE
 .text._ZN22CLR_RT_ExecutionEngine13AllocateHeapsEv
                0x00105ad8       0xdc Execution.o
                0x00105ad8                _ZN22CLR_RT_ExecutionEngine13AllocateHeapsEv
 *fill*         0x00105bb4        0x4 
 .text._ZN22CLR_RT_ExecutionEngine26ExecutionEngine_InitializeEv
                0x00105bb8      0x108 Execution.o
                0x00105bb8                _ZN22CLR_RT_ExecutionEngine26ExecutionEngine_InitializeEv
 .text._ZN22CLR_RT_ExecutionEngine14CreateInstanceEv
                0x00105cc0       0x24 Execution.o
                0x00105cc0                _ZN22CLR_RT_ExecutionEngine14CreateInstanceEv
 .text._ZN22CLR_RT_ExecutionEngine27ExecutionConstraint_SuspendEv
                0x00105ce4       0x30 Execution.o
                0x00105ce4                _ZN22CLR_RT_ExecutionEngine27ExecutionConstraint_SuspendEv
 .text._ZN22CLR_RT_ExecutionEngine26ExecutionConstraint_ResumeEv
                0x00105d14       0x5c Execution.o
                0x00105d14                _ZN22CLR_RT_ExecutionEngine26ExecutionConstraint_ResumeEv
 .text._ZN22CLR_RT_ExecutionEngine21PerformHeapCompactionEv
                0x00105d70       0x50 Execution.o
                0x00105d70                _ZN22CLR_RT_ExecutionEngine21PerformHeapCompactionEv
 .text._ZN22CLR_RT_ExecutionEngine8RelocateEv
                0x00105dc0       0x24 Execution.o
                0x00105dc0                _ZN22CLR_RT_ExecutionEngine8RelocateEv
 .text._ZN22CLR_RT_ExecutionEngine15WaitForDebuggerEv
                0x00105de4       0x8c Execution.o
                0x00105de4                _ZN22CLR_RT_ExecutionEngine15WaitForDebuggerEv
 .text._ZN22CLR_RT_ExecutionEngine28SpawnStaticConstructorHelperEP15CLR_RT_AssemblyRK22CLR_RT_MethodDef_Index
                0x00105e70       0xbc Execution.o
                0x00105e70                _ZN22CLR_RT_ExecutionEngine28SpawnStaticConstructorHelperEP15CLR_RT_AssemblyRK22CLR_RT_MethodDef_Index
 .text._ZN22CLR_RT_ExecutionEngine22SpawnStaticConstructorERP13CLR_RT_Thread.part.0
                0x00105f2c       0xd0 Execution.o
 *fill*         0x00105ffc        0x4 
 .text._ZN22CLR_RT_ExecutionEngine22InsertThreadRoundRobinER20CLR_RT_DblLinkedListP13CLR_RT_Thread
                0x00106000      0x11c Execution.o
                0x00106000                _ZN22CLR_RT_ExecutionEngine22InsertThreadRoundRobinER20CLR_RT_DblLinkedListP13CLR_RT_Thread
 .text._ZN22CLR_RT_ExecutionEngine15PutInProperListEP13CLR_RT_Thread
                0x0010611c       0xbc Execution.o
                0x0010611c                _ZN22CLR_RT_ExecutionEngine15PutInProperListEP13CLR_RT_Thread
 .text._ZN22CLR_RT_ExecutionEngine36StaticConstructorTerminationCallbackEPv
                0x001061d8       0xa4 Execution.o
                0x001061d8                _ZN22CLR_RT_ExecutionEngine36StaticConstructorTerminationCallbackEPv
 .text._ZN22CLR_RT_ExecutionEngine22SpawnStaticConstructorERP13CLR_RT_Thread
                0x0010627c       0xa0 Execution.o
                0x0010627c                _ZN22CLR_RT_ExecutionEngine22SpawnStaticConstructorERP13CLR_RT_Thread
 .text._ZN22CLR_RT_ExecutionEngine14SpawnFinalizerEv
                0x0010631c      0x11c Execution.o
                0x0010631c                _ZN22CLR_RT_ExecutionEngine14SpawnFinalizerEv
 .text._ZN22CLR_RT_ExecutionEngine28FinalizerTerminationCallbackEPv
                0x00106438        0xc Execution.o
                0x00106438                _ZN22CLR_RT_ExecutionEngine28FinalizerTerminationCallbackEPv
 .text._ZN22CLR_RT_ExecutionEngine10SpawnTimerEv
                0x00106444       0xfc Execution.o
                0x00106444                _ZN22CLR_RT_ExecutionEngine10SpawnTimerEv
 .text._ZN22CLR_RT_ExecutionEngine17ExtractHeapBlocksER20CLR_RT_DblLinkedListjjj
                0x00106540      0x1fc Execution.o
                0x00106540                _ZN22CLR_RT_ExecutionEngine17ExtractHeapBlocksER20CLR_RT_DblLinkedListjjj
 .text._ZN22CLR_RT_ExecutionEngine25ExtractHeapBlocksForArrayER23CLR_RT_TypeDef_InstancejRK26CLR_RT_ReflectionDef_Index
                0x0010673c       0xa4 Execution.o
                0x0010673c                _ZN22CLR_RT_ExecutionEngine25ExtractHeapBlocksForArrayER23CLR_RT_TypeDef_InstancejRK26CLR_RT_ReflectionDef_Index
 .text._ZN22CLR_RT_ExecutionEngine37ExtractHeapBlocksForClassOrValueTypesEjjRK20CLR_RT_TypeDef_Indexj
                0x001067e0       0x54 Execution.o
                0x001067e0                _ZN22CLR_RT_ExecutionEngine37ExtractHeapBlocksForClassOrValueTypesEjjRK20CLR_RT_TypeDef_Indexj
 .text._ZN22CLR_RT_ExecutionEngine26ExtractHeapBlocksForEventsEjjj
                0x00106834       0x48 Execution.o
                0x00106834                _ZN22CLR_RT_ExecutionEngine26ExtractHeapBlocksForEventsEjjj
 .text._ZN22CLR_RT_ExecutionEngine26ExtractHeapBytesForObjectsEjjj
                0x0010687c       0x48 Execution.o
                0x0010687c                _ZN22CLR_RT_ExecutionEngine26ExtractHeapBytesForObjectsEjjj
 .text._ZN22CLR_RT_ExecutionEngine17AccessStaticFieldERK21CLR_RT_FieldDef_Index
                0x001068c4       0x54 Execution.o
                0x001068c4                _ZN22CLR_RT_ExecutionEngine17AccessStaticFieldERK21CLR_RT_FieldDef_Index
 .text._ZN22CLR_RT_ExecutionEngine9NewObjectER16CLR_RT_HeapBlockRK23CLR_RT_TypeDef_Instance
                0x00106918      0x240 Execution.o
                0x00106918                _ZN22CLR_RT_ExecutionEngine9NewObjectER16CLR_RT_HeapBlockRK23CLR_RT_TypeDef_Instance
 .text._ZN22CLR_RT_ExecutionEngine19InitializeReferenceER16CLR_RT_HeapBlockR22CLR_RT_SignatureParser
                0x00106b58       0xc4 Execution.o
                0x00106b58                _ZN22CLR_RT_ExecutionEngine19InitializeReferenceER16CLR_RT_HeapBlockR22CLR_RT_SignatureParser
 .text._ZN22CLR_RT_ExecutionEngine16InitializeLocalsEP16CLR_RT_HeapBlockP15CLR_RT_AssemblyPK20CLR_RECORD_METHODDEF
                0x00106c1c      0x2c8 Execution.o
                0x00106c1c                _ZN22CLR_RT_ExecutionEngine16InitializeLocalsEP16CLR_RT_HeapBlockP15CLR_RT_AssemblyPK20CLR_RECORD_METHODDEF
 .text._ZN22CLR_RT_ExecutionEngine18NewObjectFromIndexER16CLR_RT_HeapBlockRK20CLR_RT_TypeDef_Index
                0x00106ee4       0x44 Execution.o
                0x00106ee4                _ZN22CLR_RT_ExecutionEngine18NewObjectFromIndexER16CLR_RT_HeapBlockRK20CLR_RT_TypeDef_Index
 .text._ZN22CLR_RT_ExecutionEngine19InitializeReferenceER16CLR_RT_HeapBlockPK19CLR_RECORD_FIELDDEFP15CLR_RT_Assembly
                0x00106f28       0xd0 Execution.o
                0x00106f28                _ZN22CLR_RT_ExecutionEngine19InitializeReferenceER16CLR_RT_HeapBlockPK19CLR_RECORD_FIELDDEFP15CLR_RT_Assembly
 .text._ZN22CLR_RT_ExecutionEngine13CopyValueTypeEP16CLR_RT_HeapBlockPKS0_
                0x00106ff8       0xa4 Execution.o
                0x00106ff8                _ZN22CLR_RT_ExecutionEngine13CopyValueTypeEP16CLR_RT_HeapBlockPKS0_
 .text._ZN22CLR_RT_ExecutionEngine11CloneObjectER16CLR_RT_HeapBlockRKS0_
                0x0010709c      0x110 Execution.o
                0x0010709c                _ZN22CLR_RT_ExecutionEngine11CloneObjectER16CLR_RT_HeapBlockRKS0_
 .text._ZN22CLR_RT_ExecutionEngine14FindLockObjectER16CLR_RT_HeapBlock
                0x001071ac       0xf4 Execution.o
                0x001071ac                _ZN22CLR_RT_ExecutionEngine14FindLockObjectER16CLR_RT_HeapBlock
 .text._ZN22CLR_RT_ExecutionEngine18DeleteLockRequestsEP13CLR_RT_ThreadP16CLR_RT_SubThreadR20CLR_RT_DblLinkedList
                0x001072a0       0xc8 Execution.o
                0x001072a0                _ZN22CLR_RT_ExecutionEngine18DeleteLockRequestsEP13CLR_RT_ThreadP16CLR_RT_SubThreadR20CLR_RT_DblLinkedList
 .text._ZN22CLR_RT_ExecutionEngine18DeleteLockRequestsEP13CLR_RT_ThreadP16CLR_RT_SubThread
                0x00107368       0x5c Execution.o
                0x00107368                _ZN22CLR_RT_ExecutionEngine18DeleteLockRequestsEP13CLR_RT_ThreadP16CLR_RT_SubThread
 .text._ZN22CLR_RT_ExecutionEngine20InvalidateTimerCacheEv
                0x001073c4       0x14 Execution.o
                0x001073c4                _ZN22CLR_RT_ExecutionEngine20InvalidateTimerCacheEv
 .text._ZN22CLR_RT_ExecutionEngine11CheckTimersERx
                0x001073d8       0xac Execution.o
                0x001073d8                _ZN22CLR_RT_ExecutionEngine11CheckTimersERx
 .text._ZN22CLR_RT_ExecutionEngine12CheckThreadsERxR20CLR_RT_DblLinkedList
                0x00107484      0x2d8 Execution.o
                0x00107484                _ZN22CLR_RT_ExecutionEngine12CheckThreadsERxR20CLR_RT_DblLinkedList
 .text._ZN22CLR_RT_ExecutionEngine12ProcessTimerEv
                0x0010775c      0x144 Execution.o
                0x0010775c                _ZN22CLR_RT_ExecutionEngine12ProcessTimerEv
 .text._ZN22CLR_RT_ExecutionEngine15ScheduleThreadsEi
                0x001078a0      0x1d4 Execution.o
                0x001078a0                _ZN22CLR_RT_ExecutionEngine15ScheduleThreadsEi
 .text._ZN22CLR_RT_ExecutionEngine15WaitForActivityEv
                0x00107a74       0xdc Execution.o
                0x00107a74                _ZN22CLR_RT_ExecutionEngine15WaitForActivityEv
 .text._ZN22CLR_RT_ExecutionEngine7ExecuteEPwi
                0x00107b50      0x224 Execution.o
                0x00107b50                _ZN22CLR_RT_ExecutionEngine7ExecuteEPwi
 .text._ZN22CLR_RT_ExecutionEngine10LockObjectER16CLR_RT_HeapBlockP16CLR_RT_SubThreadRKxb
                0x00107d74       0x60 Execution.o
                0x00107d74                _ZN22CLR_RT_ExecutionEngine10LockObjectER16CLR_RT_HeapBlockP16CLR_RT_SubThreadRKxb
 .text._ZN22CLR_RT_ExecutionEngine12UnlockObjectER16CLR_RT_HeapBlockP16CLR_RT_SubThread
                0x00107dd4       0x20 Execution.o
                0x00107dd4                _ZN22CLR_RT_ExecutionEngine12UnlockObjectER16CLR_RT_HeapBlockP16CLR_RT_SubThread
 .text._ZN22CLR_RT_ExecutionEngine12IsInstanceOfER21CLR_RT_TypeDescriptorS1_b
                0x00107df4      0x1a8 Execution.o
                0x00107df4                _ZN22CLR_RT_ExecutionEngine12IsInstanceOfER21CLR_RT_TypeDescriptorS1_b
 .text._ZN22CLR_RT_ExecutionEngine12IsInstanceOfER16CLR_RT_HeapBlockRK20CLR_RT_TypeDef_Index
                0x00107f9c       0x58 Execution.o
                0x00107f9c                _ZN22CLR_RT_ExecutionEngine12IsInstanceOfER16CLR_RT_HeapBlockRK20CLR_RT_TypeDef_Index
 .text._ZN22CLR_RT_ExecutionEngine12IsInstanceOfER16CLR_RT_HeapBlockP15CLR_RT_Assemblyjb
                0x00107ff4       0xcc Execution.o
                0x00107ff4                _ZN22CLR_RT_ExecutionEngine12IsInstanceOfER16CLR_RT_HeapBlockP15CLR_RT_Assemblyjb
 .text._ZN22CLR_RT_ExecutionEngine10CastToTypeER16CLR_RT_HeapBlockjP15CLR_RT_Assemblyb
                0x001080c0       0x78 Execution.o
                0x001080c0                _ZN22CLR_RT_ExecutionEngine10CastToTypeER16CLR_RT_HeapBlockjP15CLR_RT_Assemblyb
 .text._ZN20CLR_RT_ProtectFromGC10InitializeER16CLR_RT_HeapBlock
                0x00108138       0x44 GarbageCollector.o
                0x00108138                _ZN20CLR_RT_ProtectFromGC10InitializeER16CLR_RT_HeapBlock
 .text._ZN20CLR_RT_ProtectFromGC10InitializeEPPvPFvS0_E
                0x0010817c       0x2c GarbageCollector.o
                0x0010817c                _ZN20CLR_RT_ProtectFromGC10InitializeEPPvPFvS0_E
 .text._ZN20CLR_RT_ProtectFromGC7CleanupEv
                0x001081a8       0x2c GarbageCollector.o
                0x001081a8                _ZN20CLR_RT_ProtectFromGC7CleanupEv
 .text._ZN20CLR_RT_ProtectFromGC9InvokeAllEv
                0x001081d4       0x64 GarbageCollector.o
                0x001081d4                _ZN20CLR_RT_ProtectFromGC9InvokeAllEv
 .text._ZN23CLR_RT_GarbageCollector8MarkSlowEv
                0x00108238       0xa0 GarbageCollector.o
                0x00108238                _ZN23CLR_RT_GarbageCollector8MarkSlowEv
 .text._ZN23CLR_RT_GarbageCollector8MarkWeakEv
                0x001082d8       0xb4 GarbageCollector.o
                0x001082d8                _ZN23CLR_RT_GarbageCollector8MarkWeakEv
 .text._ZN23CLR_RT_GarbageCollector19CheckMemoryPressureEv
                0x0010838c      0x184 GarbageCollector.o
                0x0010838c                _ZN23CLR_RT_GarbageCollector19CheckMemoryPressureEv
 .text._ZN23CLR_RT_GarbageCollector13Assembly_MarkEv
                0x00108510       0x60 GarbageCollector.o
                0x00108510                _ZN23CLR_RT_GarbageCollector13Assembly_MarkEv
 .text._ZN23CLR_RT_GarbageCollector11Thread_MarkEP13CLR_RT_Thread
                0x00108570      0x1d4 GarbageCollector.o
                0x00108570                _ZN23CLR_RT_GarbageCollector11Thread_MarkEP13CLR_RT_Thread
 .text._ZN23CLR_RT_GarbageCollector4MarkEv
                0x00108744      0x2a8 GarbageCollector.o
                0x00108744                _ZN23CLR_RT_GarbageCollector4MarkEv
 .text._ZN23CLR_RT_GarbageCollector19RecoverEventsFromGCEv
                0x001089ec       0xb4 GarbageCollector.o
                0x001089ec                _ZN23CLR_RT_GarbageCollector19RecoverEventsFromGCEv
 .text._ZN23CLR_RT_GarbageCollector5SweepEv
                0x00108aa0       0xc0 GarbageCollector.o
                0x00108aa0                _ZN23CLR_RT_GarbageCollector5SweepEv
 .text._ZN23CLR_RT_GarbageCollector24ExecuteGarbageCollectionEv
                0x00108b60       0xd4 GarbageCollector.o
                0x00108b60                _ZN23CLR_RT_GarbageCollector24ExecuteGarbageCollectionEv
 .text._ZN23CLR_RT_GarbageCollector18Heap_Relocate_PassEPFbPPvE
                0x00108c34       0xc0 GarbageCollector_Compaction.o
                0x00108c34                _ZN23CLR_RT_GarbageCollector18Heap_Relocate_PassEPFbPPvE
 .text._ZN23CLR_RT_GarbageCollector13Heap_RelocateEv
                0x00108cf4       0x6c GarbageCollector_Compaction.o
                0x00108cf4                _ZN23CLR_RT_GarbageCollector13Heap_RelocateEv
 .text._ZN23CLR_RT_GarbageCollector12Heap_CompactEv
                0x00108d60      0x390 GarbageCollector_Compaction.o
                0x00108d60                _ZN23CLR_RT_GarbageCollector12Heap_CompactEv
 .text._ZN23CLR_RT_GarbageCollector17ExecuteCompactionEv
                0x001090f0       0x2c GarbageCollector_Compaction.o
                0x001090f0                _ZN23CLR_RT_GarbageCollector17ExecuteCompactionEv
 .text._ZN23CLR_RT_GarbageCollector13Heap_RelocateEP16CLR_RT_HeapBlockj
                0x0010911c       0x84 GarbageCollector_Compaction.o
                0x0010911c                _ZN23CLR_RT_GarbageCollector13Heap_RelocateEP16CLR_RT_HeapBlockj
 .text._ZN23CLR_RT_GarbageCollector13Heap_RelocateEPPv
                0x001091a0       0x7c GarbageCollector_Compaction.o
                0x001091a0                _ZN23CLR_RT_GarbageCollector13Heap_RelocateEPPv
 .text._ZN23CLR_RT_GarbageCollector9MarkStack10InitializeEPNS_16MarkStackElementEj
                0x0010921c       0x28 GarbageCollector_ComputeReachabilityGraph.o
                0x0010921c                _ZN23CLR_RT_GarbageCollector9MarkStack10InitializeEPNS_16MarkStackElementEj
 .text._ZN23CLR_RT_GarbageCollector41ComputeReachabilityGraphForMultipleBlocksEP16CLR_RT_HeapBlockj
                0x00109244      0x2e0 GarbageCollector_ComputeReachabilityGraph.o
                0x00109244                _ZN23CLR_RT_GarbageCollector41ComputeReachabilityGraphForMultipleBlocksEP16CLR_RT_HeapBlockj
 .text._ZN23CLR_RT_GarbageCollector38ComputeReachabilityGraphForSingleBlockEPP16CLR_RT_HeapBlock
                0x00109524       0x28 GarbageCollector_ComputeReachabilityGraph.o
                0x00109524                _ZN23CLR_RT_GarbageCollector38ComputeReachabilityGraphForSingleBlockEPP16CLR_RT_HeapBlock
 .text._ZN16CLR_RT_HeapBlock10InitObjectEv
                0x0010954c       0xdc Interpreter.o
                0x0010954c                _ZN16CLR_RT_HeapBlock10InitObjectEv
 .text._ZN16CLR_RT_HeapBlock16Convert_InternalE12CLR_DataType
                0x00109628      0x2d4 Interpreter.o
                0x00109628                _ZN16CLR_RT_HeapBlock16Convert_InternalE12CLR_DataType
 .text._ZN13CLR_RT_Thread6PushEHEv
                0x001098fc       0x7c Interpreter.o
                0x001098fc                _ZN13CLR_RT_Thread6PushEHEv
 .text._ZN13CLR_RT_Thread11PopEH_InnerEP17CLR_RT_StackFramePKh
                0x00109978       0x70 Interpreter.o
                0x00109978                _ZN13CLR_RT_Thread11PopEH_InnerEP17CLR_RT_StackFramePKh
 .text._ZN13CLR_RT_Thread11FindEhBlockEP17CLR_RT_StackFramePKhS3_R23CLR_RT_ExceptionHandlerb
                0x001099e8      0x35c Interpreter.o
                0x001099e8                _ZN13CLR_RT_Thread11FindEhBlockEP17CLR_RT_StackFramePKhS3_R23CLR_RT_ExceptionHandlerb
 .text._ZN13CLR_RT_Thread13Execute_InnerEv
                0x00109d44      0x234 Interpreter.o
                0x00109d44                _ZN13CLR_RT_Thread13Execute_InnerEv
 .text._ZN13CLR_RT_Thread7ExecuteEv
                0x00109f78       0xe0 Interpreter.o
                0x00109f78                _ZN13CLR_RT_Thread7ExecuteEv
 .text._ZN13CLR_RT_Thread22Execute_DelegateInvokeER17CLR_RT_StackFrame
                0x0010a058      0x16c Interpreter.o
                0x0010a058                _ZN13CLR_RT_Thread22Execute_DelegateInvokeER17CLR_RT_StackFrame
 .text._ZN13CLR_RT_Thread10Execute_ILER17CLR_RT_StackFrame
                0x0010a1c4     0x2330 Interpreter.o
                0x0010a1c4                _ZN13CLR_RT_Thread10Execute_ILER17CLR_RT_StackFrame
 .text._ZN15CLR_RT_Assembly9GetStringEt
                0x0010c4f4       0x4c StringTable.o
                0x0010c4f4                _ZN15CLR_RT_Assembly9GetStringEt
 .text._ZN13CLR_RT_Thread21ProtectFromGCCallbackEPv
                0x0010c540       0x10 Thread.o
                0x0010c540                _ZN13CLR_RT_Thread21ProtectFromGCCallbackEPv
 .text._ZN16CLR_RT_SubThread14CreateInstanceEP13CLR_RT_ThreadP17CLR_RT_StackFrameiRPS_
                0x0010c550       0xac Thread.o
                0x0010c550                _ZN16CLR_RT_SubThread14CreateInstanceEP13CLR_RT_ThreadP17CLR_RT_StackFrameiRPS_
 .text._ZN16CLR_RT_SubThread15DestroyInstanceEP13CLR_RT_ThreadPS_i
                0x0010c5fc       0xc4 Thread.o
                0x0010c5fc                _ZN16CLR_RT_SubThread15DestroyInstanceEP13CLR_RT_ThreadPS_i
 .text._ZN16CLR_RT_SubThread22ChangeLockRequestCountEi
                0x0010c6c0       0x54 Thread.o
                0x0010c6c0                _ZN16CLR_RT_SubThread22ChangeLockRequestCountEi
 .text._ZN13CLR_RT_Thread22BringExecCounterToDateEi
                0x0010c714       0x18 Thread.o
                0x0010c714                _ZN13CLR_RT_Thread22BringExecCounterToDateEi
 .text._ZN13CLR_RT_Thread17CanThreadBeReusedEv
                0x0010c72c       0x2c Thread.o
                0x0010c72c                _ZN13CLR_RT_Thread17CanThreadBeReusedEv
 .text._ZN13CLR_RT_Thread22PushThreadProcDelegateEP25CLR_RT_HeapBlock_Delegate
                0x0010c758       0xa0 Thread.o
                0x0010c758                _ZN13CLR_RT_Thread22PushThreadProcDelegateEP25CLR_RT_HeapBlock_Delegate
 .text._ZN13CLR_RT_Thread14CreateInstanceEiiRPS_j
                0x0010c7f8      0x12c Thread.o
                0x0010c7f8                _ZN13CLR_RT_Thread14CreateInstanceEiiRPS_j
 .text._ZN13CLR_RT_Thread14CreateInstanceEiP25CLR_RT_HeapBlock_DelegateiRPS_j
                0x0010c924       0x44 Thread.o
                0x0010c924                _ZN13CLR_RT_Thread14CreateInstanceEiP25CLR_RT_HeapBlock_DelegateiRPS_j
 .text._ZN13CLR_RT_Thread17ReleaseWhenDeadExEv
                0x0010c968       0x94 Thread.o
                0x0010c968                _ZN13CLR_RT_Thread17ReleaseWhenDeadExEv
 .text._ZN13CLR_RT_Thread7RestartEb
                0x0010c9fc       0x40 Thread.o
                0x0010c9fc                _ZN13CLR_RT_Thread7RestartEb
 *fill*         0x0010ca3c        0x4 
 .text._ZN13CLR_RT_Thread9PassivateEv
                0x0010ca40      0x10c Thread.o
                0x0010ca40                _ZN13CLR_RT_Thread9PassivateEv
 .text._ZN13CLR_RT_Thread15DestroyInstanceEv
                0x0010cb4c       0x58 Thread.o
                0x0010cb4c                _ZN13CLR_RT_Thread15DestroyInstanceEv
 .text._ZN13CLR_RT_Thread13RecoverFromGCEv
                0x0010cba4        0x4 Thread.o
                0x0010cba4                _ZN13CLR_RT_Thread13RecoverFromGCEv
 .text._ZN13CLR_RT_Thread8RelocateEv
                0x0010cba8       0x84 Thread.o
                0x0010cba8                _ZN13CLR_RT_Thread8RelocateEv
 .text._ZN13CLR_RT_Thread42ProcessException_FilterPseudoFrameCopyVarsEP17CLR_RT_StackFrameS1_
                0x0010cc2c       0x5c Thread.o
                0x0010cc2c                _ZN13CLR_RT_Thread42ProcessException_FilterPseudoFrameCopyVarsEP17CLR_RT_StackFrameS1_
 .text._ZN13CLR_RT_Thread23ProcessException_Phase1Ev
                0x0010cc88      0x2fc Thread.o
                0x0010cc88                _ZN13CLR_RT_Thread23ProcessException_Phase1Ev
 .text._ZN13CLR_RT_Thread23ProcessException_Phase2Ev
                0x0010cf84      0x240 Thread.o
                0x0010cf84                _ZN13CLR_RT_Thread23ProcessException_Phase2Ev
 .text._ZN13CLR_RT_Thread16ProcessExceptionEv
                0x0010d1c4       0xc8 Thread.o
                0x0010d1c4                _ZN13CLR_RT_Thread16ProcessExceptionEv
 .text._ZN13CLR_RT_Thread26ProcessException_EndFilterEv
                0x0010d28c       0x9c Thread.o
                0x0010d28c                _ZN13CLR_RT_Thread26ProcessException_EndFilterEv
 .text._ZN13CLR_RT_Thread27ProcessException_EndFinallyEv
                0x0010d328       0xe4 Thread.o
                0x0010d328                _ZN13CLR_RT_Thread27ProcessException_EndFinallyEv
 .text._ZN26CLR_RT_ReflectionDef_Index18InitializeFromHashEj
                0x0010d40c       0x10 TypeSystem.o
                0x0010d40c                _ZN26CLR_RT_ReflectionDef_Index18InitializeFromHashEj
 .text._ZN22CLR_RT_SignatureParser19Initialize_TypeSpecEP15CLR_RT_AssemblyPK19CLR_RECORD_TYPESPEC
                0x0010d41c       0x38 TypeSystem.o
                0x0010d41c                _ZN22CLR_RT_SignatureParser19Initialize_TypeSpecEP15CLR_RT_AssemblyPK19CLR_RECORD_TYPESPEC
 .text._ZN22CLR_RT_SignatureParser21Initialize_InterfacesEP15CLR_RT_AssemblyPK18CLR_RECORD_TYPEDEF
                0x0010d454       0x4c TypeSystem.o
                0x0010d454                _ZN22CLR_RT_SignatureParser21Initialize_InterfacesEP15CLR_RT_AssemblyPK18CLR_RECORD_TYPEDEF
 .text._ZN22CLR_RT_SignatureParser19Initialize_FieldDefEP15CLR_RT_AssemblyPK19CLR_RECORD_FIELDDEF
                0x0010d4a0       0x3c TypeSystem.o
                0x0010d4a0                _ZN22CLR_RT_SignatureParser19Initialize_FieldDefEP15CLR_RT_AssemblyPK19CLR_RECORD_FIELDDEF
 .text._ZN22CLR_RT_SignatureParser26Initialize_MethodSignatureEP15CLR_RT_AssemblyPK20CLR_RECORD_METHODDEF
                0x0010d4dc       0x44 TypeSystem.o
                0x0010d4dc                _ZN22CLR_RT_SignatureParser26Initialize_MethodSignatureEP15CLR_RT_AssemblyPK20CLR_RECORD_METHODDEF
 .text._ZN24CLR_RT_TypeSpec_Instance12ResolveTokenEjP15CLR_RT_Assembly
                0x0010d520       0x74 TypeSystem.o
                0x0010d520                _ZN24CLR_RT_TypeSpec_Instance12ResolveTokenEjP15CLR_RT_Assembly
 .text._ZN23CLR_RT_TypeDef_Instance19InitializeFromIndexERK20CLR_RT_TypeDef_Index
                0x0010d594       0x68 TypeSystem.o
                0x0010d594                _ZN23CLR_RT_TypeDef_Instance19InitializeFromIndexERK20CLR_RT_TypeDef_Index
 .text._ZN23CLR_RT_TypeDef_Instance20InitializeFromMethodERK25CLR_RT_MethodDef_Instance
                0x0010d5fc       0x7c TypeSystem.o
                0x0010d5fc                _ZN23CLR_RT_TypeDef_Instance20InitializeFromMethodERK25CLR_RT_MethodDef_Instance
 .text._ZN23CLR_RT_TypeDef_Instance12ResolveTokenEjP15CLR_RT_Assembly
                0x0010d678       0xc4 TypeSystem.o
                0x0010d678                _ZN23CLR_RT_TypeDef_Instance12ResolveTokenEjP15CLR_RT_Assembly
 .text._ZN23CLR_RT_TypeDef_Instance14SwitchToParentEv
                0x0010d73c       0xc0 TypeSystem.o
                0x0010d73c                _ZN23CLR_RT_TypeDef_Instance14SwitchToParentEv
 .text._ZNK23CLR_RT_TypeDef_Instance12HasFinalizerEv
                0x0010d7fc       0x28 TypeSystem.o
                0x0010d7fc                _ZNK23CLR_RT_TypeDef_Instance12HasFinalizerEv
 .text._ZN24CLR_RT_FieldDef_Instance19InitializeFromIndexERK21CLR_RT_FieldDef_Index
                0x0010d824       0x64 TypeSystem.o
                0x0010d824                _ZN24CLR_RT_FieldDef_Instance19InitializeFromIndexERK21CLR_RT_FieldDef_Index
 .text._ZN24CLR_RT_FieldDef_Instance12ResolveTokenEjP15CLR_RT_Assembly
                0x0010d888       0xb0 TypeSystem.o
                0x0010d888                _ZN24CLR_RT_FieldDef_Instance12ResolveTokenEjP15CLR_RT_Assembly
 .text._ZN25CLR_RT_MethodDef_Instance19InitializeFromIndexERK22CLR_RT_MethodDef_Index
                0x0010d938       0x64 TypeSystem.o
                0x0010d938                _ZN25CLR_RT_MethodDef_Instance19InitializeFromIndexERK22CLR_RT_MethodDef_Index
 .text._ZN25CLR_RT_MethodDef_Instance12ResolveTokenEjP15CLR_RT_Assembly
                0x0010d99c       0xb0 TypeSystem.o
                0x0010d99c                _ZN25CLR_RT_MethodDef_Instance12ResolveTokenEjP15CLR_RT_Assembly
 .text._ZN21CLR_RT_TypeDescriptor22InitializeFromDataTypeE12CLR_DataType
                0x0010da4c       0xa8 TypeSystem.o
                0x0010da4c                _ZN21CLR_RT_TypeDescriptor22InitializeFromDataTypeE12CLR_DataType
 .text._ZN21CLR_RT_TypeDescriptor18InitializeFromTypeERK20CLR_RT_TypeDef_Index
                0x0010daf4      0x104 TypeSystem.o
                0x0010daf4                _ZN21CLR_RT_TypeDescriptor18InitializeFromTypeERK20CLR_RT_TypeDef_Index
 .text._ZN21CLR_RT_TypeDescriptor20InitializeFromObjectERK16CLR_RT_HeapBlock
                0x0010dbf8      0x2e0 TypeSystem.o
                0x0010dbf8                _ZN21CLR_RT_TypeDescriptor20InitializeFromObjectERK16CLR_RT_HeapBlock
 .text._ZN21CLR_RT_TypeDescriptor14GetElementTypeERS_
                0x0010ded8       0x60 TypeSystem.o
                0x0010ded8                _ZN21CLR_RT_TypeDescriptor14GetElementTypeERS_
 .text._ZN21CLR_RT_TypeDescriptor24ExtractObjectAndDataTypeERP16CLR_RT_HeapBlockR12CLR_DataType
                0x0010df38       0x4c TypeSystem.o
                0x0010df38                _ZN21CLR_RT_TypeDescriptor24ExtractObjectAndDataTypeERP16CLR_RT_HeapBlockR12CLR_DataType
 .text._ZN21CLR_RT_TypeDescriptor26ExtractTypeIndexFromObjectERK16CLR_RT_HeapBlockR20CLR_RT_TypeDef_Index
                0x0010df84       0xc8 TypeSystem.o
                0x0010df84                _ZN21CLR_RT_TypeDescriptor26ExtractTypeIndexFromObjectERK16CLR_RT_HeapBlockR20CLR_RT_TypeDef_Index
 .text._ZNK19CLR_RECORD_ASSEMBLY10GoodHeaderEv
                0x0010e04c       0x7c TypeSystem.o
                0x0010e04c                _ZNK19CLR_RECORD_ASSEMBLY10GoodHeaderEv
 .text._ZN13CLR_RECORD_EH21ExtractEhFromByteCodeEPKhRPKS_Rj
                0x0010e0c8       0x1c TypeSystem.o
                0x0010e0c8                _ZN13CLR_RECORD_EH21ExtractEhFromByteCodeEPKhRPKS_Rj
 .text._ZN23CLR_RT_ExceptionHandler13ConvertFromEHERK25CLR_RT_MethodDef_InstancePKhPK13CLR_RECORD_EH
                0x0010e0e4      0x10c TypeSystem.o
                0x0010e0e4                _ZN23CLR_RT_ExceptionHandler13ConvertFromEHERK25CLR_RT_MethodDef_InstancePKhPK13CLR_RECORD_EH
 .text._ZN15CLR_RT_Assembly19Assembly_InitializeERNS_7OffsetsE
                0x0010e1f0       0xf0 TypeSystem.o
                0x0010e1f0                _ZN15CLR_RT_Assembly19Assembly_InitializeERNS_7OffsetsE
 .text._ZN15CLR_RT_Assembly14CreateInstanceEPK19CLR_RECORD_ASSEMBLYRPS_
                0x0010e2e0      0x4b0 TypeSystem.o
                0x0010e2e0                _ZN15CLR_RT_Assembly14CreateInstanceEPK19CLR_RECORD_ASSEMBLYRPS_
 .text._ZN15CLR_RT_Assembly12Resolve_LinkEv
                0x0010e790      0x1f4 TypeSystem.o
                0x0010e790                _ZN15CLR_RT_Assembly12Resolve_LinkEv
 .text._ZN15CLR_RT_Assembly17Resolve_MethodDefEv
                0x0010e984       0xe4 TypeSystem.o
                0x0010e984                _ZN15CLR_RT_Assembly17Resolve_MethodDefEv
 .text._ZN15CLR_RT_Assembly28Resolve_AllocateStaticFieldsEP16CLR_RT_HeapBlock
                0x0010ea68       0x9c TypeSystem.o
                0x0010ea68                _ZN15CLR_RT_Assembly28Resolve_AllocateStaticFieldsEP16CLR_RT_HeapBlock
 .text._ZN15CLR_RT_Assembly19PrepareForExecutionEv
                0x0010eb04       0xbc TypeSystem.o
                0x0010eb04                _ZN15CLR_RT_Assembly19PrepareForExecutionEv
 .text._ZN15CLR_RT_Assembly11FindTypeDefEPKcS1_R20CLR_RT_TypeDef_Index
                0x0010ebc0       0xc8 TypeSystem.o
                0x0010ebc0                _ZN15CLR_RT_Assembly11FindTypeDefEPKcS1_R20CLR_RT_TypeDef_Index
 .text._ZN15CLR_RT_Assembly11FindTypeDefEPKctR20CLR_RT_TypeDef_Index
                0x0010ec88       0x94 TypeSystem.o
                0x0010ec88                _ZN15CLR_RT_Assembly11FindTypeDefEPKctR20CLR_RT_TypeDef_Index
 .text._ZN15CLR_RT_Assembly15Resolve_TypeRefEv
                0x0010ed1c      0x148 TypeSystem.o
                0x0010ed1c                _ZN15CLR_RT_Assembly15Resolve_TypeRefEv
 .text._ZN15CLR_RT_Assembly15Resolve_TypeDefEv
                0x0010ee64       0x88 TypeSystem.o
                0x0010ee64                _ZN15CLR_RT_Assembly15Resolve_TypeDefEv
 .text._ZN15CLR_RT_Assembly20FindMethodBoundariesEtRtS0_
                0x0010eeec       0x70 TypeSystem.o
                0x0010eeec                _ZN15CLR_RT_Assembly20FindMethodBoundariesEtRtS0_
 .text._ZN15CLR_RT_Assembly25FindNextStaticConstructorER22CLR_RT_MethodDef_Index
                0x0010ef5c       0x68 TypeSystem.o
                0x0010ef5c                _ZN15CLR_RT_Assembly25FindNextStaticConstructorER22CLR_RT_MethodDef_Index
 .text._ZN15CLR_RT_Assembly8RelocateEv
                0x0010efc4       0x34 TypeSystem.o
                0x0010efc4                _ZN15CLR_RT_Assembly8RelocateEv
 .text._ZN17CLR_RT_TypeSystem21TypeSystem_InitializeEv
                0x0010eff8       0x30 TypeSystem.o
                0x0010eff8                _ZN17CLR_RT_TypeSystem21TypeSystem_InitializeEv
 .text._ZN17CLR_RT_TypeSystem4LinkEP15CLR_RT_Assembly
                0x0010f028       0x94 TypeSystem.o
                0x0010f028                _ZN17CLR_RT_TypeSystem4LinkEP15CLR_RT_Assembly
 .text._ZN17CLR_RT_TypeSystem12FindAssemblyEPKcPK18CLR_RECORD_VERSIONb
                0x0010f0bc       0xb8 TypeSystem.o
                0x0010f0bc                _ZN17CLR_RT_TypeSystem12FindAssemblyEPKcPK18CLR_RECORD_VERSIONb
 .text._ZN15CLR_RT_Assembly19Resolve_AssemblyRefEb
                0x0010f174      0x110 TypeSystem.o
                0x0010f174                _ZN15CLR_RT_Assembly19Resolve_AssemblyRefEb
 .text._ZN17CLR_RT_TypeSystem11FindTypeDefEjR20CLR_RT_TypeDef_Index
                0x0010f284       0x9c TypeSystem.o
                0x0010f284                _ZN17CLR_RT_TypeSystem11FindTypeDefEjR20CLR_RT_TypeDef_Index
 .text._ZN23CLR_RT_TypeDef_Instance24InitializeFromReflectionERK26CLR_RT_ReflectionDef_IndexPj
                0x0010f320       0xdc TypeSystem.o
                0x0010f320                _ZN23CLR_RT_TypeDef_Instance24InitializeFromReflectionERK26CLR_RT_ReflectionDef_IndexPj
 .text._ZN21CLR_RT_TypeDescriptor24InitializeFromReflectionERK26CLR_RT_ReflectionDef_Index
                0x0010f3fc      0x100 TypeSystem.o
                0x0010f3fc                _ZN21CLR_RT_TypeDescriptor24InitializeFromReflectionERK26CLR_RT_ReflectionDef_Index
 .text._ZN22CLR_RT_SignatureParser7AdvanceERNS_7ElementE
                0x0010f4fc      0x3ac TypeSystem.o
                0x0010f4fc                _ZN22CLR_RT_SignatureParser7AdvanceERNS_7ElementE
 .text._ZN21CLR_RT_TypeDescriptor29InitializeFromSignatureParserER22CLR_RT_SignatureParser
                0x0010f8a8       0xd4 TypeSystem.o
                0x0010f8a8                _ZN21CLR_RT_TypeDescriptor29InitializeFromSignatureParserER22CLR_RT_SignatureParser
 .text._ZN21CLR_RT_TypeDescriptor22InitializeFromTypeSpecERK21CLR_RT_TypeSpec_Index
                0x0010f97c       0x7c TypeSystem.o
                0x0010f97c                _ZN21CLR_RT_TypeDescriptor22InitializeFromTypeSpecERK21CLR_RT_TypeSpec_Index
 .text._ZN17CLR_RT_TypeSystem25PrepareForExecutionHelperEPKc
                0x0010f9f8       0x68 TypeSystem.o
                0x0010f9f8                _ZN17CLR_RT_TypeSystem25PrepareForExecutionHelperEPKc
 .text._ZN17CLR_RT_TypeSystem19PrepareForExecutionEv
                0x0010fa60       0xcc TypeSystem.o
                0x0010fa60                _ZN17CLR_RT_TypeSystem19PrepareForExecutionEv
 .text._ZN17CLR_RT_TypeSystem20MatchSignatureDirectER22CLR_RT_SignatureParserS1_b
                0x0010fb2c      0x150 TypeSystem.o
                0x0010fb2c                _ZN17CLR_RT_TypeSystem20MatchSignatureDirectER22CLR_RT_SignatureParserS1_b
 .text._ZN15CLR_RT_Assembly13FindMethodDefEPK18CLR_RECORD_TYPEDEFPKcPS_tR22CLR_RT_MethodDef_Index
                0x0010fc7c      0x160 TypeSystem.o
                0x0010fc7c                _ZN15CLR_RT_Assembly13FindMethodDefEPK18CLR_RECORD_TYPEDEFPKcPS_tR22CLR_RT_MethodDef_Index
 .text._ZN15CLR_RT_Assembly17Resolve_MethodRefEv
                0x0010fddc      0x1e0 TypeSystem.o
                0x0010fddc                _ZN15CLR_RT_Assembly17Resolve_MethodRefEv
 .text._ZL18local_FindFieldDefP15CLR_RT_AssemblyjjPKcS0_tR21CLR_RT_FieldDef_Index
                0x0010ffbc      0x13c TypeSystem.o
 .text._ZN15CLR_RT_Assembly12FindFieldDefEPK18CLR_RECORD_TYPEDEFPKcPS_tR21CLR_RT_FieldDef_Index
                0x001100f8       0x8c TypeSystem.o
                0x001100f8                _ZN15CLR_RT_Assembly12FindFieldDefEPK18CLR_RECORD_TYPEDEFPKcPS_tR21CLR_RT_FieldDef_Index
 .text._ZN15CLR_RT_Assembly16Resolve_FieldRefEv
                0x00110184      0x100 TypeSystem.o
                0x00110184                _ZN15CLR_RT_Assembly16Resolve_FieldRefEv
 .text._ZN17CLR_RT_TypeSystem13BuildTypeNameERK20CLR_RT_TypeDef_IndexRPcRjjj
                0x00110284      0x1b8 TypeSystem.o
                0x00110284                _ZN17CLR_RT_TypeSystem13BuildTypeNameERK20CLR_RT_TypeDef_IndexRPcRjjj
 .text._ZN17CLR_RT_TypeSystem13BuildTypeNameERK20CLR_RT_TypeDef_IndexRPcRj
                0x0011043c       0x24 TypeSystem.o
                0x0011043c                _ZN17CLR_RT_TypeSystem13BuildTypeNameERK20CLR_RT_TypeDef_IndexRPcRj
 .text._ZN15CLR_RT_Assembly21Resolve_ComputeHashesEv
                0x00110460      0x370 TypeSystem.o
                0x00110460                _ZN15CLR_RT_Assembly21Resolve_ComputeHashesEv
 .text._ZN17CLR_RT_TypeSystem10ResolveAllEv
                0x001107d0      0x4d0 TypeSystem.o
                0x001107d0                _ZN17CLR_RT_TypeSystem10ResolveAllEv
 .text._ZN17CLR_RT_TypeSystem20FindVirtualMethodDefERK20CLR_RT_TypeDef_IndexRK22CLR_RT_MethodDef_IndexPKcRS3_
                0x00110ca0      0x210 TypeSystem.o
                0x00110ca0                _ZN17CLR_RT_TypeSystem20FindVirtualMethodDefERK20CLR_RT_TypeDef_IndexRK22CLR_RT_MethodDef_IndexPKcRS3_
 .text._ZN17CLR_RT_TypeSystem20FindVirtualMethodDefERK20CLR_RT_TypeDef_IndexRK22CLR_RT_MethodDef_IndexRS3_
                0x00110eb0      0x164 TypeSystem.o
                0x00110eb0                _ZN17CLR_RT_TypeSystem20FindVirtualMethodDefERK20CLR_RT_TypeDef_IndexRK22CLR_RT_MethodDef_IndexRS3_
 .text.SUPPORT_ComputeCRC
                0x00111014       0x38 nanoSupport_CRC32.o
                0x00111014                SUPPORT_ComputeCRC
 .text.consoleDrawChar
                0x0011104c      0x1c8 C:/devkitPro/libctru/lib\libctru.a(console.o)
                0x0011104c                consoleDrawChar
 .text.consolePrintChar
                0x00111214      0x170 C:/devkitPro/libctru/lib\libctru.a(console.o)
                0x00111214                consolePrintChar
 .text.con_write
                0x00111384      0xcc8 C:/devkitPro/libctru/lib\libctru.a(console.o)
                0x00111384                con_write
 .text.newRow   0x0011204c       0xfc C:/devkitPro/libctru/lib\libctru.a(console.o)
 .text.consoleInit
                0x00112148      0x180 C:/devkitPro/libctru/lib\libctru.a(console.o)
                0x00112148                consoleInit
 .text.gfxPresentFramebuffer
                0x001122c8       0xcc C:/devkitPro/libctru/lib\libctru.a(gfx.o)
 .text.gfxIsWide
                0x00112394       0x1c C:/devkitPro/libctru/lib\libctru.a(gfx.o)
                0x00112394                gfxIsWide
 .text.gfxSetScreenFormat
                0x001123b0       0xf8 C:/devkitPro/libctru/lib\libctru.a(gfx.o)
                0x001123b0                gfxSetScreenFormat
 .text.gfxSetDoubleBuffering
                0x001124a8       0x10 C:/devkitPro/libctru/lib\libctru.a(gfx.o)
                0x001124a8                gfxSetDoubleBuffering
 .text.gfxInit  0x001124b8       0xd8 C:/devkitPro/libctru/lib\libctru.a(gfx.o)
                0x001124b8                gfxInit
 .text.gfxInitDefault
                0x00112590       0x10 C:/devkitPro/libctru/lib\libctru.a(gfx.o)
                0x00112590                gfxInitDefault
 .text.gfxExit  0x001125a0       0xb8 C:/devkitPro/libctru/lib\libctru.a(gfx.o)
                0x001125a0                gfxExit
 .text.gfxGetFramebuffer
                0x00112658       0xa0 C:/devkitPro/libctru/lib\libctru.a(gfx.o)
                0x00112658                gfxGetFramebuffer
 .text.gfxFlushBuffers
                0x001126f8      0x100 C:/devkitPro/libctru/lib\libctru.a(gfx.o)
                0x001126f8                gfxFlushBuffers
 .text.gfxSwapBuffers
                0x001127f8       0x50 C:/devkitPro/libctru/lib\libctru.a(gfx.o)
                0x001127f8                gfxSwapBuffers
 .text.gfxSwapBuffersGpu
                0x00112848       0x50 C:/devkitPro/libctru/lib\libctru.a(gfx.o)
                0x00112848                gfxSwapBuffersGpu
 .text.osGetTimeRef
                0x00112898       0x54 C:/devkitPro/libctru/lib\libctru.a(os.o)
                0x00112898                osGetTimeRef
 .text.osGetTime
                0x001128ec       0xec C:/devkitPro/libctru/lib\libctru.a(os.o)
                0x001128ec                osGetTime
 .text.__ctru_speedup_config
                0x001129d8       0x34 C:/devkitPro/libctru/lib\libctru.a(os.o)
                0x001129d8                __ctru_speedup_config
 .text.aptConvertScreenForCapture
                0x00112a0c      0x180 C:/devkitPro/libctru/lib\libctru.a(apt.o)
 .text.aptDspSleep
                0x00112b8c        0x8 C:/devkitPro/libctru/lib\libctru.a(apt.o)
                0x00112b8c                aptDspSleep
 .text.aptDspWakeup
                0x00112b94        0x4 C:/devkitPro/libctru/lib\libctru.a(apt.o)
                0x00112b94                aptDspWakeup
 .text.aptDspCancel
                0x00112b98        0x4 C:/devkitPro/libctru/lib\libctru.a(apt.o)
                0x00112b98                aptDspCancel
 .text.aptSendCommand
                0x00112b9c      0x138 C:/devkitPro/libctru/lib\libctru.a(apt.o)
                0x00112b9c                aptSendCommand
 *fill*         0x00112cd4        0x4 
 .text.aptExitProcess
                0x00112cd8       0x44 C:/devkitPro/libctru/lib\libctru.a(apt.o)
 .text.aptExit  0x00112d1c      0x394 C:/devkitPro/libctru/lib\libctru.a(apt.o)
                0x00112d1c                aptExit
 .text.aptHandleSleep
                0x001130b0       0xd8 C:/devkitPro/libctru/lib\libctru.a(apt.o)
                0x001130b0                aptHandleSleep
 .text.APT_SleepIfShellClosed
                0x00113188       0x84 C:/devkitPro/libctru/lib\libctru.a(apt.o)
                0x00113188                APT_SleepIfShellClosed
 .text.aptSetSleepAllowed
                0x0011320c       0x78 C:/devkitPro/libctru/lib\libctru.a(apt.o)
                0x0011320c                aptSetSleepAllowed
 .text.APT_UnlockTransition
                0x00113284       0x84 C:/devkitPro/libctru/lib\libctru.a(apt.o)
                0x00113284                APT_UnlockTransition
 .text.aptEventHandler
                0x00113308      0x470 C:/devkitPro/libctru/lib\libctru.a(apt.o)
 .text.APT_ReceiveParameter
                0x00113778       0xbc C:/devkitPro/libctru/lib\libctru.a(apt.o)
                0x00113778                APT_ReceiveParameter
 .text.aptReceiveParameter.constprop.0
                0x00113834       0xb0 C:/devkitPro/libctru/lib\libctru.a(apt.o)
 *fill*         0x001138e4        0x4 
 .text.aptScreenTransfer
                0x001138e8      0x294 C:/devkitPro/libctru/lib\libctru.a(apt.o)
 .text.aptWaitForWakeUp.isra.0
                0x00113b7c      0x2d0 C:/devkitPro/libctru/lib\libctru.a(apt.o)
 .text.aptJumpToHomeMenu
                0x00113e4c       0xf4 C:/devkitPro/libctru/lib\libctru.a(apt.o)
                0x00113e4c                aptJumpToHomeMenu
 .text.aptMainLoop
                0x00113f40       0x58 C:/devkitPro/libctru/lib\libctru.a(apt.o)
                0x00113f40                aptMainLoop
 .text.aptInit  0x00113f98      0x240 C:/devkitPro/libctru/lib\libctru.a(apt.o)
                0x00113f98                aptInit
 .text.APT_CheckNew3DS
                0x001141d8       0x90 C:/devkitPro/libctru/lib\libctru.a(apt.o)
                0x001141d8                APT_CheckNew3DS
 .text.gspHardwareInit
                0x00114268      0xc70 C:/devkitPro/libctru/lib\libctru.a(gspgpu.o)
 .text.gspInit  0x00114ed8      0x288 C:/devkitPro/libctru/lib\libctru.a(gspgpu.o)
                0x00114ed8                gspInit
 .text.gspExit  0x00115160      0x104 C:/devkitPro/libctru/lib\libctru.a(gspgpu.o)
                0x00115160                gspExit
 .text.gspHasGpuRight
                0x00115264       0x10 C:/devkitPro/libctru/lib\libctru.a(gspgpu.o)
                0x00115264                gspHasGpuRight
 .text.gspPresentBuffer
                0x00115274       0xa4 C:/devkitPro/libctru/lib\libctru.a(gspgpu.o)
                0x00115274                gspPresentBuffer
 .text.gspWaitForEvent
                0x00115318       0x50 C:/devkitPro/libctru/lib\libctru.a(gspgpu.o)
                0x00115318                gspWaitForEvent
 .text.gxCmdQueueInterrupt
                0x00115368        0x4 C:/devkitPro/libctru/lib\libctru.a(gspgpu.o)
                0x00115368                gxCmdQueueInterrupt
 .text.gspEventThreadMain
                0x0011536c      0x154 C:/devkitPro/libctru/lib\libctru.a(gspgpu.o)
 .text.GSPGPU_FlushDataCache
                0x001154c0       0x50 C:/devkitPro/libctru/lib\libctru.a(gspgpu.o)
                0x001154c0                GSPGPU_FlushDataCache
 .text.GSPGPU_SetLcdForceBlack
                0x00115510       0x34 C:/devkitPro/libctru/lib\libctru.a(gspgpu.o)
                0x00115510                GSPGPU_SetLcdForceBlack
 .text.GSPGPU_AcquireRight
                0x00115544       0x84 C:/devkitPro/libctru/lib\libctru.a(gspgpu.o)
                0x00115544                GSPGPU_AcquireRight
 .text.GSPGPU_ReleaseRight
                0x001155c8       0x64 C:/devkitPro/libctru/lib\libctru.a(gspgpu.o)
                0x001155c8                GSPGPU_ReleaseRight
 .text.GSPGPU_ImportDisplayCaptureInfo
                0x0011562c       0x7c C:/devkitPro/libctru/lib\libctru.a(gspgpu.o)
                0x0011562c                GSPGPU_ImportDisplayCaptureInfo
 .text.GSPGPU_SaveVramSysArea
                0x001156a8       0x2c C:/devkitPro/libctru/lib\libctru.a(gspgpu.o)
                0x001156a8                GSPGPU_SaveVramSysArea
 .text.GSPGPU_RestoreVramSysArea
                0x001156d4       0x2c C:/devkitPro/libctru/lib\libctru.a(gspgpu.o)
                0x001156d4                GSPGPU_RestoreVramSysArea
 .text.hidShouldUseIrrst
                0x00115700       0x24 C:/devkitPro/libctru/lib\libctru.a(hid.o)
                0x00115700                hidShouldUseIrrst
 .text.hidInit  0x00115724      0x1cc C:/devkitPro/libctru/lib\libctru.a(hid.o)
                0x00115724                hidInit
 .text.hidExit  0x001158f0       0xe8 C:/devkitPro/libctru/lib\libctru.a(hid.o)
                0x001158f0                hidExit
 .text.hidScanInput
                0x001159d8      0x2a0 C:/devkitPro/libctru/lib\libctru.a(hid.o)
                0x001159d8                hidScanInput
 .text.hidKeysDown
                0x00115c78       0x10 C:/devkitPro/libctru/lib\libctru.a(hid.o)
                0x00115c78                hidKeysDown
 .text.irrstInit
                0x00115c88      0x1a4 C:/devkitPro/libctru/lib\libctru.a(irrst.o)
                0x00115c88                irrstInit
 .text.irrstExit
                0x00115e2c       0xdc C:/devkitPro/libctru/lib\libctru.a(irrst.o)
                0x00115e2c                irrstExit
 .text.irrstScanInput
                0x00115f08       0xb4 C:/devkitPro/libctru/lib\libctru.a(irrst.o)
                0x00115f08                irrstScanInput
 .text.irrstKeysHeld
                0x00115fbc       0x24 C:/devkitPro/libctru/lib\libctru.a(irrst.o)
                0x00115fbc                irrstKeysHeld
 .text.ptmSysmInit
                0x00115fe0       0x78 C:/devkitPro/libctru/lib\libctru.a(ptmsysm.o)
                0x00115fe0                ptmSysmInit
 .text.ptmSysmExit
                0x00116058       0x3c C:/devkitPro/libctru/lib\libctru.a(ptmsysm.o)
                0x00116058                ptmSysmExit
 .text.PTMSYSM_ConfigureNew3DSCPU
                0x00116094       0x34 C:/devkitPro/libctru/lib\libctru.a(ptmsysm.o)
                0x00116094                PTMSYSM_ConfigureNew3DSCPU
 .text.__libctru_init
                0x001160c8       0x38 C:/devkitPro/libctru/lib\libctru.a(ctru_init.o)
                0x001160c8                __libctru_init
 .text.__system_initArgv
                0x00116100      0x16c C:/devkitPro/libctru/lib\libctru.a(initArgv.o)
                0x00116100                __system_initArgv
 .text.__syscall_getreent
                0x0011626c       0x30 C:/devkitPro/libctru/lib\libctru.a(syscalls.o)
                0x0011626c                __syscall_getreent
 .text.__syscall_lock_acquire
                0x0011629c        0x4 C:/devkitPro/libctru/lib\libctru.a(syscalls.o)
                0x0011629c                __syscall_lock_acquire
 .text.__syscall_lock_release
                0x001162a0        0x4 C:/devkitPro/libctru/lib\libctru.a(syscalls.o)
                0x001162a0                __syscall_lock_release
 .text.__syscall_lock_acquire_recursive
                0x001162a4        0x4 C:/devkitPro/libctru/lib\libctru.a(syscalls.o)
                0x001162a4                __syscall_lock_acquire_recursive
 .text.__syscall_lock_release_recursive
                0x001162a8        0x4 C:/devkitPro/libctru/lib\libctru.a(syscalls.o)
                0x001162a8                __syscall_lock_release_recursive
 .text.__syscall_exit
                0x001162ac        0x4 C:/devkitPro/libctru/lib\libctru.a(syscalls.o)
                0x001162ac                __syscall_exit
 .text.initThreadVars
                0x001162b0       0x54 C:/devkitPro/libctru/lib\libctru.a(syscalls.o)
                0x001162b0                initThreadVars
 .text.__system_initSyscalls
                0x00116304       0x80 C:/devkitPro/libctru/lib\libctru.a(syscalls.o)
                0x00116304                __system_initSyscalls
 .text.svcControlMemory
                0x00116384       0x20 C:/devkitPro/libctru/lib\libctru.a(svc.o)
                0x00116384                svcControlMemory
 .text.svcQueryMemory
                0x001163a4       0x30 C:/devkitPro/libctru/lib\libctru.a(svc.o)
                0x001163a4                svcQueryMemory
 .text.svcExitProcess
                0x001163d4        0x8 C:/devkitPro/libctru/lib\libctru.a(svc.o)
                0x001163d4                svcExitProcess
 .text.svcCreateThread
                0x001163dc       0x20 C:/devkitPro/libctru/lib\libctru.a(svc.o)
                0x001163dc                svcCreateThread
 .text.svcExitThread
                0x001163fc        0x8 C:/devkitPro/libctru/lib\libctru.a(svc.o)
                0x001163fc                svcExitThread
 .text.svcSleepThread
                0x00116404        0x8 C:/devkitPro/libctru/lib\libctru.a(svc.o)
                0x00116404                svcSleepThread
 .text.svcReleaseMutex
                0x0011640c        0x8 C:/devkitPro/libctru/lib\libctru.a(svc.o)
                0x0011640c                svcReleaseMutex
 .text.svcCreateEvent
                0x00116414       0x14 C:/devkitPro/libctru/lib\libctru.a(svc.o)
                0x00116414                svcCreateEvent
 .text.svcSignalEvent
                0x00116428        0x8 C:/devkitPro/libctru/lib\libctru.a(svc.o)
                0x00116428                svcSignalEvent
 .text.svcClearEvent
                0x00116430        0x8 C:/devkitPro/libctru/lib\libctru.a(svc.o)
                0x00116430                svcClearEvent
 .text.svcMapMemoryBlock
                0x00116438        0x8 C:/devkitPro/libctru/lib\libctru.a(svc.o)
                0x00116438                svcMapMemoryBlock
 .text.svcUnmapMemoryBlock
                0x00116440        0x8 C:/devkitPro/libctru/lib\libctru.a(svc.o)
                0x00116440                svcUnmapMemoryBlock
 .text.svcCreateAddressArbiter
                0x00116448       0x14 C:/devkitPro/libctru/lib\libctru.a(svc.o)
                0x00116448                svcCreateAddressArbiter
 .text.svcArbitrateAddressNoTimeout
                0x0011645c        0x8 C:/devkitPro/libctru/lib\libctru.a(svc.o)
                0x0011645c                svcArbitrateAddressNoTimeout
 .text.svcCloseHandle
                0x00116464        0x8 C:/devkitPro/libctru/lib\libctru.a(svc.o)
                0x00116464                svcCloseHandle
 .text.svcWaitSynchronization
                0x0011646c        0x8 C:/devkitPro/libctru/lib\libctru.a(svc.o)
                0x0011646c                svcWaitSynchronization
 .text.svcWaitSynchronizationN
                0x00116474       0x28 C:/devkitPro/libctru/lib\libctru.a(svc.o)
                0x00116474                svcWaitSynchronizationN
 .text.svcDuplicateHandle
                0x0011649c       0x14 C:/devkitPro/libctru/lib\libctru.a(svc.o)
                0x0011649c                svcDuplicateHandle
 .text.svcGetSystemTick
                0x001164b0        0x8 C:/devkitPro/libctru/lib\libctru.a(svc.o)
                0x001164b0                svcGetSystemTick
 .text.svcConnectToPort
                0x001164b8       0x14 C:/devkitPro/libctru/lib\libctru.a(svc.o)
                0x001164b8                svcConnectToPort
 .text.svcSendSyncRequest
                0x001164cc        0x8 C:/devkitPro/libctru/lib\libctru.a(svc.o)
                0x001164cc                svcSendSyncRequest
 .text.svcGetResourceLimit
                0x001164d4       0x14 C:/devkitPro/libctru/lib\libctru.a(svc.o)
                0x001164d4                svcGetResourceLimit
 .text.svcGetResourceLimitLimitValues
                0x001164e8        0x8 C:/devkitPro/libctru/lib\libctru.a(svc.o)
                0x001164e8                svcGetResourceLimitLimitValues
 .text.svcGetResourceLimitCurrentValues
                0x001164f0        0x8 C:/devkitPro/libctru/lib\libctru.a(svc.o)
                0x001164f0                svcGetResourceLimitCurrentValues
 .text.svcBreak
                0x001164f8        0x8 C:/devkitPro/libctru/lib\libctru.a(svc.o)
                0x001164f8                svcBreak
 .text.initSystem
                0x00116500       0x50 C:/devkitPro/libctru/lib\libctru.a(stack_adjust.o)
                0x00116500                initSystem
 .text.__ctru_exit
                0x00116550       0x14 C:/devkitPro/libctru/lib\libctru.a(stack_adjust.o)
                0x00116550                __ctru_exit
 .text._ZL21addrMapNodeComparatorPK11rbtree_nodeS1_
                0x00116564       0x24 C:/devkitPro/libctru/lib\libctru.a(linear.o)
 .text._ZL21addrMapNodeDestructorP11rbtree_node
                0x00116588        0x4 C:/devkitPro/libctru/lib\libctru.a(linear.o)
 .text.linearMemAlign
                0x0011658c      0x12c C:/devkitPro/libctru/lib\libctru.a(linear.o)
                0x0011658c                linearMemAlign
 .text.linearAlloc
                0x001166b8        0x8 C:/devkitPro/libctru/lib\libctru.a(linear.o)
                0x001166b8                linearAlloc
 .text.linearFree
                0x001166c0       0x5c C:/devkitPro/libctru/lib\libctru.a(linear.o)
                0x001166c0                linearFree
 .text._ZN7MemPool13CoalesceRightEP8MemBlock
                0x0011671c       0x88 C:/devkitPro/libctru/lib\libctru.a(mem_pool.o)
                0x0011671c                _ZN7MemPool13CoalesceRightEP8MemBlock
 .text._ZN7MemPool8AllocateER8MemChunkmi
                0x001167a4      0x178 C:/devkitPro/libctru/lib\libctru.a(mem_pool.o)
                0x001167a4                _ZN7MemPool8AllocateER8MemChunkmi
 .text._ZN7MemPool10DeallocateERK8MemChunk
                0x0011691c      0x118 C:/devkitPro/libctru/lib\libctru.a(mem_pool.o)
                0x0011691c                _ZN7MemPool10DeallocateERK8MemChunk
 .text._ZN7MemPool12GetFreeSpaceEv
                0x00116a34       0x30 C:/devkitPro/libctru/lib\libctru.a(mem_pool.o)
                0x00116a34                _ZN7MemPool12GetFreeSpaceEv
 .text._ZL21addrMapNodeComparatorPK11rbtree_nodeS1_
                0x00116a64       0x24 C:/devkitPro/libctru/lib\libctru.a(vram.o)
 .text._ZL21addrMapNodeDestructorP11rbtree_node
                0x00116a88        0x4 C:/devkitPro/libctru/lib\libctru.a(vram.o)
 .text.vramMemAlignAt
                0x00116a8c      0x248 C:/devkitPro/libctru/lib\libctru.a(vram.o)
                0x00116a8c                vramMemAlignAt
 .text.vramAlloc
                0x00116cd4        0xc C:/devkitPro/libctru/lib\libctru.a(vram.o)
                0x00116cd4                vramAlloc
 .text.vramFree
                0x00116ce0       0x94 C:/devkitPro/libctru/lib\libctru.a(vram.o)
                0x00116ce0                vramFree
 .text.envGetHandle
                0x00116d74       0x8c C:/devkitPro/libctru/lib\libctru.a(env.o)
                0x00116d74                envGetHandle
 .text.envDestroyHandles
                0x00116e00       0x50 C:/devkitPro/libctru/lib\libctru.a(env.o)
                0x00116e00                envDestroyHandles
 .text.srvInit  0x00116e50      0x164 C:/devkitPro/libctru/lib\libctru.a(srv.o)
                0x00116e50                srvInit
 .text.srvExit  0x00116fb4       0x64 C:/devkitPro/libctru/lib\libctru.a(srv.o)
                0x00116fb4                srvExit
 .text.srvEnableNotification
                0x00117018       0x60 C:/devkitPro/libctru/lib\libctru.a(srv.o)
                0x00117018                srvEnableNotification
 .text.srvGetServiceHandleDirect
                0x00117078       0xa0 C:/devkitPro/libctru/lib\libctru.a(srv.o)
                0x00117078                srvGetServiceHandleDirect
 .text.srvGetServiceHandle
                0x00117118       0x48 C:/devkitPro/libctru/lib\libctru.a(srv.o)
                0x00117118                srvGetServiceHandle
 .text.srvSubscribe
                0x00117160       0x34 C:/devkitPro/libctru/lib\libctru.a(srv.o)
                0x00117160                srvSubscribe
 .text.srvReceiveNotification
                0x00117194       0x60 C:/devkitPro/libctru/lib\libctru.a(srv.o)
                0x00117194                srvReceiveNotification
 .text.srvPublishToSubscriber
                0x001171f4       0x38 C:/devkitPro/libctru/lib\libctru.a(srv.o)
                0x001171f4                srvPublishToSubscriber
 .text.__sync_init
                0x0011722c        0xc C:/devkitPro/libctru/lib\libctru.a(synchronization.o)
                0x0011722c                __sync_init
 .text.__sync_fini
                0x00117238       0x18 C:/devkitPro/libctru/lib\libctru.a(synchronization.o)
                0x00117238                __sync_fini
 .text.syncArbitrateAddress
                0x00117250       0x28 C:/devkitPro/libctru/lib\libctru.a(synchronization.o)
                0x00117250                syncArbitrateAddress
 .text.LightLock_Lock
                0x00117278       0xac C:/devkitPro/libctru/lib\libctru.a(synchronization.o)
                0x00117278                LightLock_Lock
 .text.LightLock_Unlock
                0x00117324       0x40 C:/devkitPro/libctru/lib\libctru.a(synchronization.o)
                0x00117324                LightLock_Unlock
 .text.RecursiveLock_Lock
                0x00117364       0x54 C:/devkitPro/libctru/lib\libctru.a(synchronization.o)
                0x00117364                RecursiveLock_Lock
 .text.RecursiveLock_Unlock
                0x001173b8       0x54 C:/devkitPro/libctru/lib\libctru.a(synchronization.o)
                0x001173b8                RecursiveLock_Unlock
 .text.LightEvent_Init
                0x0011740c       0x44 C:/devkitPro/libctru/lib\libctru.a(synchronization.o)
                0x0011740c                LightEvent_Init
 .text.LightEvent_Clear
                0x00117450       0xb8 C:/devkitPro/libctru/lib\libctru.a(synchronization.o)
                0x00117450                LightEvent_Clear
 .text.LightEvent_Signal
                0x00117508       0xdc C:/devkitPro/libctru/lib\libctru.a(synchronization.o)
                0x00117508                LightEvent_Signal
 .text.LightEvent_TryWait
                0x001175e4       0x50 C:/devkitPro/libctru/lib\libctru.a(synchronization.o)
                0x001175e4                LightEvent_TryWait
 .text.LightEvent_Wait
                0x00117634       0xac C:/devkitPro/libctru/lib\libctru.a(synchronization.o)
                0x00117634                LightEvent_Wait
 .text.threadCreate
                0x001176e0      0x1fc C:/devkitPro/libctru/lib\libctru.a(thread.o)
                0x001176e0                threadCreate
 .text.threadFree
                0x001178dc       0x38 C:/devkitPro/libctru/lib\libctru.a(thread.o)
                0x001178dc                threadFree
 .text.threadJoin
                0x00117914       0x24 C:/devkitPro/libctru/lib\libctru.a(thread.o)
                0x00117914                threadJoin
 .text.threadGetCurrent
                0x00117938       0x30 C:/devkitPro/libctru/lib\libctru.a(thread.o)
                0x00117938                threadGetCurrent
 .text.threadExit
                0x00117968       0x40 C:/devkitPro/libctru/lib\libctru.a(thread.o)
                0x00117968                threadExit
 .text._thread_begin
                0x001179a8       0x20 C:/devkitPro/libctru/lib\libctru.a(thread.o)
 .text.mappableFindAddressWithin
                0x001179c8       0x90 C:/devkitPro/libctru/lib\libctru.a(mappable.o)
 .text.mappableInit
                0x00117a58       0x28 C:/devkitPro/libctru/lib\libctru.a(mappable.o)