Archive member included to satisfy reference by file (symbol)

C:/devkitPro/libctru/lib\libctru.a(console.o)
                              main.o (consoleInit)
C:/devkitPro/libctru/lib\libctru.a(gfx.o)
                              C:/devkitPro/libctru/lib\libctru.a(console.o) (gfxIsWide)
C:/devkitPro/libctru/lib\libctru.a(apt.o)
                              main.o (aptMainLoop)
C:/devkitPro/libctru/lib\libctru.a(gspgpu.o)
                              C:/devkitPro/libctru/lib\libctru.a(gfx.o) (gspInit)
C:/devkitPro/libctru/lib\libctru.a(hid.o)
                              main.o (hidScanInput)
C:/devkitPro/libctru/lib\libctru.a(irrst.o)
                              C:/devkitPro/libctru/lib\libctru.a(hid.o) (irrstInit)
C:/devkitPro/libctru/lib\libctru.a(ctru_init.o)
                              C:/devkitPro/libctru/lib\libctru.a(apt.o) (__system_retAddr)
C:/devkitPro/libctru/lib\libctru.a(initArgv.o)
                              C:/devkitPro/libctru/lib\libctru.a(ctru_init.o) (__system_initArgv)
C:/devkitPro/libctru/lib\libctru.a(syscalls.o)
                              C:/devkitPro/libctru/lib\libctru.a(ctru_init.o) (__system_initSyscalls)
C:/devkitPro/libctru/lib\libctru.a(svc.o)
                              C:/devkitPro/libctru/lib\libctru.a(apt.o) (svcSleepThread)
C:/devkitPro/libctru/lib\libctru.a(stack_adjust.o)
                              C:/devkitPro/devkitARM/bin/../lib/gcc/arm-none-eabi/15.2.0/../../../../arm-none-eabi/lib/armv6k/fpu/3dsx_crt0.o (initSystem)
C:/devkitPro/libctru/lib\libctru.a(default_font.bin.o)
                              C:/devkitPro/libctru/lib\libctru.a(console.o) (default_font_bin)
C:/devkitPro/libctru/lib\libctru.a(linear.o)
                              C:/devkitPro/libctru/lib\libctru.a(gfx.o) (linearAlloc)
C:/devkitPro/libctru/lib\libctru.a(mem_pool.o)
                              C:/devkitPro/libctru/lib\libctru.a(linear.o) (_ZN7MemPool8AllocateER8MemChunkmi)
C:/devkitPro/libctru/lib\libctru.a(vram.o)
                              C:/devkitPro/libctru/lib\libctru.a(gfx.o) (vramAlloc)
C:/devkitPro/libctru/lib\libctru.a(3dslink.o)
                              C:/devkitPro/libctru/lib\libctru.a(initArgv.o) (__3dslink_host)
C:/devkitPro/libctru/lib\libctru.a(env.o)
                              C:/devkitPro/libctru/lib\libctru.a(irrst.o) (envGetHandle)
C:/devkitPro/libctru/lib\libctru.a(os.o)
                              C:/devkitPro/libctru/lib\libctru.a(syscalls.o) (osGetTime)
C:/devkitPro/libctru/lib\libctru.a(srv.o)
                              C:/devkitPro/libctru/lib\libctru.a(apt.o) (srvInit)
C:/devkitPro/libctru/lib\libctru.a(synchronization.o)
                              C:/devkitPro/libctru/lib\libctru.a(ctru_init.o) (__sync_init)
C:/devkitPro/libctru/lib\libctru.a(thread.o)
                              C:/devkitPro/libctru/lib\libctru.a(apt.o) (threadCreate)
C:/devkitPro/libctru/lib\libctru.a(mappable.o)
                              C:/devkitPro/libctru/lib\libctru.a(apt.o) (mappableAlloc)
C:/devkitPro/libctru/lib\libctru.a(ptmsysm.o)
                              C:/devkitPro/libctru/lib\libctru.a(os.o) (ptmSysmInit)
C:/devkitPro/libctru/lib\libctru.a(srvpm.o)
                              C:/devkitPro/libctru/lib\libctru.a(srv.o) (srvPmGetSessionHandle)
C:/devkitPro/libctru/lib\libctru.a(soc_connect.o)
                              C:/devkitPro/libctru/lib\libctru.a(3dslink.o) (connect)
C:/devkitPro/libctru/lib\libctru.a(soc_socket.o)
                              C:/devkitPro/libctru/lib\libctru.a(3dslink.o) (socket)
C:/devkitPro/libctru/lib\libctru.a(rbtree_find.o)
                              C:/devkitPro/libctru/lib\libctru.a(linear.o) (rbtree_find)
C:/devkitPro/libctru/lib\libctru.a(rbtree_init.o)
                              C:/devkitPro/libctru/lib\libctru.a(linear.o) (rbtree_init)
C:/devkitPro/libctru/lib\libctru.a(rbtree_insert.o)
                              C:/devkitPro/libctru/lib\libctru.a(linear.o) (rbtree_insert)
C:/devkitPro/libctru/lib\libctru.a(rbtree_remove.o)
                              C:/devkitPro/libctru/lib\libctru.a(linear.o) (rbtree_remove)
C:/devkitPro/libctru/lib\libctru.a(rbtree_rotate.o)
                              C:/devkitPro/libctru/lib\libctru.a(rbtree_insert.o) (rbtree_rotate)
C:/devkitPro/libctru/lib\libctru.a(allocateHeaps.o)
                              C:/devkitPro/libctru/lib\libctru.a(ctru_init.o) (__system_allocateHeaps)
C:/devkitPro/libctru/lib\libctru.a(appExit.o)
                              C:/devkitPro/libctru/lib\libctru.a(stack_adjust.o) (__appExit)
C:/devkitPro/libctru/lib\libctru.a(appInit.o)
                              C:/devkitPro/libctru/lib\libctru.a(stack_adjust.o) (__appInit)
C:/devkitPro/libctru/lib\libctru.a(ctru_exit.o)
                              C:/devkitPro/libctru/lib\libctru.a(stack_adjust.o) (__libctru_exit)
C:/devkitPro/libctru/lib\libctru.a(archive_dev.o)
[...]
Memory Configuration

Name             Origin             Length             Attributes
*default*        0x00000000         0xffffffff

Linker script and memory map

                0x00000000                        __sync_synchronize = __sync_synchronize_dmb
                0x00100000                        PROVIDE (__start__ = 0x100000)
                0x00100000                        . = __start__

.text           0x00100000    0x17930
 *(.crt0)
 .crt0          0x00100000       0x94 C:/devkitPro/devkitARM/bin/../lib/gcc/arm-none-eabi/15.2.0/../../../../arm-none-eabi/lib/armv6k/fpu/3dsx_crt0.o
                0x00100000                _start
                0x00100008                __service_ptr
                0x0010000c                __apt_appid
                0x00100010                __heap_size
                0x00100014                __linear_heap_size
                0x00100018                __system_arglist
                0x0010001c                __system_runflags
 *(.init)
 .init          0x00100094        0xc C:/devkitPro/devkitARM/bin/../lib/gcc/arm-none-eabi/15.2.0/armv6k/fpu/crti.o
                0x00100094                _init
 .init          0x001000a0        0xc C:/devkitPro/devkitARM/bin/../lib/gcc/arm-none-eabi/15.2.0/armv6k/fpu/crtn.o
                0x001000ac                        . = ALIGN (0x4)
 *(.text)
 .text          0x001000ac      0x240 C:/devkitPro/devkitARM/bin/../lib/gcc/arm-none-eabi/15.2.0/armv6k/fpu\libgcc.a(_divsi3.o)
                0x001000ac                __divsi3
                0x001000ac                __aeabi_idiv
                0x001002cc                __aeabi_idivmod
 .text          0x001002ec        0x4 C:/devkitPro/devkitARM/bin/../lib/gcc/arm-none-eabi/15.2.0/armv6k/fpu\libgcc.a(_dvmd_tls.o)
                0x001002ec                __aeabi_idiv0
                0x001002ec                __aeabi_ldiv0
 .text          0x001002f0       0x3c C:/devkitPro/devkitARM/bin/../lib/gcc/arm-none-eabi/15.2.0/armv6k/fpu\libgcc.a(_aeabi_uldivmod.o)
                0x001002f0                __aeabi_uldivmod
 *fill*         0x0010032c       0x14 
 .text          0x00100340      0x390 C:/devkitPro/devkitARM/bin/../lib/gcc/arm-none-eabi/15.2.0/../../../../arm-none-eabi/lib/armv6k/fpu\libg.a(libc_a-strcmp.o)
                0x00100348                strcmp
 .text          0x001006d0      0x20c C:/devkitPro/devkitARM/bin/../lib/gcc/arm-none-eabi/15.2.0/armv6k/fpu\libgcc.a(_udivsi3.o)
                0x001006d0                __aeabi_uidiv
                0x001006d0                __udivsi3
                0x001008bc                __aeabi_uidivmod
 *(.text.*)
 .text.__do_global_dtors_aux
                0x001008dc       0x50 C:/devkitPro/devkitARM/bin/../lib/gcc/arm-none-eabi/15.2.0/armv6k/fpu/crtbegin.o
 .text.frame_dummy
                0x0010092c       0x2c C:/devkitPro/devkitARM/bin/../lib/gcc/arm-none-eabi/15.2.0/armv6k/fpu/crtbegin.o
 .text.startup.main
                0x00100958       0xe8 main.o
                0x00100958                main
 .text.consoleDrawChar
                0x00100a40      0x1c8 C:/devkitPro/libctru/lib\libctru.a(console.o)
                0x00100a40                consoleDrawChar
 .text.consolePrintChar
                0x00100c08      0x170 C:/devkitPro/libctru/lib\libctru.a(console.o)
                0x00100c08                consolePrintChar
 .text.con_write
                0x00100d78      0xcc8 C:/devkitPro/libctru/lib\libctru.a(console.o)
                0x00100d78                con_write
 .text.newRow   0x00101a40       0xfc C:/devkitPro/libctru/lib\libctru.a(console.o)
 .text.consoleInit
                0x00101b3c      0x180 C:/devkitPro/libctru/lib\libctru.a(console.o)
                0x00101b3c                consoleInit
 .text.gfxPresentFramebuffer
                0x00101cbc       0xcc C:/devkitPro/libctru/lib\libctru.a(gfx.o)
 .text.gfxIsWide
                0x00101d88       0x1c C:/devkitPro/libctru/lib\libctru.a(gfx.o)
                0x00101d88                gfxIsWide
 .text.gfxSetScreenFormat
                0x00101da4       0xf8 C:/devkitPro/libctru/lib\libctru.a(gfx.o)
                0x00101da4                gfxSetScreenFormat
 .text.gfxSetDoubleBuffering
                0x00101e9c       0x10 C:/devkitPro/libctru/lib\libctru.a(gfx.o)
                0x00101e9c                gfxSetDoubleBuffering
 .text.gfxInit  0x00101eac       0xd8 C:/devkitPro/libctru/lib\libctru.a(gfx.o)
                0x00101eac                gfxInit
 .text.gfxInitDefault
                0x00101f84       0x10 C:/devkitPro/libctru/lib\libctru.a(gfx.o)
                0x00101f84                gfxInitDefault
 .text.gfxExit  0x00101f94       0xb8 C:/devkitPro/libctru/lib\libctru.a(gfx.o)
                0x00101f94                gfxExit
 .text.gfxGetFramebuffer
                0x0010204c       0xa0 C:/devkitPro/libctru/lib\libctru.a(gfx.o)
                0x0010204c                gfxGetFramebuffer
 .text.gfxFlushBuffers
                0x001020ec      0x100 C:/devkitPro/libctru/lib\libctru.a(gfx.o)
                0x001020ec                gfxFlushBuffers
 .text.gfxSwapBuffers
                0x001021ec       0x50 C:/devkitPro/libctru/lib\libctru.a(gfx.o)
                0x001021ec                gfxSwapBuffers
 .text.gfxSwapBuffersGpu
                0x0010223c       0x50 C:/devkitPro/libctru/lib\libctru.a(gfx.o)
                0x0010223c                gfxSwapBuffersGpu
 .text.aptConvertScreenForCapture
                0x0010228c      0x180 C:/devkitPro/libctru/lib\libctru.a(apt.o)
 .text.aptDspSleep
                0x0010240c        0x8 C:/devkitPro/libctru/lib\libctru.a(apt.o)
                0x0010240c                aptDspSleep
 .text.aptDspWakeup
                0x00102414        0x4 C:/devkitPro/libctru/lib\libctru.a(apt.o)
                0x00102414                aptDspWakeup
 .text.aptDspCancel
                0x00102418        0x4 C:/devkitPro/libctru/lib\libctru.a(apt.o)
                0x00102418                aptDspCancel
 .text.aptSendCommand
                0x0010241c      0x138 C:/devkitPro/libctru/lib\libctru.a(apt.o)
                0x0010241c                aptSendCommand
 *fill*         0x00102554        0x4 
 .text.aptExitProcess
                0x00102558       0x44 C:/devkitPro/libctru/lib\libctru.a(apt.o)
 .text.aptExit  0x0010259c      0x394 C:/devkitPro/libctru/lib\libctru.a(apt.o)
                0x0010259c                aptExit
 .text.aptHandleSleep
                0x00102930       0xd8 C:/devkitPro/libctru/lib\libctru.a(apt.o)
                0x00102930                aptHandleSleep
 .text.APT_SleepIfShellClosed
                0x00102a08       0x84 C:/devkitPro/libctru/lib\libctru.a(apt.o)
                0x00102a08                APT_SleepIfShellClosed
 .text.aptSetSleepAllowed
                0x00102a8c       0x78 C:/devkitPro/libctru/lib\libctru.a(apt.o)
                0x00102a8c                aptSetSleepAllowed
 .text.APT_UnlockTransition
                0x00102b04       0x84 C:/devkitPro/libctru/lib\libctru.a(apt.o)
                0x00102b04                APT_UnlockTransition
 .text.aptEventHandler
                0x00102b88      0x470 C:/devkitPro/libctru/lib\libctru.a(apt.o)
 .text.APT_ReceiveParameter
                0x00102ff8       0xbc C:/devkitPro/libctru/lib\libctru.a(apt.o)
                0x00102ff8                APT_ReceiveParameter
 .text.aptReceiveParameter.constprop.0
                0x001030b4       0xb0 C:/devkitPro/libctru/lib\libctru.a(apt.o)
 *fill*         0x00103164        0x4 
 .text.aptScreenTransfer
                0x00103168      0x294 C:/devkitPro/libctru/lib\libctru.a(apt.o)
 .text.aptWaitForWakeUp.isra.0
                0x001033fc      0x2d0 C:/devkitPro/libctru/lib\libctru.a(apt.o)
 .text.aptJumpToHomeMenu
                0x001036cc       0xf4 C:/devkitPro/libctru/lib\libctru.a(apt.o)
                0x001036cc                aptJumpToHomeMenu
 .text.aptMainLoop
                0x001037c0       0x58 C:/devkitPro/libctru/lib\libctru.a(apt.o)
                0x001037c0                aptMainLoop
 .text.aptInit  0x00103818      0x240 C:/devkitPro/libctru/lib\libctru.a(apt.o)
                0x00103818                aptInit
 .text.APT_CheckNew3DS
                0x00103a58       0x90 C:/devkitPro/libctru/lib\libctru.a(apt.o)
                0x00103a58                APT_CheckNew3DS
 .text.gspHardwareInit
                0x00103ae8      0xc70 C:/devkitPro/libctru/lib\libctru.a(gspgpu.o)
 .text.gspInit  0x00104758      0x288 C:/devkitPro/libctru/lib\libctru.a(gspgpu.o)
                0x00104758                gspInit
 .text.gspExit  0x001049e0      0x104 C:/devkitPro/libctru/lib\libctru.a(gspgpu.o)
                0x001049e0                gspExit
 .text.gspHasGpuRight
                0x00104ae4       0x10 C:/devkitPro/libctru/lib\libctru.a(gspgpu.o)
                0x00104ae4                gspHasGpuRight
 .text.gspPresentBuffer
                0x00104af4       0xa4 C:/devkitPro/libctru/lib\libctru.a(gspgpu.o)
                0x00104af4                gspPresentBuffer
 .text.gspWaitForEvent
                0x00104b98       0x50 C:/devkitPro/libctru/lib\libctru.a(gspgpu.o)
                0x00104b98                gspWaitForEvent
 .text.gxCmdQueueInterrupt
                0x00104be8        0x4 C:/devkitPro/libctru/lib\libctru.a(gspgpu.o)
                0x00104be8                gxCmdQueueInterrupt
 .text.gspEventThreadMain
                0x00104bec      0x154 C:/devkitPro/libctru/lib\libctru.a(gspgpu.o)
 .text.GSPGPU_FlushDataCache
                0x00104d40       0x50 C:/devkitPro/libctru/lib\libctru.a(gspgpu.o)
                0x00104d40                GSPGPU_FlushDataCache
 .text.GSPGPU_SetLcdForceBlack
                0x00104d90       0x34 C:/devkitPro/libctru/lib\libctru.a(gspgpu.o)
                0x00104d90                GSPGPU_SetLcdForceBlack
 .text.GSPGPU_AcquireRight
                0x00104dc4       0x84 C:/devkitPro/libctru/lib\libctru.a(gspgpu.o)
                0x00104dc4                GSPGPU_AcquireRight
 .text.GSPGPU_ReleaseRight
                0x00104e48       0x64 C:/devkitPro/libctru/lib\libctru.a(gspgpu.o)
                0x00104e48                GSPGPU_ReleaseRight
 .text.GSPGPU_ImportDisplayCaptureInfo
                0x00104eac       0x7c C:/devkitPro/libctru/lib\libctru.a(gspgpu.o)
                0x00104eac                GSPGPU_ImportDisplayCaptureInfo
 .text.GSPGPU_SaveVramSysArea
                0x00104f28       0x2c C:/devkitPro/libctru/lib\libctru.a(gspgpu.o)
                0x00104f28                GSPGPU_SaveVramSysArea
 .text.GSPGPU_RestoreVramSysArea
                0x00104f54       0x2c C:/devkitPro/libctru/lib\libctru.a(gspgpu.o)
                0x00104f54                GSPGPU_RestoreVramSysArea
 .text.hidShouldUseIrrst
                0x00104f80       0x24 C:/devkitPro/libctru/lib\libctru.a(hid.o)
                0x00104f80                hidShouldUseIrrst
 .text.hidInit  0x00104fa4      0x1cc C:/devkitPro/libctru/lib\libctru.a(hid.o)
                0x00104fa4                hidInit
 .text.hidExit  0x00105170       0xe8 C:/devkitPro/libctru/lib\libctru.a(hid.o)
                0x00105170                hidExit
 .text.hidScanInput
                0x00105258      0x2a0 C:/devkitPro/libctru/lib\libctru.a(hid.o)
                0x00105258                hidScanInput
 .text.hidKeysDown
                0x001054f8       0x10 C:/devkitPro/libctru/lib\libctru.a(hid.o)
                0x001054f8                hidKeysDown
 .text.irrstInit
                0x00105508      0x1a4 C:/devkitPro/libctru/lib\libctru.a(irrst.o)
                0x00105508                irrstInit
 .text.irrstExit
                0x001056ac       0xdc C:/devkitPro/libctru/lib\libctru.a(irrst.o)
                0x001056ac                irrstExit
 .text.irrstScanInput
                0x00105788       0xb4 C:/devkitPro/libctru/lib\libctru.a(irrst.o)
                0x00105788                irrstScanInput
 .text.irrstKeysHeld
                0x0010583c       0x24 C:/devkitPro/libctru/lib\libctru.a(irrst.o)
                0x0010583c                irrstKeysHeld
 .text.__libctru_init
                0x00105860       0x38 C:/devkitPro/libctru/lib\libctru.a(ctru_init.o)
                0x00105860                __libctru_init
 .text.__system_initArgv
                0x00105898      0x16c C:/devkitPro/libctru/lib\libctru.a(initArgv.o)
                0x00105898                __system_initArgv
 .text.__syscall_getreent
                0x00105a04       0x30 C:/devkitPro/libctru/lib\libctru.a(syscalls.o)
                0x00105a04                __syscall_getreent
 .text.__syscall_lock_acquire
                0x00105a34        0x4 C:/devkitPro/libctru/lib\libctru.a(syscalls.o)
                0x00105a34                __syscall_lock_acquire
 .text.__syscall_lock_release
                0x00105a38        0x4 C:/devkitPro/libctru/lib\libctru.a(syscalls.o)
                0x00105a38                __syscall_lock_release
 .text.__syscall_lock_acquire_recursive
                0x00105a3c        0x4 C:/devkitPro/libctru/lib\libctru.a(syscalls.o)
                0x00105a3c                __syscall_lock_acquire_recursive
 .text.__syscall_lock_release_recursive
                0x00105a40        0x4 C:/devkitPro/libctru/lib\libctru.a(syscalls.o)
                0x00105a40                __syscall_lock_release_recursive
 .text.__syscall_exit
                0x00105a44        0x4 C:/devkitPro/libctru/lib\libctru.a(syscalls.o)
                0x00105a44                __syscall_exit
 .text.initThreadVars
                0x00105a48       0x54 C:/devkitPro/libctru/lib\libctru.a(syscalls.o)
                0x00105a48                initThreadVars
 .text.__system_initSyscalls
                0x00105a9c       0x80 C:/devkitPro/libctru/lib\libctru.a(syscalls.o)
                0x00105a9c                __system_initSyscalls
 .text.svcControlMemory
                0x00105b1c       0x20 C:/devkitPro/libctru/lib\libctru.a(svc.o)
                0x00105b1c                svcControlMemory
 .text.svcQueryMemory
                0x00105b3c       0x30 C:/devkitPro/libctru/lib\libctru.a(svc.o)
                0x00105b3c                svcQueryMemory
 .text.svcExitProcess
                0x00105b6c        0x8 C:/devkitPro/libctru/lib\libctru.a(svc.o)
                0x00105b6c                svcExitProcess
 .text.svcCreateThread
                0x00105b74       0x20 C:/devkitPro/libctru/lib\libctru.a(svc.o)
                0x00105b74                svcCreateThread
 .text.svcExitThread
                0x00105b94        0x8 C:/devkitPro/libctru/lib\libctru.a(svc.o)
                0x00105b94                svcExitThread
 .text.svcSleepThread
                0x00105b9c        0x8 C:/devkitPro/libctru/lib\libctru.a(svc.o)
                0x00105b9c                svcSleepThread
 .text.svcReleaseMutex
                0x00105ba4        0x8 C:/devkitPro/libctru/lib\libctru.a(svc.o)
                0x00105ba4                svcReleaseMutex
 .text.svcCreateEvent
                0x00105bac       0x14 C:/devkitPro/libctru/lib\libctru.a(svc.o)
                0x00105bac                svcCreateEvent
 .text.svcSignalEvent
                0x00105bc0        0x8 C:/devkitPro/libctru/lib\libctru.a(svc.o)
                0x00105bc0                svcSignalEvent
 .text.svcClearEvent
                0x00105bc8        0x8 C:/devkitPro/libctru/lib\libctru.a(svc.o)
                0x00105bc8                svcClearEvent
 .text.svcMapMemoryBlock
                0x00105bd0        0x8 C:/devkitPro/libctru/lib\libctru.a(svc.o)
                0x00105bd0                svcMapMemoryBlock
 .text.svcUnmapMemoryBlock
                0x00105bd8        0x8 C:/devkitPro/libctru/lib\libctru.a(svc.o)
                0x00105bd8                svcUnmapMemoryBlock
 .text.svcCreateAddressArbiter
                0x00105be0       0x14 C:/devkitPro/libctru/lib\libctru.a(svc.o)
                0x00105be0                svcCreateAddressArbiter
 .text.svcArbitrateAddressNoTimeout
                0x00105bf4        0x8 C:/devkitPro/libctru/lib\libctru.a(svc.o)
                0x00105bf4                svcArbitrateAddressNoTimeout
 .text.svcCloseHandle
                0x00105bfc        0x8 C:/devkitPro/libctru/lib\libctru.a(svc.o)
                0x00105bfc                svcCloseHandle
 .text.svcWaitSynchronization
                0x00105c04        0x8 C:/devkitPro/libctru/lib\libctru.a(svc.o)
                0x00105c04                svcWaitSynchronization
 .text.svcWaitSynchronizationN
                0x00105c0c       0x28 C:/devkitPro/libctru/lib\libctru.a(svc.o)
                0x00105c0c                svcWaitSynchronizationN
 .text.svcDuplicateHandle
                0x00105c34       0x14 C:/devkitPro/libctru/lib\libctru.a(svc.o)
                0x00105c34                svcDuplicateHandle
 .text.svcConnectToPort
                0x00105c48       0x14 C:/devkitPro/libctru/lib\libctru.a(svc.o)
                0x00105c48                svcConnectToPort
 .text.svcSendSyncRequest
                0x00105c5c        0x8 C:/devkitPro/libctru/lib\libctru.a(svc.o)
                0x00105c5c                svcSendSyncRequest
 .text.svcGetResourceLimit
                0x00105c64       0x14 C:/devkitPro/libctru/lib\libctru.a(svc.o)
                0x00105c64                svcGetResourceLimit
 .text.svcGetResourceLimitLimitValues
                0x00105c78        0x8 C:/devkitPro/libctru/lib\libctru.a(svc.o)
                0x00105c78                svcGetResourceLimitLimitValues
 .text.svcGetResourceLimitCurrentValues
                0x00105c80        0x8 C:/devkitPro/libctru/lib\libctru.a(svc.o)
                0x00105c80                svcGetResourceLimitCurrentValues
 .text.svcBreak
                0x00105c88        0x8 C:/devkitPro/libctru/lib\libctru.a(svc.o)
                0x00105c88                svcBreak
 .text.initSystem
                0x00105c90       0x50 C:/devkitPro/libctru/lib\libctru.a(stack_adjust.o)
                0x00105c90                initSystem
 .text.__ctru_exit
                0x00105ce0       0x14 C:/devkitPro/libctru/lib\libctru.a(stack_adjust.o)
                0x00105ce0                __ctru_exit
 .text._ZL21addrMapNodeComparatorPK11rbtree_nodeS1_
                0x00105cf4       0x24 C:/devkitPro/libctru/lib\libctru.a(linear.o)
 .text._ZL21addrMapNodeDestructorP11rbtree_node
                0x00105d18        0x4 C:/devkitPro/libctru/lib\libctru.a(linear.o)
 .text.linearMemAlign
                0x00105d1c      0x12c C:/devkitPro/libctru/lib\libctru.a(linear.o)
                0x00105d1c                linearMemAlign
 .text.linearAlloc
                0x00105e48        0x8 C:/devkitPro/libctru/lib\libctru.a(linear.o)
                0x00105e48                linearAlloc
 .text.linearFree
                0x00105e50       0x5c C:/devkitPro/libctru/lib\libctru.a(linear.o)
                0x00105e50                linearFree
 .text._ZN7MemPool13CoalesceRightEP8MemBlock
                0x00105eac       0x88 C:/devkitPro/libctru/lib\libctru.a(mem_pool.o)
                0x00105eac                _ZN7MemPool13CoalesceRightEP8MemBlock
 .text._ZN7MemPool8AllocateER8MemChunkmi
                0x00105f34      0x178 C:/devkitPro/libctru/lib\libctru.a(mem_pool.o)
                0x00105f34                _ZN7MemPool8AllocateER8MemChunkmi
 .text._ZN7MemPool10DeallocateERK8MemChunk
                0x001060ac      0x118 C:/devkitPro/libctru/lib\libctru.a(mem_pool.o)
                0x001060ac                _ZN7MemPool10DeallocateERK8MemChunk
 .text._ZN7MemPool12GetFreeSpaceEv
                0x001061c4       0x30 C:/devkitPro/libctru/lib\libctru.a(mem_pool.o)
                0x001061c4                _ZN7MemPool12GetFreeSpaceEv
 .text._ZL21addrMapNodeComparatorPK11rbtree_nodeS1_
                0x001061f4       0x24 C:/devkitPro/libctru/lib\libctru.a(vram.o)
 .text._ZL21addrMapNodeDestructorP11rbtree_node
                0x00106218        0x4 C:/devkitPro/libctru/lib\libctru.a(vram.o)
 .text.vramMemAlignAt
                0x0010621c      0x248 C:/devkitPro/libctru/lib\libctru.a(vram.o)
                0x0010621c                vramMemAlignAt
 .text.vramAlloc
                0x00106464        0xc C:/devkitPro/libctru/lib\libctru.a(vram.o)
                0x00106464                vramAlloc
 .text.vramFree
                0x00106470       0x94 C:/devkitPro/libctru/lib\libctru.a(vram.o)
                0x00106470                vramFree
 .text.envGetHandle
                0x00106504       0x8c C:/devkitPro/libctru/lib\libctru.a(env.o)
                0x00106504                envGetHandle
 .text.envDestroyHandles
                0x00106590       0x50 C:/devkitPro/libctru/lib\libctru.a(env.o)
                0x00106590                envDestroyHandles
 .text.__ctru_speedup_config
                0x001065e0       0x34 C:/devkitPro/libctru/lib\libctru.a(os.o)
                0x001065e0                __ctru_speedup_config
 .text.srvInit  0x00106614      0x164 C:/devkitPro/libctru/lib\libctru.a(srv.o)
                0x00106614                srvInit
 .text.srvExit  0x00106778       0x64 C:/devkitPro/libctru/lib\libctru.a(srv.o)
                0x00106778                srvExit
 .text.srvEnableNotification
                0x001067dc       0x60 C:/devkitPro/libctru/lib\libctru.a(srv.o)
                0x001067dc                srvEnableNotification
 .text.srvGetServiceHandleDirect
                0x0010683c       0xa0 C:/devkitPro/libctru/lib\libctru.a(srv.o)
                0x0010683c                srvGetServiceHandleDirect
 .text.srvGetServiceHandle
                0x001068dc       0x48 C:/devkitPro/libctru/lib\libctru.a(srv.o)
                0x001068dc                srvGetServiceHandle
 .text.srvSubscribe
                0x00106924       0x34 C:/devkitPro/libctru/lib\libctru.a(srv.o)
                0x00106924                srvSubscribe
 .text.srvReceiveNotification
                0x00106958       0x60 C:/devkitPro/libctru/lib\libctru.a(srv.o)
                0x00106958                srvReceiveNotification
 .text.srvPublishToSubscriber
                0x001069b8       0x38 C:/devkitPro/libctru/lib\libctru.a(srv.o)
                0x001069b8                srvPublishToSubscriber
 .text.__sync_init
                0x001069f0        0xc C:/devkitPro/libctru/lib\libctru.a(synchronization.o)
                0x001069f0                __sync_init
 .text.__sync_fini
                0x001069fc       0x18 C:/devkitPro/libctru/lib\libctru.a(synchronization.o)
                0x001069fc                __sync_fini
 .text.syncArbitrateAddress
                0x00106a14       0x28 C:/devkitPro/libctru/lib\libctru.a(synchronization.o)
                0x00106a14                syncArbitrateAddress
 .text.LightLock_Lock
                0x00106a3c       0xac C:/devkitPro/libctru/lib\libctru.a(synchronization.o)
                0x00106a3c                LightLock_Lock
 .text.LightLock_Unlock
                0x00106ae8       0x40 C:/devkitPro/libctru/lib\libctru.a(synchronization.o)
                0x00106ae8                LightLock_Unlock
 .text.RecursiveLock_Lock
                0x00106b28       0x54 C:/devkitPro/libctru/lib\libctru.a(synchronization.o)
                0x00106b28                RecursiveLock_Lock
 .text.RecursiveLock_Unlock
                0x00106b7c       0x54 C:/devkitPro/libctru/lib\libctru.a(synchronization.o)
                0x00106b7c                RecursiveLock_Unlock
 .text.LightEvent_Init
                0x00106bd0       0x44 C:/devkitPro/libctru/lib\libctru.a(synchronization.o)
                0x00106bd0                LightEvent_Init
 .text.LightEvent_Clear
                0x00106c14       0xb8 C:/devkitPro/libctru/lib\libctru.a(synchronization.o)
                0x00106c14                LightEvent_Clear
 .text.LightEvent_Signal
                0x00106ccc       0xdc C:/devkitPro/libctru/lib\libctru.a(synchronization.o)
                0x00106ccc                LightEvent_Signal
 .text.LightEvent_TryWait
                0x00106da8       0x50 C:/devkitPro/libctru/lib\libctru.a(synchronization.o)
                0x00106da8                LightEvent_TryWait
 .text.LightEvent_Wait
                0x00106df8       0xac C:/devkitPro/libctru/lib\libctru.a(synchronization.o)
                0x00106df8                LightEvent_Wait
 .text.threadCreate
                0x00106ea4      0x1fc C:/devkitPro/libctru/lib\libctru.a(thread.o)
                0x00106ea4                threadCreate
 .text.threadFree
                0x001070a0       0x38 C:/devkitPro/libctru/lib\libctru.a(thread.o)
                0x001070a0                threadFree
 .text.threadJoin
                0x001070d8       0x24 C:/devkitPro/libctru/lib\libctru.a(thread.o)
                0x001070d8                threadJoin
 .text.threadGetCurrent
                0x001070fc       0x30 C:/devkitPro/libctru/lib\libctru.a(thread.o)
                0x001070fc                threadGetCurrent
 .text.threadExit
                0x0010712c       0x40 C:/devkitPro/libctru/lib\libctru.a(thread.o)
                0x0010712c                threadExit
 .text._thread_begin
                0x0010716c       0x20 C:/devkitPro/libctru/lib\libctru.a(thread.o)
 .text.mappableFindAddressWithin
                0x0010718c       0x90 C:/devkitPro/libctru/lib\libctru.a(mappable.o)
 .text.mappableInit
                0x0010721c       0x28 C:/devkitPro/libctru/lib\libctru.a(mappable.o)
                0x0010721c                mappableInit
 .text.mappableAlloc
                0x00107244       0x7c C:/devkitPro/libctru/lib\libctru.a(mappable.o)
                0x00107244                mappableAlloc
 .text.mappableFree
                0x001072c0        0x4 C:/devkitPro/libctru/lib\libctru.a(mappable.o)
                0x001072c0                mappableFree
 .text.ptmSysmInit
                0x001072c4       0x78 C:/devkitPro/libctru/lib\libctru.a(ptmsysm.o)
                0x001072c4                ptmSysmInit
 .text.ptmSysmExit
                0x0010733c       0x3c C:/devkitPro/libctru/lib\libctru.a(ptmsysm.o)
                0x0010733c                ptmSysmExit
 .text.PTMSYSM_ConfigureNew3DSCPU
                0x00107378       0x34 C:/devkitPro/libctru/lib\libctru.a(ptmsysm.o)
                0x00107378                PTMSYSM_ConfigureNew3DSCPU
 .text.srvPmGetSessionHandle
                0x001073ac        0xc C:/devkitPro/libctru/lib\libctru.a(srvpm.o)
                0x001073ac                srvPmGetSessionHandle
 .text.rbtree_find
                0x001073b8       0x74 C:/devkitPro/libctru/lib\libctru.a(rbtree_find.o)
                0x001073b8                rbtree_find
 .text.rbtree_init
                0x0010742c       0x10 C:/devkitPro/libctru/lib\libctru.a(rbtree_init.o)
                0x0010742c                rbtree_init
 .text.do_insert
                0x0010743c      0x198 C:/devkitPro/libctru/lib\libctru.a(rbtree_insert.o)
 .text.rbtree_insert
                0x001075d4        0x8 C:/devkitPro/libctru/lib\libctru.a(rbtree_insert.o)
                0x001075d4                rbtree_insert
 .text.rbtree_remove
                0x001075dc      0x310 C:/devkitPro/libctru/lib\libctru.a(rbtree_remove.o)
                0x001075dc                rbtree_remove
 .text.rbtree_rotate
                0x001078ec       0x90 C:/devkitPro/libctru/lib\libctru.a(rbtree_rotate.o)
                0x001078ec                rbtree_rotate
 *fill*         0x0010797c        0x4 
 .text.__system_allocateHeaps
                0x00107980      0x1e8 C:/devkitPro/libctru/lib\libctru.a(allocateHeaps.o)
                0x00107980                __system_allocateHeaps
 .text.__appExit
                0x00107b68       0x30 C:/devkitPro/libctru/lib\libctru.a(appExit.o)
                0x00107b68                __appExit
 .text.__appInit
                0x00107b98       0x30 C:/devkitPro/libctru/lib\libctru.a(appInit.o)
                0x00107b98                __appInit
 .text.__libctru_exit
                0x00107bc8       0x90 C:/devkitPro/libctru/lib\libctru.a(ctru_exit.o)
                0x00107bc8                __libctru_exit
 .text.error_cmp
                0x00107c58       0x24 C:/devkitPro/libctru/lib\libctru.a(archive_dev.o)
 .text.archive_translate_error
                0x00107c7c       0x50 C:/devkitPro/libctru/lib\libctru.a(archive_dev.o)
 .text.archive_seek
                0x00107ccc       0xc0 C:/devkitPro/libctru/lib\libctru.a(archive_dev.o)
 .text._archiveInit.part.0
                0x00107d8c       0x78 C:/devkitPro/libctru/lib\libctru.a(archive_dev.o)
 .text.archiveFindDevice.part.0
                0x00107e04      0x110 C:/devkitPro/libctru/lib\libctru.a(archive_dev.o)
 .text.archive_utf16path
                0x00107f14      0x298 C:/devkitPro/libctru/lib\libctru.a(archive_dev.o)
 .text._archiveUnmountDeviceStruct.part.0
                0x001081ac       0x98 C:/devkitPro/libctru/lib\libctru.a(archive_dev.o)
 .text._archiveMountDevice
                0x00108244      0x178 C:/devkitPro/libctru/lib\libctru.a(archive_dev.o)
 .text.archive_diropen
                0x001083bc       0xf8 C:/devkitPro/libctru/lib\libctru.a(archive_dev.o)
 .text.archive_fstat
                0x001084b4       0xac C:/devkitPro/libctru/lib\libctru.a(archive_dev.o)
 .text.archive_fsync
                0x00108560       0x74 C:/devkitPro/libctru/lib\libctru.a(archive_dev.o)
 .text.archive_close
                0x001085d4       0x74 C:/devkitPro/libctru/lib\libctru.a(archive_dev.o)
 .text.archive_dirclose
                0x00108648       0x78 C:/devkitPro/libctru/lib\libctru.a(archive_dev.o)
 .text.sdmc_statvfs
                0x001086c0       0xec C:/devkitPro/libctru/lib\libctru.a(archive_dev.o)
 .text.archive_chdir
                0x001087ac       0xf8 C:/devkitPro/libctru/lib\libctru.a(archive_dev.o)
 .text.archive_ftruncate
                0x001088a4       0x8c C:/devkitPro/libctru/lib\libctru.a(archive_dev.o)
 .text.archive_read
                0x00108930       0xbc C:/devkitPro/libctru/lib\libctru.a(archive_dev.o)
 .text.archive_unlink
                0x001089ec       0xa8 C:/devkitPro/libctru/lib\libctru.a(archive_dev.o)
 .text.archive_rmdir
                0x00108a94       0xc0 C:/devkitPro/libctru/lib\libctru.a(archive_dev.o)
 .text.archive_mkdir
                0x00108b54       0xd8 C:/devkitPro/libctru/lib\libctru.a(archive_dev.o)
 .text.archive_stat
                0x00108c2c      0x1a0 C:/devkitPro/libctru/lib\libctru.a(archive_dev.o)
 .text.archive_dirnext
                0x00108dcc      0x164 C:/devkitPro/libctru/lib\libctru.a(archive_dev.o)
 .text.archive_write
                0x00108f30      0x13c C:/devkitPro/libctru/lib\libctru.a(archive_dev.o)
 *fill*         0x0010906c        0x4 
 .text.archive_open
                0x00109070      0x254 C:/devkitPro/libctru/lib\libctru.a(archive_dev.o)
 .text.archive_rename
                0x001092c4      0x270 C:/devkitPro/libctru/lib\libctru.a(archive_dev.o)
 .text.archiveMountSdmc
                0x00109534      0x1c8 C:/devkitPro/libctru/lib\libctru.a(archive_dev.o)
                0x00109534                archiveMountSdmc
 .text.archiveUnmountAll
                0x001096fc       0x54 C:/devkitPro/libctru/lib\libctru.a(archive_dev.o)
                0x001096fc                archiveUnmountAll
 .text.fsInit   0x00109750      0x104 C:/devkitPro/libctru/lib\libctru.a(fs.o)
                0x00109750                fsInit
 .text.fsExit   0x00109854       0x3c C:/devkitPro/libctru/lib\libctru.a(fs.o)
                0x00109854                fsExit
 .text.fsExemptFromSession
                0x00109890       0x68 C:/devkitPro/libctru/lib\libctru.a(fs.o)
                0x00109890                fsExemptFromSession
 .text.fsUnexemptFromSession
                0x001098f8       0x50 C:/devkitPro/libctru/lib\libctru.a(fs.o)
                0x001098f8                fsUnexemptFromSession
 .text.FSUSER_OpenFile
                0x00109948       0xcc C:/devkitPro/libctru/lib\libctru.a(fs.o)
                0x00109948                FSUSER_OpenFile
 .text.FSUSER_DeleteFile
                0x00109a14       0xb8 C:/devkitPro/libctru/lib\libctru.a(fs.o)
                0x00109a14                FSUSER_DeleteFile
 .text.FSUSER_RenameFile
                0x00109acc       0xf4 C:/devkitPro/libctru/lib\libctru.a(fs.o)
                0x00109acc                FSUSER_RenameFile
 .text.FSUSER_DeleteDirectory
                0x00109bc0       0xb8 C:/devkitPro/libctru/lib\libctru.a(fs.o)
                0x00109bc0                FSUSER_DeleteDirectory
 .text.FSUSER_CreateFile
                0x00109c78       0xd0 C:/devkitPro/libctru/lib\libctru.a(fs.o)
                0x00109c78                FSUSER_CreateFile
 .text.FSUSER_CreateDirectory
                0x00109d48       0xc0 C:/devkitPro/libctru/lib\libctru.a(fs.o)
                0x00109d48                FSUSER_CreateDirectory
 .text.FSUSER_RenameDirectory
                0x00109e08       0xf4 C:/devkitPro/libctru/lib\libctru.a(fs.o)
                0x00109e08                FSUSER_RenameDirectory
 .text.FSUSER_OpenDirectory
                0x00109efc       0xb4 C:/devkitPro/libctru/lib\libctru.a(fs.o)
                0x00109efc                FSUSER_OpenDirectory
 .text.FSUSER_OpenArchive
                0x00109fb0       0x90 C:/devkitPro/libctru/lib\libctru.a(fs.o)
                0x00109fb0                FSUSER_OpenArchive
 .text.FSUSER_CloseArchive
                0x0010a040       0x8c C:/devkitPro/libctru/lib\libctru.a(fs.o)
                0x0010a040                FSUSER_CloseArchive
 .text.FSUSER_GetSdmcArchiveResource
                0x0010a0cc       0x74 C:/devkitPro/libctru/lib\libctru.a(fs.o)
                0x0010a0cc                FSUSER_GetSdmcArchiveResource
 .text.FSUSER_IsSdmcWritable
                0x0010a140       0x64 C:/devkitPro/libctru/lib\libctru.a(fs.o)
                0x0010a140                FSUSER_IsSdmcWritable
 .text.FSFILE_Read
                0x0010a1a4       0x64 C:/devkitPro/libctru/lib\libctru.a(fs.o)
                0x0010a1a4                FSFILE_Read
 .text.FSFILE_Write
                0x0010a208       0x6c C:/devkitPro/libctru/lib\libctru.a(fs.o)
                0x0010a208                FSFILE_Write
 .text.FSFILE_GetSize
                0x0010a274       0x44 C:/devkitPro/libctru/lib\libctru.a(fs.o)
                0x0010a274                FSFILE_GetSize
 .text.FSFILE_SetSize
                0x0010a2b8       0x28 C:/devkitPro/libctru/lib\libctru.a(fs.o)
                0x0010a2b8                FSFILE_SetSize
 .text.FSFILE_Close
                0x0010a2e0       0x3c C:/devkitPro/libctru/lib\libctru.a(fs.o)
                0x0010a2e0                FSFILE_Close
 .text.FSFILE_Flush
                0x0010a31c       0x24 C:/devkitPro/libctru/lib\libctru.a(fs.o)
                0x0010a31c                FSFILE_Flush
 .text.FSDIR_Read
                0x0010a340       0x60 C:/devkitPro/libctru/lib\libctru.a(fs.o)
                0x0010a340                FSDIR_Read
 .text.FSDIR_Close
                0x0010a3a0       0x3c C:/devkitPro/libctru/lib\libctru.a(fs.o)
                0x0010a3a0                FSDIR_Close
 .text.rbtree_node_next
                0x0010a3dc       0x60 C:/devkitPro/libctru/lib\libctru.a(rbtree_iterator.o)
                0x0010a3dc                rbtree_node_next
 .text.decode_utf8
                0x0010a43c      0x140 C:/devkitPro/libctru/lib\libctru.a(decode_utf8.o)
                0x0010a43c                decode_utf8
 .text.utf16_to_utf8
                0x0010a57c       0xe8 C:/devkitPro/libctru/lib\libctru.a(utf16_to_utf8.o)
                0x0010a57c                utf16_to_utf8
 .text.utf8_to_utf16
                0x0010a664       0xc0 C:/devkitPro/libctru/lib\libctru.a(utf8_to_utf16.o)
                0x0010a664                utf8_to_utf16
 .text.__aeabi_read_tp
                0x0010a724        0xc C:/devkitPro/libctru/lib\libctru.a(readtp.o)
                0x0010a724                __aeabi_read_tp
 .text.decode_utf16
                0x0010a730       0x54 C:/devkitPro/libctru/lib\libctru.a(decode_utf16.o)
                0x0010a730                decode_utf16
 .text.encode_utf16
                0x0010a784       0x54 C:/devkitPro/libctru/lib\libctru.a(encode_utf16.o)
                0x0010a784                encode_utf16
 .text.encode_utf8
                0x0010a7d8       0xe0 C:/devkitPro/libctru/lib\libctru.a(encode_utf8.o)
                0x0010a7d8                encode_utf8
 .text.__udivmoddi4
                0x0010a8b8      0x130 C:/devkitPro/devkitARM/bin/../lib/gcc/arm-none-eabi/15.2.0/armv6k/fpu\libgcc.a(_udivmoddi4.o)
                0x0010a8b8                __udivmoddi4
 .text.strncat  0x0010a9e8       0xe4 C:/devkitPro/devkitARM/bin/../lib/gcc/arm-none-eabi/15.2.0/../../../../arm-none-eabi/lib/armv6k/fpu\libg.a(libc_a-strncat.o)
                0x0010a9e8                strncat
 .text.memcpy   0x0010aacc      0x128 C:/devkitPro/devkitARM/bin/../lib/gcc/arm-none-eabi/15.2.0/../../../../arm-none-eabi/lib/armv6k/fpu\libg.a(libc_a-memcpy-stub.o)
                0x0010aacc                memcpy
 .text.strlen   0x0010abf4       0x8c C:/devkitPro/devkitARM/bin/../lib/gcc/arm-none-eabi/15.2.0/../../../../arm-none-eabi/lib/armv6k/fpu\libg.a(libc_a-strlen.o)
                0x0010abf4                strlen
 .text.bsearch  0x0010ac80       0x78 C:/devkitPro/devkitARM/bin/../lib/gcc/arm-none-eabi/15.2.0/../../../../arm-none-eabi/lib/armv6k/fpu\libg.a(libc_a-bsearch.o)
                0x0010ac80                bsearch
 .text.memalign
                0x0010acf8       0x28 C:/devkitPro/devkitARM/bin/../lib/gcc/arm-none-eabi/15.2.0/../../../../arm-none-eabi/lib/armv6k/fpu\libg.a(libc_a-malign.o)
                0x0010acf8                memalign
 .text.printf   0x0010ad20       0x34 C:/devkitPro/devkitARM/bin/../lib/gcc/arm-none-eabi/15.2.0/../../../../arm-none-eabi/lib/armv6k/fpu\libg.a(libc_a-printf.o)
                0x0010ad20                printf
 .text._strtoul_l.isra.0
                0x0010ad54      0x1ec C:/devkitPro/devkitARM/bin/../lib/gcc/arm-none-eabi/15.2.0/../../../../arm-none-eabi/lib/armv6k/fpu\libg.a(libc_a-strtoul.o)
 .text.strtoul  0x0010af40       0x3c C:/devkitPro/devkitARM/bin/../lib/gcc/arm-none-eabi/15.2.0/../../../../arm-none-eabi/lib/armv6k/fpu\libg.a(libc_a-strtoul.o)
                0x0010af40                strtoul
 .text._memalign_r
                0x0010af7c      0x16c C:/devkitPro/devkitARM/bin/../lib/gcc/arm-none-eabi/15.2.0/../../../../arm-none-eabi/lib/armv6k/fpu\libg.a(libc_a-malignr.o)
                0x0010af7c                _memalign_r
 .text.__errno  0x0010b0e8        0xc C:/devkitPro/devkitARM/bin/../lib/gcc/arm-none-eabi/15.2.0/../../../../arm-none-eabi/lib/armv6k/fpu\libg.a(libc_a-errno.o)
                0x0010b0e8                __errno
 .text.memset   0x0010b0f4       0xe4 C:/devkitPro/devkitARM/bin/../lib/gcc/arm-none-eabi/15.2.0/../../../../arm-none-eabi/lib/armv6k/fpu\libg.a(libc_a-memset.o)
                0x0010b0f4                memset
 .text.__sflush_r
                0x0010b1d8      0x22c C:/devkitPro/devkitARM/bin/../lib/gcc/arm-none-eabi/15.2.0/../../../../arm-none-eabi/lib/armv6k/fpu\libg.a(libc_a-fflush.o)
                0x0010b1d8                __sflush_r
 .text._fflush_r
                0x0010b404       0xc4 C:/devkitPro/devkitARM/bin/../lib/gcc/arm-none-eabi/15.2.0/../../../../arm-none-eabi/lib/armv6k/fpu\libg.a(libc_a-fflush.o)
                0x0010b404                _fflush_r
 .text._malloc_r
                0x0010b4c8      0x82c C:/devkitPro/devkitARM/bin/../lib/gcc/arm-none-eabi/15.2.0/../../../../arm-none-eabi/lib/armv6k/fpu\libg.a(libc_a-mallocr.o)
                0x0010b4c8                _malloc_r
 .text._malloc_trim_r
                0x0010bcf4      0x114 C:/devkitPro/devkitARM/bin/../lib/gcc/arm-none-eabi/15.2.0/../../../../arm-none-eabi/lib/armv6k/fpu\libg.a(libc_a-freer.o)
                0x0010bcf4                _malloc_trim_r
 .text._free_r  0x0010be08      0x314 C:/devkitPro/devkitARM/bin/../lib/gcc/arm-none-eabi/15.2.0/../../../../arm-none-eabi/lib/armv6k/fpu\libg.a(libc_a-freer.o)
                0x0010be08                _free_r
 .text.setvbuf  0x0010c11c      0x294 C:/devkitPro/devkitARM/bin/../lib/gcc/arm-none-eabi/15.2.0/../../../../arm-none-eabi/lib/armv6k/fpu\libg.a(libc_a-setvbuf.o)
                0x0010c11c                setvbuf
 .text.stdio_exit_handler
                0x0010c3b0       0x1c C:/devkitPro/devkitARM/bin/../lib/gcc/arm-none-eabi/15.2.0/../../../../arm-none-eabi/lib/armv6k/fpu\libg.a(libc_a-findfp.o)
 .text.cleanup_stdio
                0x0010c3cc       0x5c C:/devkitPro/devkitARM/bin/../lib/gcc/arm-none-eabi/15.2.0/../../../../arm-none-eabi/lib/armv6k/fpu\libg.a(libc_a-findfp.o)
 .text.global_stdio_init.part.0
                0x0010c428      0x154 C:/devkitPro/devkitARM/bin/../lib/gcc/arm-none-eabi/15.2.0/../../../../arm-none-eabi/lib/armv6k/fpu\libg.a(libc_a-findfp.o)
 .text.__sinit  0x0010c57c       0x5c C:/devkitPro/devkitARM/bin/../lib/gcc/arm-none-eabi/15.2.0/../../../../arm-none-eabi/lib/armv6k/fpu\libg.a(libc_a-findfp.o)
                0x0010c57c                __sinit
 .text.__sfp_lock_acquire
                0x0010c5d8        0xc C:/devkitPro/devkitARM/bin/../lib/gcc/arm-none-eabi/15.2.0/../../../../arm-none-eabi/lib/armv6k/fpu\libg.a(libc_a-findfp.o)
                0x0010c5d8                __sfp_lock_acquire
 .text.__sfp_lock_release
                0x0010c5e4        0xc C:/devkitPro/devkitARM/bin/../lib/gcc/arm-none-eabi/15.2.0/../../../../arm-none-eabi/lib/armv6k/fpu\libg.a(libc_a-findfp.o)
                0x0010c5e4                __sfp_lock_release
 .text.__libc_init_array
                0x0010c5f0       0x84 C:/devkitPro/devkitARM/bin/../lib/gcc/arm-none-eabi/15.2.0/../../../../arm-none-eabi/lib/armv6k/fpu\libg.a(libc_a-init.o)
                0x0010c5f0                __libc_init_array
 .text.strncpy  0x0010c674       0xd4 C:/devkitPro/devkitARM/bin/../lib/gcc/arm-none-eabi/15.2.0/../../../../arm-none-eabi/lib/armv6k/fpu\libg.a(libc_a-strncpy.o)
                0x0010c674                strncpy
 .text.malloc   0x0010c748       0x40 C:/devkitPro/devkitARM/bin/../lib/gcc/arm-none-eabi/15.2.0/../../../../arm-none-eabi/lib/armv6k/fpu\libg.a(libc_a-malloc.o)
                0x0010c748                malloc
 .text.free     0x0010c788       0x20 C:/devkitPro/devkitARM/bin/../lib/gcc/arm-none-eabi/15.2.0/../../../../arm-none-eabi/lib/armv6k/fpu\libg.a(libc_a-malloc.o)
                0x0010c788                free
 .text._puts_r  0x0010c7a8       0xe0 C:/devkitPro/devkitARM/bin/../lib/gcc/arm-none-eabi/15.2.0/../../../../arm-none-eabi/lib/armv6k/fpu\libg.a(libc_a-puts.o)
                0x0010c7a8                _puts_r
 .text.puts     0x0010c888       0x20 C:/devkitPro/devkitARM/bin/../lib/gcc/arm-none-eabi/15.2.0/../../../../arm-none-eabi/lib/armv6k/fpu\libg.a(libc_a-puts.o)
                0x0010c888                puts
 .text.__sread  0x0010c8a8       0x44 C:/devkitPro/devkitARM/bin/../lib/gcc/arm-none-eabi/15.2.0/../../../../arm-none-eabi/lib/armv6k/fpu\libg.a(libc_a-stdio.o)
                0x0010c8a8                __sread
 .text.__swrite
                0x0010c8ec       0x68 C:/devkitPro/devkitARM/bin/../lib/gcc/arm-none-eabi/15.2.0/../../../../arm-none-eabi/lib/armv6k/fpu\libg.a(libc_a-stdio.o)
                0x0010c8ec                __swrite
 .text.__sseek  0x0010c954       0x40 C:/devkitPro/devkitARM/bin/../lib/gcc/arm-none-eabi/15.2.0/../../../../arm-none-eabi/lib/armv6k/fpu\libg.a(libc_a-stdio.o)
                0x0010c954                __sseek
 .text.__sclose
                0x0010c994        0x8 C:/devkitPro/devkitARM/bin/../lib/gcc/arm-none-eabi/15.2.0/../../../../arm-none-eabi/lib/armv6k/fpu\libg.a(libc_a-stdio.o)
                0x0010c994                __sclose
 .text.__malloc_lock
                0x0010c99c        0xc C:/devkitPro/devkitARM/bin/../lib/gcc/arm-none-eabi/15.2.0/../../../../arm-none-eabi/lib/armv6k/fpu\libg.a(libc_a-mlock.o)
                0x0010c99c                __malloc_lock
 .text.__malloc_unlock
                0x0010c9a8        0xc C:/devkitPro/devkitARM/bin/../lib/gcc/arm-none-eabi/15.2.0/../../../../arm-none-eabi/lib/armv6k/fpu\libg.a(libc_a-mlock.o)
                0x0010c9a8                __malloc_unlock
 .text._fclose_r
                0x0010c9b4      0x148 C:/devkitPro/devkitARM/bin/../lib/gcc/arm-none-eabi/15.2.0/../../../../arm-none-eabi/lib/armv6k/fpu\libg.a(libc_a-fclose.o)
                0x0010c9b4                _fclose_r
 .text.__call_exitprocs
                0x0010cafc        0x4 C:/devkitPro/devkitARM/bin/../lib/gcc/arm-none-eabi/15.2.0/../../../../arm-none-eabi/lib/armv6k/fpu\libg.a(libc_a-exit.o)
                0x0010cafc                __call_exitprocs
 .text.exit     0x0010cb00       0x30 C:/devkitPro/devkitARM/bin/../lib/gcc/arm-none-eabi/15.2.0/../../../../arm-none-eabi/lib/armv6k/fpu\libg.a(libc_a-exit.o)
                0x0010cb00                exit
 .text.__libc_fini_array
                0x0010cb30       0x3c C:/devkitPro/devkitARM/bin/../lib/gcc/arm-none-eabi/15.2.0/../../../../arm-none-eabi/lib/armv6k/fpu\libg.a(libc_a-fini.o)
                0x0010cb30                __libc_fini_array
 .text.strnlen  0x0010cb6c       0x3c C:/devkitPro/devkitARM/bin/../lib/gcc/arm-none-eabi/15.2.0/../../../../arm-none-eabi/lib/armv6k/fpu\libg.a(libc_a-strnlen.o)
                0x0010cb6c                strnlen
 .text.strncmp  0x0010cba8       0xd8 C:/devkitPro/devkitARM/bin/../lib/gcc/arm-none-eabi/15.2.0/../../../../arm-none-eabi/lib/armv6k/fpu\libg.a(libc_a-strncmp.o)
                0x0010cba8                strncmp
 .text._fwalk_sglue
                0x0010cc80       0x70 C:/devkitPro/devkitARM/bin/../lib/gcc/arm-none-eabi/15.2.0/../../../../arm-none-eabi/lib/armv6k/fpu\libg.a(libc_a-fwalk.o)
                0x0010cc80                _fwalk_sglue
 .text.get_arg  0x0010ccf0      0x5e0 C:/devkitPro/devkitARM/bin/../lib/gcc/arm-none-eabi/15.2.0/../../../../arm-none-eabi/lib/armv6k/fpu\libg.a(libc_a-vfprintf.o)
 .text._vfprintf_r
                0x0010d2d0     0x3554 C:/devkitPro/devkitARM/bin/../lib/gcc/arm-none-eabi/15.2.0/../../../../arm-none-eabi/lib/armv6k/fpu\libg.a(libc_a-vfprintf.o)
                0x0010d2d0                _vfprintf_r
 .text.__sbprintf
                0x00110824       0xb4 C:/devkitPro/devkitARM/bin/../lib/gcc/arm-none-eabi/15.2.0/../../../../arm-none-eabi/lib/armv6k/fpu\libg.a(libc_a-vfprintf.o)
 .text._wcrtomb_r
                0x001108d8       0xa0 C:/devkitPro/devkitARM/bin/../lib/gcc/arm-none-eabi/15.2.0/../../../../arm-none-eabi/lib/armv6k/fpu\libg.a(libc_a-wcrtomb.o)
                0x001108d8                _wcrtomb_r
 .text.__sfvwrite_r
                0x00110978      0x4a4 C:/devkitPro/devkitARM/bin/../lib/gcc/arm-none-eabi/15.2.0/../../../../arm-none-eabi/lib/armv6k/fpu\libg.a(libc_a-fvwrite.o)
                0x00110978                __sfvwrite_r
 .text.__smakebuf_r
                0x00110e1c      0x164 C:/devkitPro/devkitARM/bin/../lib/gcc/arm-none-eabi/15.2.0/../../../../arm-none-eabi/lib/armv6k/fpu\libg.a(libc_a-makebuf.o)
                0x00110e1c                __smakebuf_r
 .text.__swhatbuf_r
                0x00110f80       0x90 C:/devkitPro/devkitARM/bin/../lib/gcc/arm-none-eabi/15.2.0/../../../../arm-none-eabi/lib/armv6k/fpu\libg.a(libc_a-makebuf.o)
                0x00110f80                __swhatbuf_r
 .text.__locale_mb_cur_max
                0x00111010       0x24 C:/devkitPro/devkitARM/bin/../lib/gcc/arm-none-eabi/15.2.0/../../../../arm-none-eabi/lib/armv6k/fpu\libg.a(libc_a-locale.o)
                0x00111010                __locale_mb_cur_max
 .text.__sprint_r
                0x00111034       0x30 C:/devkitPro/devkitARM/bin/../lib/gcc/arm-none-eabi/15.2.0/../../../../arm-none-eabi/lib/armv6k/fpu\libg.a(libc_a-sprint_r.o)
                0x00111034                __sprint_r
 .text.quorem   0x00111064      0x1c0 C:/devkitPro/devkitARM/bin/../lib/gcc/arm-none-eabi/15.2.0/../../../../arm-none-eabi/lib/armv6k/fpu\libg.a(libc_a-dtoa.o)
 *fill*         0x00111224        0x4 
 .text._dtoa_r  0x00111228     0x1420 C:/devkitPro/devkitARM/bin/../lib/gcc/arm-none-eabi/15.2.0/../../../../arm-none-eabi/lib/armv6k/fpu\libg.a(libc_a-dtoa.o)
                0x00111228                _dtoa_r
 .text.memchr   0x00112648       0xe8 C:/devkitPro/devkitARM/bin/../lib/gcc/arm-none-eabi/15.2.0/../../../../arm-none-eabi/lib/armv6k/fpu\libg.a(libc_a-memchr-stub.o)
                0x00112648                memchr
 .text._wcsrtombs_r
                0x00112730       0x28 C:/devkitPro/devkitARM/bin/../lib/gcc/arm-none-eabi/15.2.0/../../../../arm-none-eabi/lib/armv6k/fpu\libg.a(libc_a-wcsrtombs.o)
                0x00112730                _wcsrtombs_r
 .text.__swsetup_r
                0x00112758      0x140 C:/devkitPro/devkitARM/bin/../lib/gcc/arm-none-eabi/15.2.0/../../../../arm-none-eabi/lib/armv6k/fpu\libg.a(libc_a-wsetup.o)
                0x00112758                __swsetup_r
 .text._localeconv_r
                0x00112898       0x24 C:/devkitPro/devkitARM/bin/../lib/gcc/arm-none-eabi/15.2.0/../../../../arm-none-eabi/lib/armv6k/fpu\libg.a(libc_a-localeconv.o)
                0x00112898                _localeconv_r
 .text.memmove  0x001128bc      0x1a8 C:/devkitPro/devkitARM/bin/../lib/gcc/arm-none-eabi/15.2.0/../../../../arm-none-eabi/lib/armv6k/fpu\libg.a(libc_a-memmove.o)
                0x001128bc                memmove
 .text._realloc_r
                0x00112a64      0x4f0 C:/devkitPro/devkitARM/bin/../lib/gcc/arm-none-eabi/15.2.0/../../../../arm-none-eabi/lib/armv6k/fpu\libg.a(libc_a-reallocr.o)
                0x00112a64                _realloc_r
 .text.__utf8_wctomb
                0x00112f54       0xf8 C:/devkitPro/devkitARM/bin/../lib/gcc/arm-none-eabi/15.2.0/../../../../arm-none-eabi/lib/armv6k/fpu\libg.a(libc_a-wctomb_r.o)
                0x00112f54                __utf8_wctomb
 .text._wcsnrtombs_l
                0x0011304c      0x15c C:/devkitPro/devkitARM/bin/../lib/gcc/arm-none-eabi/15.2.0/../../../../arm-none-eabi/lib/armv6k/fpu\libg.a(libc_a-wcsnrtombs.o)
                0x0011304c                _wcsnrtombs_l
 .text._wcsnrtombs_r
                0x001131a8       0x64 C:/devkitPro/devkitARM/bin/../lib/gcc/arm-none-eabi/15.2.0/../../../../arm-none-eabi/lib/armv6k/fpu\libg.a(libc_a-wcsnrtombs.o)
                0x001131a8                _wcsnrtombs_r
 *fill*         0x0011320c        0x4 
 .text.frexp    0x00113210       0x88 C:/devkitPro/devkitARM/bin/../lib/gcc/arm-none-eabi/15.2.0/../../../../arm-none-eabi/lib/armv6k/fpu\libg.a(libm_a-s_frexp.o)
                0x00113210                frexp
 .text.__assert_func
                0x00113298       0x5c C:/devkitPro/devkitARM/bin/../lib/gcc/arm-none-eabi/15.2.0/../../../../arm-none-eabi/lib/armv6k/fpu\libg.a(libc_a-assert.o)
                0x00113298                __assert_func
 .text._Balloc  0x001132f4       0x88 C:/devkitPro/devkitARM/bin/../lib/gcc/arm-none-eabi/15.2.0/../../../../arm-none-eabi/lib/armv6k/fpu\libg.a(libc_a-mprec.o)
                0x001132f4                _Balloc
 .text._Bfree   0x0011337c       0x1c C:/devkitPro/devkitARM/bin/../lib/gcc/arm-none-eabi/15.2.0/../../../../arm-none-eabi/lib/armv6k/fpu\libg.a(libc_a-mprec.o)
                0x0011337c                _Bfree
 .text.__multadd
                0x00113398       0xf4 C:/devkitPro/devkitARM/bin/../lib/gcc/arm-none-eabi/15.2.0/../../../../arm-none-eabi/lib/armv6k/fpu\libg.a(libc_a-mprec.o)
                0x00113398                __multadd
 .text.__hi0bits
                0x0011348c       0x80 C:/devkitPro/devkitARM/bin/../lib/gcc/arm-none-eabi/15.2.0/../../../../arm-none-eabi/lib/armv6k/fpu\libg.a(libc_a-mprec.o)
                0x0011348c                __hi0bits
 .text.__lo0bits
                0x0011350c       0xf0 C:/devkitPro/devkitARM/bin/../lib/gcc/arm-none-eabi/15.2.0/../../../../arm-none-eabi/lib/armv6k/fpu\libg.a(libc_a-mprec.o)
                0x0011350c                __lo0bits
 .text.__i2b    0x001135fc       0xa4 C:/devkitPro/devkitARM/bin/../lib/gcc/arm-none-eabi/15.2.0/../../../../arm-none-eabi/lib/armv6k/fpu\libg.a(libc_a-mprec.o)
                0x001135fc                __i2b
 .text.__multiply
                0x001136a0      0x230 C:/devkitPro/devkitARM/bin/../lib/gcc/arm-none-eabi/15.2.0/../../../../arm-none-eabi/lib/armv6k/fpu\libg.a(libc_a-mprec.o)
                0x001136a0                __multiply
 .text.__pow5mult
                0x001138d0      0x130 C:/devkitPro/devkitARM/bin/../lib/gcc/arm-none-eabi/15.2.0/../../../../arm-none-eabi/lib/armv6k/fpu\libg.a(libc_a-mprec.o)
                0x001138d0                __pow5mult
 .text.__lshift
                0x00113a00      0x138 C:/devkitPro/devkitARM/bin/../lib/gcc/arm-none-eabi/15.2.0/../../../../arm-none-eabi/lib/armv6k/fpu\libg.a(libc_a-mprec.o)
                0x00113a00                __lshift
 .text.__mcmp   0x00113b38       0x58 C:/devkitPro/devkitARM/bin/../lib/gcc/arm-none-eabi/15.2.0/../../../../arm-none-eabi/lib/armv6k/fpu\libg.a(libc_a-mprec.o)
                0x00113b38                __mcmp
 .text.__mdiff  0x00113b90      0x218 C:/devkitPro/devkitARM/bin/../lib/gcc/arm-none-eabi/15.2.0/../../../../arm-none-eabi/lib/armv6k/fpu\libg.a(libc_a-mprec.o)
                0x00113b90                __mdiff
 .text.__d2b    0x00113da8      0x120 C:/devkitPro/devkitARM/bin/../lib/gcc/arm-none-eabi/15.2.0/../../../../arm-none-eabi/lib/armv6k/fpu\libg.a(libc_a-mprec.o)
                0x00113da8                __d2b
 .text.__utf8_mbtowc
                0x00113ec8      0x340 C:/devkitPro/devkitARM/bin/../lib/gcc/arm-none-eabi/15.2.0/../../../../arm-none-eabi/lib/armv6k/fpu\libg.a(libc_a-mbtowc_r.o)
                0x00113ec8                __utf8_mbtowc
 .text.fiprintf
                0x00114208       0x3c C:/devkitPro/devkitARM/bin/../lib/gcc/arm-none-eabi/15.2.0/../../../../arm-none-eabi/lib/armv6k/fpu\libg.a(libc_a-fiprintf.o)
                0x00114208                fiprintf
 .text.strchr   0x00114244      0x140 C:/devkitPro/devkitARM/bin/../lib/gcc/arm-none-eabi/15.2.0/../../../../arm-none-eabi/lib/armv6k/fpu\libg.a(libc_a-strchr.o)
                0x00114244                strchr
 .text.abort    0x00114384       0x14 C:/devkitPro/devkitARM/bin/../lib/gcc/arm-none-eabi/15.2.0/../../../../arm-none-eabi/lib/armv6k/fpu\libg.a(libc_a-abort.o)
                0x00114384                abort
 .text._calloc_r
                0x00114398       0xd8 C:/devkitPro/devkitARM/bin/../lib/gcc/arm-none-eabi/15.2.0/../../../../arm-none-eabi/lib/armv6k/fpu\libg.a(libc_a-callocr.o)
                0x00114398                _calloc_r
 .text.get_arg  0x00114470      0x5e0 C:/devkitPro/devkitARM/bin/../lib/gcc/arm-none-eabi/15.2.0/../../../../arm-none-eabi/lib/armv6k/fpu\libg.a(libc_a-vfiprintf.o)
 .text._vfiprintf_r
                0x00114a50     0x22f8 C:/devkitPro/devkitARM/bin/../lib/gcc/arm-none-eabi/15.2.0/../../../../arm-none-eabi/lib/armv6k/fpu\libg.a(libc_a-vfiprintf.o)
                0x00114a50                _vfiprintf_r
 .text.__sbprintf
                0x00116d48       0xb4 C:/devkitPro/devkitARM/bin/../lib/gcc/arm-none-eabi/15.2.0/../../../../arm-none-eabi/lib/armv6k/fpu\libg.a(libc_a-vfiprintf.o)
 .text._raise_r
                0x00116dfc       0x9c C:/devkitPro/devkitARM/bin/../lib/gcc/arm-none-eabi/15.2.0/../../../../arm-none-eabi/lib/armv6k/fpu\libg.a(libc_a-signal.o)
                0x00116dfc                _raise_r
 .text.raise    0x00116e98       0x20 C:/devkitPro/devkitARM/bin/../lib/gcc/arm-none-eabi/15.2.0/../../../../arm-none-eabi/lib/armv6k/fpu\libg.a(libc_a-signal.o)
                0x00116e98                raise
 .text._exit    0x00116eb8       0x20 C:/devkitPro/devkitARM/bin/../lib/gcc/arm-none-eabi/15.2.0/../../../../arm-none-eabi/lib/armv6k/fpu\libsysbase.a(libsysbase_libsysbase_a-_exit.o)
                0x00116eb8                _exit
 .text.chdir    0x00116ed8      0x140 C:/devkitPro/devkitARM/bin/../lib/gcc/arm-none-eabi/15.2.0/../../../../arm-none-eabi/lib/armv6k/fpu\libsysbase.a(libsysbase_libsysbase_a-chdir.o)
                0x00116ed8                chdir
 .text._concatenate_path
                0x00117018      0x1c8 C:/devkitPro/devkitARM/bin/../lib/gcc/arm-none-eabi/15.2.0/../../../../arm-none-eabi/lib/armv6k/fpu\libsysbase.a(libsysbase_libsysbase_a-concatenate.o)
                0x00117018                _concatenate_path
 .text._fstat_r
                0x001171e0       0x9c C:/devkitPro/devkitARM/bin/../lib/gcc/arm-none-eabi/15.2.0/../../../../arm-none-eabi/lib/armv6k/fpu\libsysbase.a(libsysbase_libsysbase_a-fstat.o)
                0x001171e0                _fstat_r
 .text._getpid_r
                0x0011727c       0x14 C:/devkitPro/devkitARM/bin/../lib/gcc/arm-none-eabi/15.2.0/../../../../arm-none-eabi/lib/armv6k/fpu\libsysbase.a(libsysbase_libsysbase_a-getpid.o)
                0x0011727c                _getpid_r
 .text.__getreent
                0x00117290       0x2c C:/devkitPro/devkitARM/bin/../lib/gcc/arm-none-eabi/15.2.0/../../../../arm-none-eabi/lib/armv6k/fpu\libsysbase.a(libsysbase_libsysbase_a-getreent.o)
                0x00117290                __getreent
 .text.__get_handle
                0x001172bc       0x58 C:/devkitPro/devkitARM/bin/../lib/gcc/arm-none-eabi/15.2.0/../../../../arm-none-eabi/lib/armv6k/fpu\libsysbase.a(libsysbase_libsysbase_a-handle_manager.o)
                0x001172bc                __get_handle
 .text._close_r
                0x00117314      0x110 C:/devkitPro/devkitARM/bin/../lib/gcc/arm-none-eabi/15.2.0/../../../../arm-none-eabi/lib/armv6k/fpu\libsysbase.a(libsysbase_libsysbase_a-handle_manager.o)
                0x00117314                _close_r
 .text.null_write
                0x00117424        0x8 C:/devkitPro/devkitARM/bin/../lib/gcc/arm-none-eabi/15.2.0/../../../../arm-none-eabi/lib/armv6k/fpu\libsysbase.a(libsysbase_libsysbase_a-iosupport.o)
 .text.setDefaultDevice
                0x0011742c       0x18 C:/devkitPro/devkitARM/bin/../lib/gcc/arm-none-eabi/15.2.0/../../../../arm-none-eabi/lib/armv6k/fpu\libsysbase.a(libsysbase_libsysbase_a-iosupport.o)
                0x0011742c                setDefaultDevice
 .text.FindDevice
                0x00117444       0x98 C:/devkitPro/devkitARM/bin/../lib/gcc/arm-none-eabi/15.2.0/../../../../arm-none-eabi/lib/armv6k/fpu\libsysbase.a(libsysbase_libsysbase_a-iosupport.o)
                0x00117444                FindDevice
 .text.RemoveDevice
                0x001174dc       0x24 C:/devkitPro/devkitARM/bin/../lib/gcc/arm-none-eabi/15.2.0/../../../../arm-none-eabi/lib/armv6k/fpu\libsysbase.a(libsysbase_libsysbase_a-iosupport.o)
                0x001174dc                RemoveDevice
 .text.AddDevice
                0x00117500       0x88 C:/devkitPro/devkitARM/bin/../lib/gcc/arm-none-eabi/15.2.0/../../../../arm-none-eabi/lib/armv6k/fpu\libsysbase.a(libsysbase_libsysbase_a-iosupport.o)
                0x00117500                AddDevice
 .text.GetDeviceOpTab
                0x00117588       0x20 C:/devkitPro/devkitARM/bin/../lib/gcc/arm-none-eabi/15.2.0/../../../../arm-none-eabi/lib/armv6k/fpu\libsysbase.a(libsysbase_libsysbase_a-iosupport.o)
                0x00117588                GetDeviceOpTab
 .text._isatty_r
                0x001175a8        0x8 C:/devkitPro/devkitARM/bin/../lib/gcc/arm-none-eabi/15.2.0/../../../../arm-none-eabi/lib/armv6k/fpu\libsysbase.a(libsysbase_libsysbase_a-isatty.o)
                0x001175a8                _isatty_r
 .text._kill_r  0x001175b0       0x14 C:/devkitPro/devkitARM/bin/../lib/gcc/arm-none-eabi/15.2.0/../../../../arm-none-eabi/lib/armv6k/fpu\libsysbase.a(libsysbase_libsysbase_a-kill.o)
                0x001175b0                _kill_r
 .text._lseek_r
                0x001175c4       0x94 C:/devkitPro/devkitARM/bin/../lib/gcc/arm-none-eabi/15.2.0/../../../../arm-none-eabi/lib/armv6k/fpu\libsysbase.a(libsysbase_libsysbase_a-lseek.o)
                0x001175c4                _lseek_r
 .text.mkdir    0x00117658       0x68 C:/devkitPro/devkitARM/bin/../lib/gcc/arm-none-eabi/15.2.0/../../../../arm-none-eabi/lib/armv6k/fpu\libsysbase.a(libsysbase_libsysbase_a-mkdir.o)
                0x00117658                mkdir
 .text._read_r  0x001176c0       0x94 C:/devkitPro/devkitARM/bin/../lib/gcc/arm-none-eabi/15.2.0/../../../../arm-none-eabi/lib/armv6k/fpu\libsysbase.a(libsysbase_libsysbase_a-read.o)
                0x001176c0                _read_r
 .text._sbrk_r  0x00117754       0x78 C:/devkitPro/devkitARM/bin/../lib/gcc/arm-none-eabi/15.2.0/../../../../arm-none-eabi/lib/armv6k/fpu\libsysbase.a(libsysbase_libsysbase_a-sbrk.o)
                0x00117754                _sbrk_r
 .text.__libc_lock_acquire
                0x001177cc       0x1c C:/devkitPro/devkitARM/bin/../lib/gcc/arm-none-eabi/15.2.0/../../../../arm-none-eabi/lib/armv6k/fpu\libsysbase.a(libsysbase_libsysbase_a-syscall_support.o)
                0x001177cc                __libc_lock_acquire
 .text.__libc_lock_release
                0x001177e8       0x1c C:/devkitPro/devkitARM/bin/../lib/gcc/arm-none-eabi/15.2.0/../../../../arm-none-eabi/lib/armv6k/fpu\libsysbase.a(libsysbase_libsysbase_a-syscall_support.o)
                0x001177e8                __libc_lock_release
 .text.__libc_lock_acquire_recursive
                0x00117804       0x1c C:/devkitPro/devkitARM/bin/../lib/gcc/arm-none-eabi/15.2.0/../../../../arm-none-eabi/lib/armv6k/fpu\libsysbase.a(libsysbase_libsysbase_a-syscall_support.o)
                0x00117804                __libc_lock_acquire_recursive
 .text.__libc_lock_release_recursive
                0x00117820       0x1c C:/devkitPro/devkitARM/bin/../lib/gcc/arm-none-eabi/15.2.0/../../../../arm-none-eabi/lib/armv6k/fpu\libsysbase.a(libsysbase_libsysbase_a-syscall_support.o)
                0x00117820                __libc_lock_release_recursive
 .text._write_r
                0x0011783c       0x94 C:/devkitPro/devkitARM/bin/../lib/gcc/arm-none-eabi/15.2.0/../../../../arm-none-eabi/lib/armv6k/fpu\libsysbase.a(libsysbase_libsysbase_a-write.o)
                0x0011783c                _write_r
 .text.strrchr  0x001178d0       0x48 C:/devkitPro/devkitARM/bin/../lib/gcc/arm-none-eabi/15.2.0/../../../../arm-none-eabi/lib/armv6k/fpu\libg.a(libc_a-strrchr.o)
                0x001178d0                strrchr
 *(.glue_7)
 .glue_7        0x00117918        0x0 linker stubs
 *(.glue_7t)
 .glue_7t       0x00117918        0x0 linker stubs
 *(.stub)
 *(.gnu.warning)
 *(.gnu.linkonce.t*)
                0x00117918                        . = ALIGN (0x4)
 *(.fini)
 .fini          0x00117918        0xc C:/devkitPro/devkitARM/bin/../lib/gcc/arm-none-eabi/15.2.0/armv6k/fpu/crti.o
                0x00117918                _fini
 .fini          0x00117924        0xc C:/devkitPro/devkitARM/bin/../lib/gcc/arm-none-eabi/15.2.0/armv6k/fpu/crtn.o
                0x00117930                        . = ALIGN (0x4)

.vfp11_veneer   0x00117930        0x0
 .vfp11_veneer  0x00117930        0x0 linker stubs

.v4_bx          0x00117930        0x0
 .v4_bx         0x00117930        0x0 linker stubs

.iplt           0x00117930        0x0
 .iplt          0x00117930        0x0 C:/devkitPro/devkitARM/bin/../lib/gcc/arm-none-eabi/15.2.0/../../../../arm-none-eabi/lib/armv6k/fpu/3dsx_crt0.o
                0x00118000                        . = ALIGN (0x1000)

.rodata         0x00118000     0x15e8
 *(.rodata)
 .rodata        0x00118000        0xc C:/devkitPro/libctru/lib\libctru.a(archive_dev.o)
 *(.roda)
 *(.rodata.*)
 .rodata.str1.4
                0x0011800c      0x325 main.o
                                 0xe9 (size before relaxing)
 .rodata.consolePrintChar
                0x00118331        0x6 C:/devkitPro/libctru/lib\libctru.a(console.o)
 *fill*         0x00118337        0x1 
 .rodata.con_write
                0x00118338      0x23c C:/devkitPro/libctru/lib\libctru.a(console.o)
 .rodata.str1.4
                0x00118574        0x0 C:/devkitPro/libctru/lib\libctru.a(console.o)
                                 0x10 (size before relaxing)
 .rodata.dotab_stdout
                0x00118574       0x80 C:/devkitPro/libctru/lib\libctru.a(console.o)
 .rodata.grayScale
                0x001185f4       0x18 C:/devkitPro/libctru/lib\libctru.a(console.o)
 .rodata.colorCube
                0x0011860c        0x6 C:/devkitPro/libctru/lib\libctru.a(console.o)
 *fill*         0x00118612        0x2 
 .rodata.colorTable
                0x00118614       0x30 C:/devkitPro/libctru/lib\libctru.a(console.o)
 .rodata.aptEventHandler
                0x00118644        0xb C:/devkitPro/libctru/lib\libctru.a(apt.o)
 .rodata.aptWaitForWakeUp.isra.0
                0x0011864f       0x11 C:/devkitPro/libctru/lib\libctru.a(apt.o)
 .rodata.morton_y.2
                0x00118660        0x8 C:/devkitPro/libctru/lib\libctru.a(apt.o)
 .rodata.morton_x.3
                0x00118668        0x8 C:/devkitPro/libctru/lib\libctru.a(apt.o)
 .rodata.s_sleepWakeEvents.4
                0x00118670        0x8 C:/devkitPro/libctru/lib\libctru.a(apt.o)
 .rodata.str1.4
                0x00118678        0x0 C:/devkitPro/libctru/lib\libctru.a(apt.o)
                                 0x16 (size before relaxing)
 .rodata.serviceNameTable.5
                0x00118678        0xc C:/devkitPro/libctru/lib\libctru.a(apt.o)
 .rodata.gspInit.str1.4
                0x00118684        0x0 C:/devkitPro/libctru/lib\libctru.a(gspgpu.o)
                                  0x9 (size before relaxing)
 .rodata.hidInit.str1.4
                0x00118684        0x0 C:/devkitPro/libctru/lib\libctru.a(hid.o)
                                 0x15 (size before relaxing)
 .rodata.irrstInit.str1.4
                0x00118684        0x0 C:/devkitPro/libctru/lib\libctru.a(irrst.o)
                                  0x7 (size before relaxing)
 .rodata.__system_initArgv.str1.4
                0x00118684        0x0 C:/devkitPro/libctru/lib\libctru.a(initArgv.o)
                                  0xa (size before relaxing)
 .rodata.default_font_bin
                0x00118684      0x800 C:/devkitPro/libctru/lib\libctru.a(default_font.bin.o)
                0x00118684                default_font_bin
                0x00118e84                default_font_bin_end
 .rodata.srvInit.str1.4
                0x00118e84        0x0 C:/devkitPro/libctru/lib\libctru.a(srv.o)
                                  0x5 (size before relaxing)
 .rodata.ptmSysmInit.str1.4
                0x00118e84        0x0 C:/devkitPro/libctru/lib\libctru.a(ptmsysm.o)
                                  0x9 (size before relaxing)
 .rodata.archive_utf16path.str1.4
                0x00118e84        0x0 C:/devkitPro/libctru/lib\libctru.a(archive_dev.o)
                                  0x2 (size before relaxing)
 .rodata._archiveUnmountDeviceStruct.part.0.str1.4
                0x00118e84        0x0 C:/devkitPro/libctru/lib\libctru.a(archive_dev.o)
                                  0x2 (size before relaxing)
 .rodata._archiveMountDevice.str1.4
                0x00118e84        0x0 C:/devkitPro/libctru/lib\libctru.a(archive_dev.o)
                                  0xc (size before relaxing)
 .rodata.archiveMountSdmc.str1.4
                0x00118e84        0x0 C:/devkitPro/libctru/lib\libctru.a(archive_dev.o)
                                  0x5 (size before relaxing)
 .rodata.error_table
                0x00118e84       0x30 C:/devkitPro/libctru/lib\libctru.a(archive_dev.o)
 .rodata.str1.4
                0x00118eb4        0x0 C:/devkitPro/libctru/lib\libctru.a(archive_dev.o)
                                  0x8 (size before relaxing)
 .rodata.archive_devoptab
                0x00118eb4       0x80 C:/devkitPro/libctru/lib\libctru.a(archive_dev.o)
 .rodata.fsInit.str1.4
                0x00118f34        0x0 C:/devkitPro/libctru/lib\libctru.a(fs.o)
                                  0x8 (size before relaxing)
 .rodata._puts_r.str1.4
                0x00118f34        0x0 C:/devkitPro/devkitARM/bin/../lib/gcc/arm-none-eabi/15.2.0/../../../../arm-none-eabi/lib/armv6k/fpu\libg.a(libc_a-puts.o)
                                  0x2 (size before relaxing)
 .rodata._ctype_
                0x00118f34      0x101 C:/devkitPro/devkitARM/bin/../lib/gcc/arm-none-eabi/15.2.0/../../../../arm-none-eabi/lib/armv6k/fpu\libg.a(libc_a-ctype_.o)
                0x00118f34                _ctype_
 *fill*         0x00119035        0x1 
 .rodata.get_arg
                0x00119036       0x34 C:/devkitPro/devkitARM/bin/../lib/gcc/arm-none-eabi/15.2.0/../../../../arm-none-eabi/lib/armv6k/fpu\libg.a(libc_a-vfprintf.o)
 .rodata._vfprintf_r.str1.1
                0x0011906a       0x3b C:/devkitPro/devkitARM/bin/../lib/gcc/arm-none-eabi/15.2.0/../../../../arm-none-eabi/lib/armv6k/fpu\libg.a(libc_a-vfprintf.o)
 *fill*         0x001190a5        0x1 
 .rodata._vfprintf_r
                0x001190a6       0xb6 C:/devkitPro/devkitARM/bin/../lib/gcc/arm-none-eabi/15.2.0/../../../../arm-none-eabi/lib/armv6k/fpu\libg.a(libc_a-vfprintf.o)
 .rodata.zeroes.0
                0x0011915c       0x10 C:/devkitPro/devkitARM/bin/../lib/gcc/arm-none-eabi/15.2.0/../../../../arm-none-eabi/lib/armv6k/fpu\libg.a(libc_a-vfprintf.o)
 .rodata.blanks.1
                0x0011916c       0x10 C:/devkitPro/devkitARM/bin/../lib/gcc/arm-none-eabi/15.2.0/../../../../arm-none-eabi/lib/armv6k/fpu\libg.a(libc_a-vfprintf.o)
 .rodata.__action_table
                0x0011917c       0x6c C:/devkitPro/devkitARM/bin/../lib/gcc/arm-none-eabi/15.2.0/../../../../arm-none-eabi/lib/armv6k/fpu\libg.a(libc_a-svfiprintf.o)
                0x0011917c                __action_table
 .rodata.__state_table
                0x001191e8       0x6c C:/devkitPro/devkitARM/bin/../lib/gcc/arm-none-eabi/15.2.0/../../../../arm-none-eabi/lib/armv6k/fpu\libg.a(libc_a-svfiprintf.o)
                0x001191e8                __state_table
 .rodata.__chclass
                0x00119254      0x100 C:/devkitPro/devkitARM/bin/../lib/gcc/arm-none-eabi/15.2.0/../../../../arm-none-eabi/lib/armv6k/fpu\libg.a(libc_a-svfiprintf.o)
                0x00119254                __chclass
 .rodata.str1.4
                0x00119354        0x0 C:/devkitPro/devkitARM/bin/../lib/gcc/arm-none-eabi/15.2.0/../../../../arm-none-eabi/lib/armv6k/fpu\libg.a(libc_a-locale.o)
                                 0x4c (size before relaxing)
 .rodata._dtoa_r.str1.4
                0x00119354        0x0 C:/devkitPro/devkitARM/bin/../lib/gcc/arm-none-eabi/15.2.0/../../../../arm-none-eabi/lib/armv6k/fpu\libg.a(libc_a-dtoa.o)
                                 0x9c (size before relaxing)
 .rodata._dtoa_r
                0x00119354        0x8 C:/devkitPro/devkitARM/bin/../lib/gcc/arm-none-eabi/15.2.0/../../../../arm-none-eabi/lib/armv6k/fpu\libg.a(libc_a-dtoa.o)
 .rodata.__assert_func.str1.4
                0x0011935c        0x0 C:/devkitPro/devkitARM/bin/../lib/gcc/arm-none-eabi/15.2.0/../../../../arm-none-eabi/lib/armv6k/fpu\libg.a(libc_a-assert.o)
                                 0x43 (size before relaxing)
 .rodata.__multadd.str1.4
                0x0011935c        0x0 C:/devkitPro/devkitARM/bin/../lib/gcc/arm-none-eabi/15.2.0/../../../../arm-none-eabi/lib/armv6k/fpu\libg.a(libc_a-mprec.o)
                                 0x89 (size before relaxing)
 .rodata.p05.0  0x0011935c        0xc C:/devkitPro/devkitARM/bin/../lib/gcc/arm-none-eabi/15.2.0/../../../../arm-none-eabi/lib/armv6k/fpu\libg.a(libc_a-mprec.o)
 .rodata.__mprec_bigtens
                0x00119368       0x28 C:/devkitPro/devkitARM/bin/../lib/gcc/arm-none-eabi/15.2.0/../../../../arm-none-eabi/lib/armv6k/fpu\libg.a(libc_a-mprec.o)
                0x00119368                __mprec_bigtens
 .rodata.__mprec_tens
                0x00119390       0xc8 C:/devkitPro/devkitARM/bin/../lib/gcc/arm-none-eabi/15.2.0/../../../../arm-none-eabi/lib/armv6k/fpu\libg.a(libc_a-mprec.o)
                0x00119390                __mprec_tens
 .rodata.get_arg
                0x00119458       0x34 C:/devkitPro/devkitARM/bin/../lib/gcc/arm-none-eabi/15.2.0/../../../../arm-none-eabi/lib/armv6k/fpu\libg.a(libc_a-vfiprintf.o)
 .rodata._vfiprintf_r.str1.1
                0x0011948c        0x0 C:/devkitPro/devkitARM/bin/../lib/gcc/arm-none-eabi/15.2.0/../../../../arm-none-eabi/lib/armv6k/fpu\libg.a(libc_a-vfiprintf.o)
                                 0x29 (size before relaxing)
 .rodata._vfiprintf_r
                0x0011948c       0xb6 C:/devkitPro/devkitARM/bin/../lib/gcc/arm-none-eabi/15.2.0/../../../../arm-none-eabi/lib/armv6k/fpu\libg.a(libc_a-vfiprintf.o)
 *fill*         0x00119542        0x2 
 .rodata.zeroes.0
                0x00119544       0x10 C:/devkitPro/devkitARM/bin/../lib/gcc/arm-none-eabi/15.2.0/../../../../arm-none-eabi/lib/armv6k/fpu\libg.a(libc_a-vfiprintf.o)
 .rodata.blanks.1
                0x00119554       0x10 C:/devkitPro/devkitARM/bin/../lib/gcc/arm-none-eabi/15.2.0/../../../../arm-none-eabi/lib/armv6k/fpu\libg.a(libc_a-vfiprintf.o)
 .rodata.str1.4
                0x00119564        0x0 C:/devkitPro/devkitARM/bin/../lib/gcc/arm-none-eabi/15.2.0/../../../../arm-none-eabi/lib/armv6k/fpu\libsysbase.a(libsysbase_libsysbase_a-iosupport.o)
                                  0x8 (size before relaxing)
 .rodata.dotab_stdnull
                0x00119564       0x80 C:/devkitPro/devkitARM/bin/../lib/gcc/arm-none-eabi/15.2.0/../../../../arm-none-eabi/lib/armv6k/fpu\libsysbase.a(libsysbase_libsysbase_a-iosupport.o)
                0x00119564                dotab_stdnull
 *all.rodata*(*)
 *(.gnu.linkonce.r*)
                0x001195e4                        . = ALIGN (0x4)
                0x001195e4                        __tdata_align = .
                0x001195e4        0x4 LONG 0x4 ALIGNOF (.tdata)
                0x001195e8                        . = ALIGN (0x4)

.eh_frame       0x001195e8        0x0
 .eh_frame      0x001195e8        0x0 C:/devkitPro/devkitARM/bin/../lib/gcc/arm-none-eabi/15.2.0/armv6k/fpu/crtbegin.o

.rel.dyn        0x001195e8        0x0
 .rel.iplt      0x001195e8        0x0 C:/devkitPro/devkitARM/bin/../lib/gcc/arm-none-eabi/15.2.0/../../../../arm-none-eabi/lib/armv6k/fpu/3dsx_crt0.o
 .rel.got       0x001195e8        0x0 C:/devkitPro/devkitARM/bin/../lib/gcc/arm-none-eabi/15.2.0/../../../../arm-none-eabi/lib/armv6k/fpu/3dsx_crt0.o

.ARM.extab
 *(.ARM.extab* .gnu.linkonce.armextab.*)
                0x001195e8                        __exidx_start = .

.ARM.exidx
 *(.ARM.exidx* .gnu.linkonce.armexidx.*)
                0x001195e8                        __exidx_end = .
                0x0011a000                        . = ALIGN (0x1000)

.data           0x0011a000     0x1d8c
 *(.data)
 *(.data.*)
 .data.firstConsoleInit.0
                0x0011a000        0x1 C:/devkitPro/libctru/lib\libctru.a(console.o)
 *fill*         0x0011a001        0x3 
 .data.currentConsole
                0x0011a004        0x4 C:/devkitPro/libctru/lib\libctru.a(console.o)
                0x0011a004                currentConsole
 .data.defaultConsole
                0x0011a008       0x48 C:/devkitPro/libctru/lib\libctru.a(console.o)
                0x0011a008                defaultConsole
 .data.aptChainloadDeliverArgSize
                0x0011a050        0x4 C:/devkitPro/libctru/lib\libctru.a(apt.o)
 .data.kCount   0x0011a054        0x4 C:/devkitPro/libctru/lib\libctru.a(hid.o)
 .data.kInterval
                0x0011a058        0x4 C:/devkitPro/libctru/lib\libctru.a(hid.o)
 .data.kDelay   0x0011a05c        0x4 C:/devkitPro/libctru/lib\libctru.a(hid.o)
 .data.__stacksize__
                0x0011a060        0x4 C:/devkitPro/libctru/lib\libctru.a(stack_adjust.o)
                0x0011a060                __stacksize__
 .data._impure_ptr
                0x0011a064        0x4 C:/devkitPro/devkitARM/bin/../lib/gcc/arm-none-eabi/15.2.0/../../../../arm-none-eabi/lib/armv6k/fpu\libg.a(libc_a-impure.o)
                0x0011a064                _impure_ptr
 .data._impure_data
                0x0011a068      0x200 C:/devkitPro/devkitARM/bin/../lib/gcc/arm-none-eabi/15.2.0/../../../../arm-none-eabi/lib/armv6k/fpu\libg.a(libc_a-impure.o)
                0x0011a068                _impure_data
 .data.__malloc_sbrk_base
                0x0011a268        0x4 C:/devkitPro/devkitARM/bin/../lib/gcc/arm-none-eabi/15.2.0/../../../../arm-none-eabi/lib/armv6k/fpu\libg.a(libc_a-mallocr.o)
                0x0011a268                __malloc_sbrk_base
 .data.__malloc_trim_threshold
                0x0011a26c        0x4 C:/devkitPro/devkitARM/bin/../lib/gcc/arm-none-eabi/15.2.0/../../../../arm-none-eabi/lib/armv6k/fpu\libg.a(libc_a-mallocr.o)
                0x0011a26c                __malloc_trim_threshold
 .data.__malloc_av_
                0x0011a270      0x408 C:/devkitPro/devkitARM/bin/../lib/gcc/arm-none-eabi/15.2.0/../../../../arm-none-eabi/lib/armv6k/fpu\libg.a(libc_a-mallocr.o)
                0x0011a270                __malloc_av_
 .data.__sglue  0x0011a678        0xc C:/devkitPro/devkitARM/bin/../lib/gcc/arm-none-eabi/15.2.0/../../../../arm-none-eabi/lib/armv6k/fpu\libg.a(libc_a-findfp.o)
                0x0011a678                __sglue
 .data.__global_locale
                0x0011a684      0x254 C:/devkitPro/devkitARM/bin/../lib/gcc/arm-none-eabi/15.2.0/../../../../arm-none-eabi/lib/armv6k/fpu\libg.a(libc_a-locale.o)
                0x0011a684                __global_locale
 .data._current_working_directory
                0x0011a8d8      0x400 C:/devkitPro/devkitARM/bin/../lib/gcc/arm-none-eabi/15.2.0/../../../../arm-none-eabi/lib/armv6k/fpu\libsysbase.a(libsysbase_libsysbase_a-chdir.o)
 .data.handles  0x0011acd8     0x1000 C:/devkitPro/devkitARM/bin/../lib/gcc/arm-none-eabi/15.2.0/../../../../arm-none-eabi/lib/armv6k/fpu\libsysbase.a(libsysbase_libsysbase_a-handle_manager.o)
 .data.__stderr_handle
                0x0011bcd8        0xc C:/devkitPro/devkitARM/bin/../lib/gcc/arm-none-eabi/15.2.0/../../../../arm-none-eabi/lib/armv6k/fpu\libsysbase.a(libsysbase_libsysbase_a-handle_manager.o)
 .data.__stdout_handle
                0x0011bce4        0xc C:/devkitPro/devkitARM/bin/../lib/gcc/arm-none-eabi/15.2.0/../../../../arm-none-eabi/lib/armv6k/fpu\libsysbase.a(libsysbase_libsysbase_a-handle_manager.o)
 .data.__stdin_handle
                0x0011bcf0        0xc C:/devkitPro/devkitARM/bin/../lib/gcc/arm-none-eabi/15.2.0/../../../../arm-none-eabi/lib/armv6k/fpu\libsysbase.a(libsysbase_libsysbase_a-handle_manager.o)
 .data.devoptab_list
                0x0011bcfc       0x8c C:/devkitPro/devkitARM/bin/../lib/gcc/arm-none-eabi/15.2.0/../../../../arm-none-eabi/lib/armv6k/fpu\libsysbase.a(libsysbase_libsysbase_a-iosupport.o)
                0x0011bcfc                devoptab_list
 .data.defaultDevice
                0x0011bd88        0x4 C:/devkitPro/devkitARM/bin/../lib/gcc/arm-none-eabi/15.2.0/../../../../arm-none-eabi/lib/armv6k/fpu\libsysbase.a(libsysbase_libsysbase_a-iosupport.o)
 *(.gnu.linkonce.d*)
                0x0011bd8c                        . = ALIGN (0x4)

.igot.plt       0x0011bd8c        0x0
 .igot.plt      0x0011bd8c        0x0 C:/devkitPro/devkitARM/bin/../lib/gcc/arm-none-eabi/15.2.0/../../../../arm-none-eabi/lib/armv6k/fpu/3dsx_crt0.o

.got            0x0011bd8c        0x8
 .got           0x0011bd8c        0x8 C:/devkitPro/devkitARM/bin/../lib/gcc/arm-none-eabi/15.2.0/../../../../arm-none-eabi/lib/armv6k/fpu/3dsx_crt0.o

.got.plt        0x0011bd94        0xc
 .got.plt       0x0011bd94        0xc C:/devkitPro/devkitARM/bin/../lib/gcc/arm-none-eabi/15.2.0/../../../../arm-none-eabi/lib/armv6k/fpu/3dsx_crt0.o
                0x0011bd94                _GLOBAL_OFFSET_TABLE_

.tdata          0x0011bda0        0x0
                0x0011bda0                        __tdata_lma = .
 *(.tdata)
 *(.tdata.*)
 *(.gnu.linkonce.td.*)
                0x0011bda0                        . = ALIGN (0x4)
                0x0011bda0                        __tdata_lma_end = .

.tbss           0x0011bda0      0xc08
 *(.tbss)
 *(.tbss.*)
 .tbss.__ctru_dev_utf16_buf
                0x0011bda0      0x802 C:/devkitPro/libctru/lib\libctru.a(path_buf.o)
                0x0011bda0                __ctru_dev_utf16_buf
 *fill*         0x0011c5a2        0x2 
 .tbss.__ctru_dev_path_buf
                0x0011c5a4      0x401 C:/devkitPro/libctru/lib\libctru.a(path_buf.o)
                0x0011c5a4                __ctru_dev_path_buf
 *(.gnu.linkonce.tb.*)
 *(.tcommon)
                0x0011c9a8                        . = ALIGN (0x4)
 *fill*         0x0011c9a5        0x3 

.preinit_array  0x0011bda0        0x0
                0x0011bda0                        PROVIDE (__preinit_array_start = .)
 *(.preinit_array)
                0x0011bda0                        PROVIDE (__preinit_array_end = .)

.init_array     0x0011bda0        0x4
                0x0011bda0                        PROVIDE (__init_array_start = .)
 *(SORT_BY_NAME(.init_array.*))
 *(.init_array)
 .init_array    0x0011bda0        0x4 C:/devkitPro/devkitARM/bin/../lib/gcc/arm-none-eabi/15.2.0/armv6k/fpu/crtbegin.o
                0x0011bda4                        PROVIDE (__init_array_end = .)

.fini_array     0x0011bda4        0x4
                0x0011bda4                        PROVIDE (__fini_array_start = .)
 *(.fini_array)
 .fini_array    0x0011bda4        0x4 C:/devkitPro/devkitARM/bin/../lib/gcc/arm-none-eabi/15.2.0/armv6k/fpu/crtbegin.o
 *(SORT_BY_NAME(.fini_array.*))
                0x0011bda8                        PROVIDE (__fini_array_end = .)

.ctors
 *crtbegin.o(.ctors)
 *(EXCLUDE_FILE(*crtend.o) .ctors)
 *(SORT_BY_NAME(.ctors.*))
 *(.ctors)

.dtors
 *crtbegin.o(.dtors)
 *(EXCLUDE_FILE(*crtend.o) .dtors)
 *(SORT_BY_NAME(.dtors.*))
 *(.dtors)
                0x0011bda8                        __bss_start__ = .

.bss            0x0011bda8     0x2e28
 *(.dynbss)
 *(.bss)
 *(.bss.*)
 .bss.completed.1
                0x0011bda8        0x1 C:/devkitPro/devkitARM/bin/../lib/gcc/arm-none-eabi/15.2.0/armv6k/fpu/crtbegin.o
 *fill*         0x0011bda9        0x3 
 .bss.object.0  0x0011bdac       0x18 C:/devkitPro/devkitARM/bin/../lib/gcc/arm-none-eabi/15.2.0/armv6k/fpu/crtbegin.o
 .bss.escapeSeq
                0x0011bdc4       0x64 C:/devkitPro/libctru/lib\libctru.a(console.o)
 .bss.currentCopy
                0x0011be28       0x48 C:/devkitPro/libctru/lib\libctru.a(console.o)
                0x0011be28                currentCopy
 .bss.screenAlloc
                0x0011be70        0x4 C:/devkitPro/libctru/lib\libctru.a(gfx.o)
 .bss.screenFree
                0x0011be74        0x4 C:/devkitPro/libctru/lib\libctru.a(gfx.o)
 .bss.gfxIsDoubleBuf
                0x0011be78        0x2 C:/devkitPro/libctru/lib\libctru.a(gfx.o)
 *fill*         0x0011be7a        0x2 
 .bss.gfxCurBuf
                0x0011be7c        0x2 C:/devkitPro/libctru/lib\libctru.a(gfx.o)
 .bss.gfxIsVram
                0x0011be7e        0x1 C:/devkitPro/libctru/lib\libctru.a(gfx.o)
 .bss.gfxTopMode
                0x0011be7f        0x1 C:/devkitPro/libctru/lib\libctru.a(gfx.o)
 .bss.gfxFramebufferFormats
                0x0011be80        0x2 C:/devkitPro/libctru/lib\libctru.a(gfx.o)
 *fill*         0x0011be82        0x2 
 .bss.gfxBottomFramebufferMaxSize
                0x0011be84        0x4 C:/devkitPro/libctru/lib\libctru.a(gfx.o)
 .bss.gfxTopFramebufferMaxSize
                0x0011be88        0x4 C:/devkitPro/libctru/lib\libctru.a(gfx.o)
 *fill*         0x0011be8c        0x4 
 .bss.gfxBottomFramebuffers
                0x0011be90        0x8 C:/devkitPro/libctru/lib\libctru.a(gfx.o)
 .bss.gfxTopFramebuffers
                0x0011be98        0x8 C:/devkitPro/libctru/lib\libctru.a(gfx.o)
 .bss.flagValue.0
                0x0011bea0        0x1 C:/devkitPro/libctru/lib\libctru.a(apt.o)
 .bss.flagInit.1
                0x0011bea1        0x1 C:/devkitPro/libctru/lib\libctru.a(apt.o)
 *fill*         0x0011bea2        0x2 
 .bss.serviceName.6
                0x0011bea4        0x4 C:/devkitPro/libctru/lib\libctru.a(apt.o)
 .bss.aptChainloadFlags
                0x0011bea8        0x1 C:/devkitPro/libctru/lib\libctru.a(apt.o)
 .bss.aptChainloadMediatype
                0x0011bea9        0x1 C:/devkitPro/libctru/lib\libctru.a(apt.o)
 *fill*         0x0011beaa        0x2 
 .bss.aptChainloadHmac
                0x0011beac       0x20 C:/devkitPro/libctru/lib\libctru.a(apt.o)
 .bss.aptChainloadDeliverArg
                0x0011becc      0x300 C:/devkitPro/libctru/lib\libctru.a(apt.o)
 *fill*         0x0011c1cc        0x4 
 .bss.aptChainloadTid
                0x0011c1d0        0x8 C:/devkitPro/libctru/lib\libctru.a(apt.o)
 .bss.aptParameters
                0x0011c1d8     0x1000 C:/devkitPro/libctru/lib\libctru.a(apt.o)
 .bss.aptFlags  0x0011d1d8        0x4 C:/devkitPro/libctru/lib\libctru.a(apt.o)
 .bss.aptHomeButtonState
                0x0011d1dc        0x1 C:/devkitPro/libctru/lib\libctru.a(apt.o)
 *fill*         0x0011d1dd        0x3 
 .bss.aptMessageFuncData
                0x0011d1e0        0x4 C:/devkitPro/libctru/lib\libctru.a(apt.o)
 .bss.aptMessageFunc
                0x0011d1e4        0x4 C:/devkitPro/libctru/lib\libctru.a(apt.o)
 .bss.aptFirstHook
                0x0011d1e8        0xc C:/devkitPro/libctru/lib\libctru.a(apt.o)
 .bss.aptEventHandlerThreadQuit
                0x0011d1f4        0x1 C:/devkitPro/libctru/lib\libctru.a(apt.o)
 *fill*         0x0011d1f5        0x3 
 .bss.aptEventHandlerThread
                0x0011d1f8        0x4 C:/devkitPro/libctru/lib\libctru.a(apt.o)
 .bss.aptSleepEvent
                0x0011d1fc        0x8 C:/devkitPro/libctru/lib\libctru.a(apt.o)
 .bss.aptReceiveEvent
                0x0011d204        0x8 C:/devkitPro/libctru/lib\libctru.a(apt.o)
 .bss.aptEvents
                0x0011d20c        0x8 C:/devkitPro/libctru/lib\libctru.a(apt.o)
 .bss.aptLockHandle
                0x0011d214        0x4 C:/devkitPro/libctru/lib\libctru.a(apt.o)
 .bss.aptRefCount
                0x0011d218        0x4 C:/devkitPro/libctru/lib\libctru.a(apt.o)
 .bss.gspEventCbOneShot
                0x0011d21c        0x7 C:/devkitPro/libctru/lib\libctru.a(gspgpu.o)
 *fill*         0x0011d223        0x1 
 .bss.gspEventCbData
                0x0011d224       0x1c C:/devkitPro/libctru/lib\libctru.a(gspgpu.o)
 .bss.gspEventCb
                0x0011d240       0x1c C:/devkitPro/libctru/lib\libctru.a(gspgpu.o)
 .bss.gspEvents
                0x0011d25c       0x38 C:/devkitPro/libctru/lib\libctru.a(gspgpu.o)
 .bss.gspLastEvent
                0x0011d294        0x4 C:/devkitPro/libctru/lib\libctru.a(gspgpu.o)
 .bss.gspRunEvents
                0x0011d298        0x1 C:/devkitPro/libctru/lib\libctru.a(gspgpu.o)
 *fill*         0x0011d299        0x3 
 .bss.gspEventThread
                0x0011d29c        0x4 C:/devkitPro/libctru/lib\libctru.a(gspgpu.o)
 .bss.gspEvent  0x0011d2a0        0x4 C:/devkitPro/libctru/lib\libctru.a(gspgpu.o)
 .bss.gspGpuRight
                0x0011d2a4        0x1 C:/devkitPro/libctru/lib\libctru.a(gspgpu.o)
 .bss.gspThreadId
                0x0011d2a5        0x1 C:/devkitPro/libctru/lib\libctru.a(gspgpu.o)
 *fill*         0x0011d2a6        0x2 
 .bss.gspSharedMem
                0x0011d2a8        0x4 C:/devkitPro/libctru/lib\libctru.a(gspgpu.o)
 .bss.gspSharedMemHandle
                0x0011d2ac        0x4 C:/devkitPro/libctru/lib\libctru.a(gspgpu.o)
 .bss.gspRefCount
                0x0011d2b0        0x4 C:/devkitPro/libctru/lib\libctru.a(gspgpu.o)
 .bss.gspGpuHandle
                0x0011d2b4        0x4 C:/devkitPro/libctru/lib\libctru.a(gspgpu.o)
 .bss.usingIrrst
                0x0011d2b8        0x1 C:/devkitPro/libctru/lib\libctru.a(hid.o)
 *fill*         0x0011d2b9        0x3 
 .bss.hidRefCount
                0x0011d2bc        0x4 C:/devkitPro/libctru/lib\libctru.a(hid.o)
 .bss.gRate     0x0011d2c0        0x6 C:/devkitPro/libctru/lib\libctru.a(hid.o)
 *fill*         0x0011d2c6        0x2 
 .bss.aVec      0x0011d2c8        0x6 C:/devkitPro/libctru/lib\libctru.a(hid.o)
 *fill*         0x0011d2ce        0x2 
 .bss.cPos      0x0011d2d0        0x4 C:/devkitPro/libctru/lib\libctru.a(hid.o)
 .bss.tPos      0x0011d2d4        0x4 C:/devkitPro/libctru/lib\libctru.a(hid.o)
 .bss.kRepeat   0x0011d2d8        0x4 C:/devkitPro/libctru/lib\libctru.a(hid.o)
 .bss.kUp       0x0011d2dc        0x4 C:/devkitPro/libctru/lib\libctru.a(hid.o)
 .bss.kDown     0x0011d2e0        0x4 C:/devkitPro/libctru/lib\libctru.a(hid.o)
 .bss.kHeld     0x0011d2e4        0x4 C:/devkitPro/libctru/lib\libctru.a(hid.o)
 .bss.kOld      0x0011d2e8        0x4 C:/devkitPro/libctru/lib\libctru.a(hid.o)
 .bss.hidSharedMem
                0x0011d2ec        0x4 C:/devkitPro/libctru/lib\libctru.a(hid.o)
                0x0011d2ec                hidSharedMem
 .bss.hidEvents
                0x0011d2f0       0x14 C:/devkitPro/libctru/lib\libctru.a(hid.o)
                0x0011d2f0                hidEvents
 .bss.hidMemHandle
                0x0011d304        0x4 C:/devkitPro/libctru/lib\libctru.a(hid.o)
                0x0011d304                hidMemHandle
 .bss.hidHandle
                0x0011d308        0x4 C:/devkitPro/libctru/lib\libctru.a(hid.o)
                0x0011d308                hidHandle
 .bss.irrstRefCount
                0x0011d30c        0x4 C:/devkitPro/libctru/lib\libctru.a(irrst.o)
 .bss.csPos     0x0011d310        0x4 C:/devkitPro/libctru/lib\libctru.a(irrst.o)
 .bss.kHeld     0x0011d314        0x4 C:/devkitPro/libctru/lib\libctru.a(irrst.o)
 .bss.irrstSharedMem
                0x0011d318        0x4 C:/devkitPro/libctru/lib\libctru.a(irrst.o)
                0x0011d318                irrstSharedMem
 .bss.irrstEvent
                0x0011d31c        0x4 C:/devkitPro/libctru/lib\libctru.a(irrst.o)
                0x0011d31c                irrstEvent
 .bss.irrstMemHandle
                0x0011d320        0x4 C:/devkitPro/libctru/lib\libctru.a(irrst.o)
                0x0011d320                irrstMemHandle
 .bss.irrstHandle
                0x0011d324        0x4 C:/devkitPro/libctru/lib\libctru.a(irrst.o)
                0x0011d324                irrstHandle
 .bss.__system_retAddr
                0x0011d328        0x4 C:/devkitPro/libctru/lib\libctru.a(ctru_init.o)
                0x0011d328                __system_retAddr
 .bss.__system_argv
                0x0011d32c        0x4 C:/devkitPro/libctru/lib\libctru.a(initArgv.o)
                0x0011d32c                __system_argv
 .bss.__system_argc
                0x0011d330        0x4 C:/devkitPro/libctru/lib\libctru.a(initArgv.o)
                0x0011d330                __system_argc
 .bss.saved_stack.42
                0x0011d334        0x8 C:/devkitPro/libctru/lib\libctru.a(stack_adjust.o)
 *fill*         0x0011d33c        0x4 
 .bss._ZL11sLinearPool
                0x0011d340        0x8 C:/devkitPro/libctru/lib\libctru.a(linear.o)
 .bss._ZL8sAddrMap
                0x0011d348        0xc C:/devkitPro/libctru/lib\libctru.a(linear.o)
 *fill*         0x0011d354        0x4 
 .bss._ZL10sVramPoolB
                0x0011d358        0x8 C:/devkitPro/libctru/lib\libctru.a(vram.o)
 .bss._ZL10sVramPoolA
                0x0011d360        0x8 C:/devkitPro/libctru/lib\libctru.a(vram.o)
 .bss._ZL8sAddrMap
                0x0011d368        0xc C:/devkitPro/libctru/lib\libctru.a(vram.o)
 .bss.__3dslink_host
                0x0011d374        0x4 C:/devkitPro/libctru/lib\libctru.a(3dslink.o)
                0x0011d374                __3dslink_host
 .bss.__ctru_speedup
                0x0011d378        0x1 C:/devkitPro/libctru/lib\libctru.a(os.o)
                0x0011d378                __ctru_speedup
 *fill*         0x0011d379        0x3 
 .bss.srvRefCount
                0x0011d37c        0x4 C:/devkitPro/libctru/lib\libctru.a(srv.o)
 .bss.srvHandle
                0x0011d380        0x4 C:/devkitPro/libctru/lib\libctru.a(srv.o)
 .bss.arbiter   0x0011d384        0x4 C:/devkitPro/libctru/lib\libctru.a(synchronization.o)
 .bss.currentAddr
                0x0011d388        0x4 C:/devkitPro/libctru/lib\libctru.a(mappable.o)
 .bss.maxAddr   0x0011d38c        0x4 C:/devkitPro/libctru/lib\libctru.a(mappable.o)
 .bss.minAddr   0x0011d390        0x4 C:/devkitPro/libctru/lib\libctru.a(mappable.o)
 .bss.ptmSysmRefCount
                0x0011d394        0x4 C:/devkitPro/libctru/lib\libctru.a(ptmsysm.o)
 .bss.ptmSysmHandle
                0x0011d398        0x4 C:/devkitPro/libctru/lib\libctru.a(ptmsysm.o)
 .bss.srvPmHandle
                0x0011d39c        0x4 C:/devkitPro/libctru/lib\libctru.a(srvpm.o)
 .bss.__ctru_linear_heap_size
                0x0011d3a0        0x4 C:/devkitPro/libctru/lib\libctru.a(allocateHeaps.o)
                0x0011d3a0                __ctru_linear_heap_size
 .bss.__ctru_heap_size
                0x0011d3a4        0x4 C:/devkitPro/libctru/lib\libctru.a(allocateHeaps.o)
                0x0011d3a4                __ctru_heap_size
 .bss.__ctru_linear_heap
                0x0011d3a8        0x4 C:/devkitPro/libctru/lib\libctru.a(allocateHeaps.o)
                0x0011d3a8                __ctru_linear_heap
 .bss.__ctru_heap
                0x0011d3ac        0x4 C:/devkitPro/libctru/lib\libctru.a(allocateHeaps.o)
                0x0011d3ac                __ctru_heap
 .bss.archive_devices
                0x0011d3b0      0x5c0 C:/devkitPro/libctru/lib\libctru.a(archive_dev.o)
 .bss.archive_device_cwd
                0x0011d970        0x4 C:/devkitPro/libctru/lib\libctru.a(archive_dev.o)
 .bss.archive_initialized
                0x0011d974        0x1 C:/devkitPro/libctru/lib\libctru.a(archive_dev.o)
 *fill*         0x0011d975        0x3 
 .bss.fsExemptArchives